Archive member included to satisfy reference by file (symbol)

C:\Users\Marcus\.platformio\packages\framework-arduinoasrmicro650x\cores\asr650x\projects\CubeCellLib.a(timeServer.o)
                              .pio\build\cubecell_board\src\main.cpp.o (TimerInit)
C:\Users\Marcus\.platformio\packages\framework-arduinoasrmicro650x\cores\asr650x\projects\CubeCellLib.a(lorawan_port.o)
                              C:\Users\Marcus\.platformio\packages\framework-arduinoasrmicro650x\cores\asr650x\projects\CubeCellLib.a(timeServer.o) (aos_lrwan_time_itf)
C:\Users\Marcus\.platformio\packages\framework-arduinoasrmicro650x\cores\asr650x\projects\CubeCellLib.a(asr_timer.o)
                              C:\Users\Marcus\.platformio\packages\framework-arduinoasrmicro650x\cores\asr650x\projects\CubeCellLib.a(lorawan_port.o) (Asr_Timer_RegisterAlarmCallback)
C:\Users\Marcus\.platformio\packages\framework-arduinoasrmicro650x\cores\asr650x\projects\CubeCellLib.a(ASR_Arduino.o)
                              .pio\build\cubecell_board\src\main.cpp.o (getID)
C:\Users\Marcus\.platformio\packages\framework-arduinoasrmicro650x\cores\asr650x\projects\CubeCellLib.a(cyfitter_cfg.o)
                              C:\Users\Marcus\.platformio\packages\framework-arduinoasrmicro650x\cores\asr650x\projects\CubeCellLib.a(ASR_Arduino.o) (systime)
.pio\build\cubecell_board\liba3c\libLoRa.a(LoRaWan_APP.cpp.o)
                              .pio\build\cubecell_board\src\main.cpp.o (getBatteryVoltage)
.pio\build\cubecell_board\libFrameworkArduino.a(HardwareSerial.cpp.o)
                              .pio\build\cubecell_board\src\main.cpp.o (HardwareSerial::begin(unsigned long, unsigned long, signed char, bool, unsigned long))
.pio\build\cubecell_board\libFrameworkArduino.a(asr_board.c.o)
                              .pio\build\cubecell_board\src\main.cpp.o (boardInitMcu)
.pio\build\cubecell_board\libFrameworkArduino.a(gpio.c.o)
                              .pio\build\cubecell_board\libFrameworkArduino.a(asr_board.c.o) (GpioInit)
.pio\build\cubecell_board\libFrameworkArduino.a(spi-board.c.o)
                              .pio\build\cubecell_board\libFrameworkArduino.a(asr_board.c.o) (SpiInit)
.pio\build\cubecell_board\libFrameworkArduino.a(ADC_SAR_Seq.c.o)
                              C:\Users\Marcus\.platformio\packages\framework-arduinoasrmicro650x\cores\asr650x\projects\CubeCellLib.a(ASR_Arduino.o) (ADC_SAR_Seq_Start)
.pio\build\cubecell_board\libFrameworkArduino.a(ADC_SAR_Seq_INT.c.o)
                              .pio\build\cubecell_board\libFrameworkArduino.a(ADC_SAR_Seq.c.o) (ADC_SAR_Seq_ISR)
.pio\build\cubecell_board\libFrameworkArduino.a(PWM1.c.o)
                              C:\Users\Marcus\.platformio\packages\framework-arduinoasrmicro650x\cores\asr650x\projects\CubeCellLib.a(ASR_Arduino.o) (PWM1_Stop)
.pio\build\cubecell_board\libFrameworkArduino.a(PWM2.c.o)
                              C:\Users\Marcus\.platformio\packages\framework-arduinoasrmicro650x\cores\asr650x\projects\CubeCellLib.a(ASR_Arduino.o) (PWM2_Stop)
.pio\build\cubecell_board\libFrameworkArduino.a(Print.cpp.o)
                              .pio\build\cubecell_board\src\main.cpp.o (Print::printf(char const*, ...))
.pio\build\cubecell_board\libFrameworkArduino.a(Stream.cpp.o)
                              .pio\build\cubecell_board\libFrameworkArduino.a(HardwareSerial.cpp.o) (Stream::readBytes(char*, unsigned int))
.pio\build\cubecell_board\libFrameworkArduino.a(WString.cpp.o)
                              .pio\build\cubecell_board\libFrameworkArduino.a(Stream.cpp.o) (String::String(char const*))
.pio\build\cubecell_board\libFrameworkArduino.a(irq.c.o)
                              C:\Users\Marcus\.platformio\packages\framework-arduinoasrmicro650x\cores\asr650x\projects\CubeCellLib.a(ASR_Arduino.o) (global_irq_StartEx)
.pio\build\cubecell_board\libFrameworkArduino.a(stdlib_noniso.c.o)
                              .pio\build\cubecell_board\libFrameworkArduino.a(WString.cpp.o) (ltoa)
.pio\build\cubecell_board\libFrameworkArduino.a(radio.c.o)
                              .pio\build\cubecell_board\libFrameworkArduino.a(asr_board.c.o) (SX126x)
.pio\build\cubecell_board\libFrameworkArduino.a(sx126x.c.o)
                              .pio\build\cubecell_board\libFrameworkArduino.a(radio.c.o) (SX126xGetOperatingMode)
.pio\build\cubecell_board\libFrameworkArduino.a(LoRaMac.c.o)
                              .pio\build\cubecell_board\liba3c\libLoRa.a(LoRaWan_APP.cpp.o) (LoRaMacInitialization)
.pio\build\cubecell_board\libFrameworkArduino.a(LoRaMacClassB.c.o)
                              .pio\build\cubecell_board\libFrameworkArduino.a(LoRaMac.c.o) (LoRaMacClassBInit)
.pio\build\cubecell_board\libFrameworkArduino.a(LoRaMacConfirmQueue.c.o)
                              .pio\build\cubecell_board\libFrameworkArduino.a(LoRaMac.c.o) (LoRaMacConfirmQueueInit)
.pio\build\cubecell_board\libFrameworkArduino.a(LoRaMacCrypto.c.o)
[...]
Memory Configuration

Name             Origin             Length             Attributes
rom              0x0000000000000000 0x0000000000020000 xr
ram              0x0000000020000000 0x0000000000004000 xrw
*default*        0x0000000000000000 0xffffffffffffffff

Linker script and memory map

LOAD c:/users/marcus/.platformio/packages/toolchain-gccarmnoneeabi/bin/../lib/gcc/arm-none-eabi/9.2.1/thumb/v6-m/nofp/crti.o
LOAD c:/users/marcus/.platformio/packages/toolchain-gccarmnoneeabi/bin/../lib/gcc/arm-none-eabi/9.2.1/thumb/v6-m/nofp/crtbegin.o
LOAD c:/users/marcus/.platformio/packages/toolchain-gccarmnoneeabi/bin/../lib/gcc/arm-none-eabi/9.2.1/../../../../arm-none-eabi/lib/thumb/v6-m/nofp/crt0.o
LOAD .pio\build\cubecell_board\src\AT85ADC.cpp.o
LOAD .pio\build\cubecell_board\src\CayenneLPP.cpp.o
LOAD .pio\build\cubecell_board\src\OneWire.cpp.o
LOAD .pio\build\cubecell_board\src\main.cpp.o
START GROUP
LOAD C:\Users\Marcus\.platformio\packages\framework-arduinoasrmicro650x\cores\asr650x\projects\CubeCellLib.a
LOAD .pio\build\cubecell_board\lib37c\libOneWire.a
LOAD .pio\build\cubecell_board\lib443\libRGB.a
LOAD .pio\build\cubecell_board\lib793\libOLED.a
LOAD .pio\build\cubecell_board\liba3c\libLoRa.a
LOAD .pio\build\cubecell_board\libFrameworkArduinoVariant.a
LOAD .pio\build\cubecell_board\libFrameworkArduino.a
LOAD c:/users/marcus/.platformio/packages/toolchain-gccarmnoneeabi/bin/../lib/gcc/arm-none-eabi/9.2.1/../../../../arm-none-eabi/lib/thumb/v6-m/nofp\libstdc++_nano.a
END GROUP
LOAD c:/users/marcus/.platformio/packages/toolchain-gccarmnoneeabi/bin/../lib/gcc/arm-none-eabi/9.2.1/../../../../arm-none-eabi/lib/thumb/v6-m/nofp\libstdc++_nano.a
LOAD c:/users/marcus/.platformio/packages/toolchain-gccarmnoneeabi/bin/../lib/gcc/arm-none-eabi/9.2.1/../../../../arm-none-eabi/lib/thumb/v6-m/nofp\libm.a
START GROUP
LOAD c:/users/marcus/.platformio/packages/toolchain-gccarmnoneeabi/bin/../lib/gcc/arm-none-eabi/9.2.1/thumb/v6-m/nofp\libgcc.a
LOAD c:/users/marcus/.platformio/packages/toolchain-gccarmnoneeabi/bin/../lib/gcc/arm-none-eabi/9.2.1/../../../../arm-none-eabi/lib/thumb/v6-m/nofp\libc_nano.a
END GROUP
START GROUP
LOAD c:/users/marcus/.platformio/packages/toolchain-gccarmnoneeabi/bin/../lib/gcc/arm-none-eabi/9.2.1/thumb/v6-m/nofp\libgcc.a
LOAD c:/users/marcus/.platformio/packages/toolchain-gccarmnoneeabi/bin/../lib/gcc/arm-none-eabi/9.2.1/../../../../arm-none-eabi/lib/thumb/v6-m/nofp\libc_nano.a
END GROUP
LOAD c:/users/marcus/.platformio/packages/toolchain-gccarmnoneeabi/bin/../lib/gcc/arm-none-eabi/9.2.1/thumb/v6-m/nofp/crtend.o
LOAD c:/users/marcus/.platformio/packages/toolchain-gccarmnoneeabi/bin/../lib/gcc/arm-none-eabi/9.2.1/thumb/v6-m/nofp/crtn.o
START GROUP
LOAD c:/users/marcus/.platformio/packages/toolchain-gccarmnoneeabi/bin/../lib/gcc/arm-none-eabi/9.2.1/thumb/v6-m/nofp\libgcc.a
LOAD c:/users/marcus/.platformio/packages/toolchain-gccarmnoneeabi/bin/../lib/gcc/arm-none-eabi/9.2.1/../../../../arm-none-eabi/lib/thumb/v6-m/nofp\libc.a
LOAD c:/users/marcus/.platformio/packages/toolchain-gccarmnoneeabi/bin/../lib/gcc/arm-none-eabi/9.2.1/../../../../arm-none-eabi/lib/thumb/v6-m/nofp\libnosys.a
END GROUP
                0x0000000000000000                CY_APPL_ORIGIN = 0x0
                0x0000000000000100                CY_FLASH_ROW_SIZE = 0x100
                0x0000000000000001                CY_APPL_NUM = 0x1
                0x0000000000000001                CY_APPL_MAX = 0x1
                0x0000000000000040                CY_METADATA_SIZE = 0x40
                0x0000000000000001                CY_APPL_LOADABLE = 0x1
                0x0000000000000000                CY_CHECKSUM_EXCLUDE_SIZE = ALIGN (0x0, CY_FLASH_ROW_SIZE)
                0x0000000000000000                CY_APP_FOR_STACK_AND_COPIER = 0x0
                [!provide]                        PROVIDE (__cy_heap_start = _end)
                0x0000000000000001                PROVIDE (__cy_region_num = ((__cy_regions_end - __cy_regions) / 0x10))
                0x0000000020004000                PROVIDE (__cy_stack = (ORIGIN (ram) + LENGTH (ram)))
                [!provide]                        PROVIDE (__cy_heap_end = (__cy_stack - 0x800))

.cybootloader   0x0000000000000000     0x2200
 *(.cybootloader)
 .cybootloader  0x0000000000000000     0x2200 .pio\build\cubecell_board\libFrameworkArduino.a(cybootloader.c.o)
                0x0000000000000000                cy_bootloader
                0x0000000000002200                appl1_start = CY_APPL_ORIGIN?CY_APPL_ORIGIN:ALIGN (CY_FLASH_ROW_SIZE)
                0x0000000000011000                appl2_start = (appl1_start + ALIGN ((((LENGTH (rom) - appl1_start) - (0x2 * CY_FLASH_ROW_SIZE)) / 0x2), CY_FLASH_ROW_SIZE))
                0x0000000000002200                appl_start = (CY_APPL_NUM == 0x1)?appl1_start:appl2_start
                0x0000000000000000                cy_project_type_bootloader = (appl_start == 0x0)?0x1:0x0
                0x0000000000000000                cy_project_type_app_for_stack_and_copier = (CY_APP_FOR_STACK_AND_COPIER == 0x1)?0x1:0x0

.text           0x0000000000002200     0x8488
 CREATE_OBJECT_SYMBOLS
                0x0000000000002200                PROVIDE (__cy_interrupt_vector = RomVectors)
 *(.romvectors)
 .romvectors    0x0000000000002200       0x10 .pio\build\cubecell_board\libFrameworkArduino.a(Cm0plusStart.c.o)
                0x0000000000002200                RomVectors
                0x0000000000000001                ASSERT ((. != __cy_interrupt_vector), No interrupt vector)
                0x0000000000000001                ASSERT (CY_APPL_ORIGIN?(SIZEOF (.cybootloader) <= CY_APPL_ORIGIN):0x1, Wrong image location)
                0x0000000000002210                PROVIDE (__cy_reset = Reset)
 *(.text.Reset)
 .text.Reset    0x0000000000002210       0x18 .pio\build\cubecell_board\libFrameworkArduino.a(Cm0plusStart.c.o)
                0x0000000000002210                Reset
                0x0000000000000001                ASSERT ((. != __cy_reset), No reset code)
 *(.psocinit)
 .psocinit      0x0000000000002228      0x1b4 C:\Users\Marcus\.platformio\packages\framework-arduinoasrmicro650x\cores\asr650x\projects\CubeCellLib.a(cyfitter_cfg.o)
                0x0000000000002228                cyfitter_cfg
                0x00000000000023dc                . = MAX (., 0x100)
 *(.text .text.* .gnu.linkonce.t.*)
 .text.__do_global_dtors_aux
                0x00000000000023dc       0x28 c:/users/marcus/.platformio/packages/toolchain-gccarmnoneeabi/bin/../lib/gcc/arm-none-eabi/9.2.1/thumb/v6-m/nofp/crtbegin.o
 .text.frame_dummy
                0x0000000000002404       0x20 c:/users/marcus/.platformio/packages/toolchain-gccarmnoneeabi/bin/../lib/gcc/arm-none-eabi/9.2.1/thumb/v6-m/nofp/crtbegin.o
 .text._ZN7AT85ADCC2Eh
                0x0000000000002424        0xc .pio\build\cubecell_board\src\AT85ADC.cpp.o
                0x0000000000002424                AT85ADC::AT85ADC(unsigned char)
                0x0000000000002424                AT85ADC::AT85ADC(unsigned char)
 .text._ZN7AT85ADC6searchEv
                0x0000000000002430       0x46 .pio\build\cubecell_board\src\AT85ADC.cpp.o
                0x0000000000002430                AT85ADC::search()
 .text._ZN7AT85ADC17performConversionEhhm
                0x0000000000002476       0x76 .pio\build\cubecell_board\src\AT85ADC.cpp.o
                0x0000000000002476                AT85ADC::performConversion(unsigned char, unsigned char, unsigned long)
 .text._ZN7AT85ADC10performAdcEh
                0x00000000000024ec       0x10 .pio\build\cubecell_board\src\AT85ADC.cpp.o
                0x00000000000024ec                AT85ADC::performAdc(unsigned char)
 .text._ZN7AT85ADC11performFreqEv
                0x00000000000024fc       0x10 .pio\build\cubecell_board\src\AT85ADC.cpp.o
                0x00000000000024fc                AT85ADC::performFreq()
 .text._ZN10CayenneLPPC2Eh
                0x000000000000250c       0x16 .pio\build\cubecell_board\src\CayenneLPP.cpp.o
                0x000000000000250c                CayenneLPP::CayenneLPP(unsigned char)
                0x000000000000250c                CayenneLPP::CayenneLPP(unsigned char)
 .text._ZN10CayenneLPPD2Ev
                0x0000000000002522        0xe .pio\build\cubecell_board\src\CayenneLPP.cpp.o
                0x0000000000002522                CayenneLPP::~CayenneLPP()
                0x0000000000002522                CayenneLPP::~CayenneLPP()
 .text._ZN10CayenneLPP5resetEv
                0x0000000000002530        0x6 .pio\build\cubecell_board\src\CayenneLPP.cpp.o
                0x0000000000002530                CayenneLPP::reset()
 .text._ZN10CayenneLPP7getSizeEv
                0x0000000000002536        0x4 .pio\build\cubecell_board\src\CayenneLPP.cpp.o
                0x0000000000002536                CayenneLPP::getSize()
 .text._ZN10CayenneLPP9getBufferEv
                0x000000000000253a        0x4 .pio\build\cubecell_board\src\CayenneLPP.cpp.o
                0x000000000000253a                CayenneLPP::getBuffer()
 *fill*         0x000000000000253e        0x2 
 .text._ZN10CayenneLPP14addAnalogInputEhf
                0x0000000000002540       0x54 .pio\build\cubecell_board\src\CayenneLPP.cpp.o
                0x0000000000002540                CayenneLPP::addAnalogInput(unsigned char, float)
 .text._ZN10CayenneLPP11addPresenceEhh
                0x0000000000002594       0x32 .pio\build\cubecell_board\src\CayenneLPP.cpp.o
                0x0000000000002594                CayenneLPP::addPresence(unsigned char, unsigned char)
 *fill*         0x00000000000025c6        0x2 
 .text._ZN7OneWire5resetEv
                0x00000000000025c8       0xa4 .pio\build\cubecell_board\src\OneWire.cpp.o
                0x00000000000025c8                OneWire::reset()
 .text._ZN7OneWire9write_bitEh
                0x000000000000266c       0x74 .pio\build\cubecell_board\src\OneWire.cpp.o
                0x000000000000266c                OneWire::write_bit(unsigned char)
 .text._ZN7OneWire8read_bitEv
                0x00000000000026e0       0x64 .pio\build\cubecell_board\src\OneWire.cpp.o
                0x00000000000026e0                OneWire::read_bit()
 .text._ZN7OneWire5writeEhh
                0x0000000000002744       0x70 .pio\build\cubecell_board\src\OneWire.cpp.o
                0x0000000000002744                OneWire::write(unsigned char, unsigned char)
 .text._ZN7OneWire4readEv
                0x00000000000027b4       0x24 .pio\build\cubecell_board\src\OneWire.cpp.o
                0x00000000000027b4                OneWire::read()
 .text._ZN7OneWire6selectEPKh
                0x00000000000027d8       0x24 .pio\build\cubecell_board\src\OneWire.cpp.o
                0x00000000000027d8                OneWire::select(unsigned char const*)
 .text._ZN7OneWire7depowerEv
                0x00000000000027fc       0x2c .pio\build\cubecell_board\src\OneWire.cpp.o
                0x00000000000027fc                OneWire::depower()
 .text._ZN7OneWire12reset_searchEv
                0x0000000000002828        0xc .pio\build\cubecell_board\src\OneWire.cpp.o
                0x0000000000002828                OneWire::reset_search()
 .text._ZN7OneWire5beginEh
                0x0000000000002834       0x1c .pio\build\cubecell_board\src\OneWire.cpp.o
                0x0000000000002834                OneWire::begin(unsigned char)
 .text._ZN7OneWire6searchEPhb
                0x0000000000002850       0xe6 .pio\build\cubecell_board\src\OneWire.cpp.o
                0x0000000000002850                OneWire::search(unsigned char*, bool)
 *fill*         0x0000000000002936        0x2 
 .text._ZN7OneWire4crc8EPKhh
                0x0000000000002938       0x2c .pio\build\cubecell_board\src\OneWire.cpp.o
                0x0000000000002938                OneWire::crc8(unsigned char const*, unsigned char)
 .text._Z8onWakeUpv
                0x0000000000002964        0xc .pio\build\cubecell_board\src\main.cpp.o
                0x0000000000002964                onWakeUp()
 .text._Z8OnRxDonePhtsa
                0x0000000000002970       0x20 .pio\build\cubecell_board\src\main.cpp.o
                0x0000000000002970                OnRxDone(unsigned char*, unsigned short, short, signed char)
 .text._Z5setupv
                0x0000000000002990       0xbc .pio\build\cubecell_board\src\main.cpp.o
                0x0000000000002990                setup()
 .text._Z14SendTestPacketv
                0x0000000000002a4c       0xe8 .pio\build\cubecell_board\src\main.cpp.o
                0x0000000000002a4c                SendTestPacket()
 .text._Z7onSleepv
                0x0000000000002b34       0x20 .pio\build\cubecell_board\src\main.cpp.o
                0x0000000000002b34                onSleep()
 .text._Z4loopv
                0x0000000000002b54       0x40 .pio\build\cubecell_board\src\main.cpp.o
                0x0000000000002b54                loop()
 .text._Z12onRadioSleepv
                0x0000000000002b94       0x14 .pio\build\cubecell_board\src\main.cpp.o
                0x0000000000002b94                onRadioSleep()
 .text._Z8OnTxDonev
                0x0000000000002ba8       0x18 .pio\build\cubecell_board\src\main.cpp.o
                0x0000000000002ba8                OnTxDone()
 .text._Z11OnTxTimeoutv
                0x0000000000002bc0       0x18 .pio\build\cubecell_board\src\main.cpp.o
                0x0000000000002bc0                OnTxTimeout()
 .text.startup._GLOBAL__sub_I__bandwidth
                0x0000000000002bd8       0x14 .pio\build\cubecell_board\src\main.cpp.o
 .text.TimeStampsUpdate
                0x0000000000002bec       0x38 C:\Users\Marcus\.platformio\packages\framework-arduinoasrmicro650x\cores\asr650x\projects\CubeCellLib.a(timeServer.o)
 .text.TimerSetTimeout
                0x0000000000002c24       0x10 C:\Users\Marcus\.platformio\packages\framework-arduinoasrmicro650x\cores\asr650x\projects\CubeCellLib.a(timeServer.o)
 .text.TimerInsertNewHeadTimer
                0x0000000000002c34       0x1c C:\Users\Marcus\.platformio\packages\framework-arduinoasrmicro650x\cores\asr650x\projects\CubeCellLib.a(timeServer.o)
 .text.TimerInit
                0x0000000000002c50        0xe C:\Users\Marcus\.platformio\packages\framework-arduinoasrmicro650x\cores\asr650x\projects\CubeCellLib.a(timeServer.o)
                0x0000000000002c50                TimerInit
 *fill*         0x0000000000002c5e        0x2 
 .text.TimerStart
                0x0000000000002c60       0x88 C:\Users\Marcus\.platformio\packages\framework-arduinoasrmicro650x\cores\asr650x\projects\CubeCellLib.a(timeServer.o)
                0x0000000000002c60                TimerStart
 .text.TimerIrqHandler
                0x0000000000002ce8       0x70 C:\Users\Marcus\.platformio\packages\framework-arduinoasrmicro650x\cores\asr650x\projects\CubeCellLib.a(timeServer.o)
                0x0000000000002ce8                TimerIrqHandler
 .text.TimerStop
                0x0000000000002d58       0x68 C:\Users\Marcus\.platformio\packages\framework-arduinoasrmicro650x\cores\asr650x\projects\CubeCellLib.a(timeServer.o)
                0x0000000000002d58                TimerStop
 .text.TimerSetValue
                0x0000000000002dc0       0x1c C:\Users\Marcus\.platformio\packages\framework-arduinoasrmicro650x\cores\asr650x\projects\CubeCellLib.a(timeServer.o)
                0x0000000000002dc0                TimerSetValue
 .text.TimerGetCurrentTime
                0x0000000000002ddc       0x10 C:\Users\Marcus\.platformio\packages\framework-arduinoasrmicro650x\cores\asr650x\projects\CubeCellLib.a(timeServer.o)
                0x0000000000002ddc                TimerGetCurrentTime
 .text.TimerGetElapsedTime
                0x0000000000002dec       0x10 C:\Users\Marcus\.platformio\packages\framework-arduinoasrmicro650x\cores\asr650x\projects\CubeCellLib.a(timeServer.o)
                0x0000000000002dec                TimerGetElapsedTime
 .text.get_timer_context
                0x0000000000002dfc        0xc C:\Users\Marcus\.platformio\packages\framework-arduinoasrmicro650x\cores\asr650x\projects\CubeCellLib.a(lorawan_port.o)
 .text.set_timer_val
                0x0000000000002e08        0xc C:\Users\Marcus\.platformio\packages\framework-arduinoasrmicro650x\cores\asr650x\projects\CubeCellLib.a(lorawan_port.o)
 .text.radio_rw_dis
                0x0000000000002e14        0x2 C:\Users\Marcus\.platformio\packages\framework-arduinoasrmicro650x\cores\asr650x\projects\CubeCellLib.a(lorawan_port.o)
 .text.radio_rw
                0x0000000000002e16        0x4 C:\Users\Marcus\.platformio\packages\framework-arduinoasrmicro650x\cores\asr650x\projects\CubeCellLib.a(lorawan_port.o)
 *fill*         0x0000000000002e1a        0x2 
 .text.RTC_Update_ASR
                0x0000000000002e1c       0x28 C:\Users\Marcus\.platformio\packages\framework-arduinoasrmicro650x\cores\asr650x\projects\CubeCellLib.a(lorawan_port.o)
                0x0000000000002e1c                RTC_Update_ASR
 .text.get_current_time
                0x0000000000002e44       0x54 C:\Users\Marcus\.platformio\packages\framework-arduinoasrmicro650x\cores\asr650x\projects\CubeCellLib.a(lorawan_port.o)
                0x0000000000002e44                get_current_time
 .text.get_sys_time
                0x0000000000002e98       0x28 C:\Users\Marcus\.platformio\packages\framework-arduinoasrmicro650x\cores\asr650x\projects\CubeCellLib.a(lorawan_port.o)
                0x0000000000002e98                get_sys_time
 .text.set_sys_time
                0x0000000000002ec0       0x44 C:\Users\Marcus\.platformio\packages\framework-arduinoasrmicro650x\cores\asr650x\projects\CubeCellLib.a(lorawan_port.o)
                0x0000000000002ec0                set_sys_time
 .text.compute_elapsed_time
                0x0000000000002f04       0x10 C:\Users\Marcus\.platformio\packages\framework-arduinoasrmicro650x\cores\asr650x\projects\CubeCellLib.a(lorawan_port.o)
 .text.get_timer_elapsed_time
                0x0000000000002f14       0x14 C:\Users\Marcus\.platformio\packages\framework-arduinoasrmicro650x\cores\asr650x\projects\CubeCellLib.a(lorawan_port.o)
 .text.set_timer_context
                0x0000000000002f28       0x14 C:\Users\Marcus\.platformio\packages\framework-arduinoasrmicro650x\cores\asr650x\projects\CubeCellLib.a(lorawan_port.o)
 .text.enter_sleep_mode
                0x0000000000002f3c        0x8 C:\Users\Marcus\.platformio\packages\framework-arduinoasrmicro650x\cores\asr650x\projects\CubeCellLib.a(lorawan_port.o)
 .text.set_alarm
                0x0000000000002f44       0x20 C:\Users\Marcus\.platformio\packages\framework-arduinoasrmicro650x\cores\asr650x\projects\CubeCellLib.a(lorawan_port.o)
 .text.set_timeout
                0x0000000000002f64       0x2e C:\Users\Marcus\.platformio\packages\framework-arduinoasrmicro650x\cores\asr650x\projects\CubeCellLib.a(lorawan_port.o)
 .text.AlarmBackHandler
                0x0000000000002f92        0x8 C:\Users\Marcus\.platformio\packages\framework-arduinoasrmicro650x\cores\asr650x\projects\CubeCellLib.a(lorawan_port.o)
 .text.stop_alarm
                0x0000000000002f9a        0x8 C:\Users\Marcus\.platformio\packages\framework-arduinoasrmicro650x\cores\asr650x\projects\CubeCellLib.a(lorawan_port.o)
 .text.delay_ms
                0x0000000000002fa2        0x8 C:\Users\Marcus\.platformio\packages\framework-arduinoasrmicro650x\cores\asr650x\projects\CubeCellLib.a(lorawan_port.o)
 .text.get_mft_baud
                0x0000000000002faa        0x8 C:\Users\Marcus\.platformio\packages\framework-arduinoasrmicro650x\cores\asr650x\projects\CubeCellLib.a(lorawan_port.o)
 .text.set_mft_baud
                0x0000000000002fb2        0x8 C:\Users\Marcus\.platformio\packages\framework-arduinoasrmicro650x\cores\asr650x\projects\CubeCellLib.a(lorawan_port.o)
 .text.get_mft_sn
                0x0000000000002fba        0x8 C:\Users\Marcus\.platformio\packages\framework-arduinoasrmicro650x\cores\asr650x\projects\CubeCellLib.a(lorawan_port.o)
 .text.get_mft_rev
                0x0000000000002fc2        0x8 C:\Users\Marcus\.platformio\packages\framework-arduinoasrmicro650x\cores\asr650x\projects\CubeCellLib.a(lorawan_port.o)
 .text.get_mft_model
                0x0000000000002fca        0x8 C:\Users\Marcus\.platformio\packages\framework-arduinoasrmicro650x\cores\asr650x\projects\CubeCellLib.a(lorawan_port.o)
 .text.get_mft_id
                0x0000000000002fd2        0x8 C:\Users\Marcus\.platformio\packages\framework-arduinoasrmicro650x\cores\asr650x\projects\CubeCellLib.a(lorawan_port.o)
 .text.radio_rw_en
                0x0000000000002fda        0x2 C:\Users\Marcus\.platformio\packages\framework-arduinoasrmicro650x\cores\asr650x\projects\CubeCellLib.a(lorawan_port.o)
 .text.exit_stop_mode
                0x0000000000002fdc        0x2 C:\Users\Marcus\.platformio\packages\framework-arduinoasrmicro650x\cores\asr650x\projects\CubeCellLib.a(lorawan_port.o)
 .text.set_uc_wakeup_time
                0x0000000000002fde        0x2 C:\Users\Marcus\.platformio\packages\framework-arduinoasrmicro650x\cores\asr650x\projects\CubeCellLib.a(lorawan_port.o)
 .text.radio_reset
                0x0000000000002fe0        0x2 C:\Users\Marcus\.platformio\packages\framework-arduinoasrmicro650x\cores\asr650x\projects\CubeCellLib.a(lorawan_port.o)
 .text.radio_reset_cfg_input
                0x0000000000002fe2        0x2 C:\Users\Marcus\.platformio\packages\framework-arduinoasrmicro650x\cores\asr650x\projects\CubeCellLib.a(lorawan_port.o)
 .text.BackupGpioDriveMode
                0x0000000000002fe4      0x114 C:\Users\Marcus\.platformio\packages\framework-arduinoasrmicro650x\cores\asr650x\projects\CubeCellLib.a(lorawan_port.o)
                0x0000000000002fe4                BackupGpioDriveMode
 .text.RestoreGpioDriveMode
                0x00000000000030f8      0x118 C:\Users\Marcus\.platformio\packages\framework-arduinoasrmicro650x\cores\asr650x\projects\CubeCellLib.a(lorawan_port.o)
                0x00000000000030f8                RestoreGpioDriveMode
 .text.SetPinHIZ
                0x0000000000003210       0x2e C:\Users\Marcus\.platformio\packages\framework-arduinoasrmicro650x\cores\asr650x\projects\CubeCellLib.a(lorawan_port.o)
                0x0000000000003210                SetPinHIZ
 .text.UartDeepsleep
                0x000000000000323e       0x28 C:\Users\Marcus\.platformio\packages\framework-arduinoasrmicro650x\cores\asr650x\projects\CubeCellLib.a(lorawan_port.o)
                0x000000000000323e                UartDeepsleep
 *fill*         0x0000000000003266        0x2 
 .text.enter_stop_mode
                0x0000000000003268       0x3c C:\Users\Marcus\.platformio\packages\framework-arduinoasrmicro650x\cores\asr650x\projects\CubeCellLib.a(lorawan_port.o)
 .text.RtcInit  0x00000000000032a4       0x3c C:\Users\Marcus\.platformio\packages\framework-arduinoasrmicro650x\cores\asr650x\projects\CubeCellLib.a(lorawan_port.o)
                0x00000000000032a4                RtcInit
 .text.Asr_Timer_RegisterAlarmCallback
                0x00000000000032e0       0x10 C:\Users\Marcus\.platformio\packages\framework-arduinoasrmicro650x\cores\asr650x\projects\CubeCellLib.a(asr_timer.o)
                0x00000000000032e0                Asr_Timer_RegisterAlarmCallback
 .text.Asr_SetTimeout
                0x00000000000032f0       0xc4 C:\Users\Marcus\.platformio\packages\framework-arduinoasrmicro650x\cores\asr650x\projects\CubeCellLib.a(asr_timer.o)
                0x00000000000032f0                Asr_SetTimeout
 .text.Asr_Timer_Init
                0x00000000000033b4       0x68 C:\Users\Marcus\.platformio\packages\framework-arduinoasrmicro650x\cores\asr650x\projects\CubeCellLib.a(asr_timer.o)
                0x00000000000033b4                Asr_Timer_Init
 .text.Asr_Timer_Disable
                0x000000000000341c       0x18 C:\Users\Marcus\.platformio\packages\framework-arduinoasrmicro650x\cores\asr650x\projects\CubeCellLib.a(asr_timer.o)
                0x000000000000341c                Asr_Timer_Disable
 .text.Timer0IsrCallback
                0x0000000000003434       0x1c C:\Users\Marcus\.platformio\packages\framework-arduinoasrmicro650x\cores\asr650x\projects\CubeCellLib.a(asr_timer.o)
                0x0000000000003434                Timer0IsrCallback
 .text.Timer1IsrCallback
                0x0000000000003450       0x28 C:\Users\Marcus\.platformio\packages\framework-arduinoasrmicro650x\cores\asr650x\projects\CubeCellLib.a(asr_timer.o)
                0x0000000000003450                Timer1IsrCallback
 .text.globalGpioIsrEntry
                0x0000000000003478       0x58 C:\Users\Marcus\.platformio\packages\framework-arduinoasrmicro650x\cores\asr650x\projects\CubeCellLib.a(ASR_Arduino.o)
                0x0000000000003478                globalGpioIsrEntry
 .text.getID    0x00000000000034d0       0x18 C:\Users\Marcus\.platformio\packages\framework-arduinoasrmicro650x\cores\asr650x\projects\CubeCellLib.a(ASR_Arduino.o)
                0x00000000000034d0                getID
 .text.license_check
                0x00000000000034e8      0x268 C:\Users\Marcus\.platformio\packages\framework-arduinoasrmicro650x\cores\asr650x\projects\CubeCellLib.a(ASR_Arduino.o)
                0x00000000000034e8                license_check
 .text.pinMode  0x0000000000003750       0x6c C:\Users\Marcus\.platformio\packages\framework-arduinoasrmicro650x\cores\asr650x\projects\CubeCellLib.a(ASR_Arduino.o)
                0x0000000000003750                pinMode
 .text.digitalWrite
                0x00000000000037bc       0x68 C:\Users\Marcus\.platformio\packages\framework-arduinoasrmicro650x\cores\asr650x\projects\CubeCellLib.a(ASR_Arduino.o)
                0x00000000000037bc                digitalWrite
 .text.digitalRead
                0x0000000000003824       0x20 C:\Users\Marcus\.platformio\packages\framework-arduinoasrmicro650x\cores\asr650x\projects\CubeCellLib.a(ASR_Arduino.o)
                0x0000000000003824                digitalRead
 .text.ClearPinInterrupt
                0x0000000000003844       0x1c C:\Users\Marcus\.platformio\packages\framework-arduinoasrmicro650x\cores\asr650x\projects\CubeCellLib.a(ASR_Arduino.o)
                0x0000000000003844                ClearPinInterrupt
 .text.attachInterrupt
                0x0000000000003860       0x7c C:\Users\Marcus\.platformio\packages\framework-arduinoasrmicro650x\cores\asr650x\projects\CubeCellLib.a(ASR_Arduino.o)
                0x0000000000003860                attachInterrupt
 .text.detachInterrupt
                0x00000000000038dc       0x6c C:\Users\Marcus\.platformio\packages\framework-arduinoasrmicro650x\cores\asr650x\projects\CubeCellLib.a(ASR_Arduino.o)
                0x00000000000038dc                detachInterrupt
 .text.analogRead
                0x0000000000003948       0x70 C:\Users\Marcus\.platformio\packages\framework-arduinoasrmicro650x\cores\asr650x\projects\CubeCellLib.a(ASR_Arduino.o)
                0x0000000000003948                analogRead
 .text.delay    0x00000000000039b8        0x8 C:\Users\Marcus\.platformio\packages\framework-arduinoasrmicro650x\cores\asr650x\projects\CubeCellLib.a(ASR_Arduino.o)
                0x00000000000039b8                delay
 .text.delayMicroseconds
                0x00000000000039c0        0x8 C:\Users\Marcus\.platformio\packages\framework-arduinoasrmicro650x\cores\asr650x\projects\CubeCellLib.a(ASR_Arduino.o)
                0x00000000000039c0                delayMicroseconds
 .text.millis   0x00000000000039c8        0xc C:\Users\Marcus\.platformio\packages\framework-arduinoasrmicro650x\cores\asr650x\projects\CubeCellLib.a(ASR_Arduino.o)
                0x00000000000039c8                millis
 .text.SPI_BUSY_SetDriveMode
                0x00000000000039d4        0x2 C:\Users\Marcus\.platformio\packages\framework-arduinoasrmicro650x\cores\asr650x\projects\CubeCellLib.a(ASR_Arduino.o)
                0x00000000000039d4                SPI_BUSY_SetDriveMode
 .text.SPI_NRESET_SetDriveMode
                0x00000000000039d6        0x2 C:\Users\Marcus\.platformio\packages\framework-arduinoasrmicro650x\cores\asr650x\projects\CubeCellLib.a(ASR_Arduino.o)
                0x00000000000039d6                SPI_NRESET_SetDriveMode
 .text.antpow_SetDriveMode
                0x00000000000039d8        0x2 C:\Users\Marcus\.platformio\packages\framework-arduinoasrmicro650x\cores\asr650x\projects\CubeCellLib.a(ASR_Arduino.o)
                0x00000000000039d8                antpow_SetDriveMode
 .text.SPI_1_miso_m_SetDriveMode
                0x00000000000039da        0x2 C:\Users\Marcus\.platformio\packages\framework-arduinoasrmicro650x\cores\asr650x\projects\CubeCellLib.a(ASR_Arduino.o)
                0x00000000000039da                SPI_1_miso_m_SetDriveMode
 .text.SPI_1_mosi_m_SetDriveMode
                0x00000000000039dc        0x2 C:\Users\Marcus\.platformio\packages\framework-arduinoasrmicro650x\cores\asr650x\projects\CubeCellLib.a(ASR_Arduino.o)
                0x00000000000039dc                SPI_1_mosi_m_SetDriveMode
 .text.SPI_1_sclk_m_SetDriveMode
                0x00000000000039de        0x2 C:\Users\Marcus\.platformio\packages\framework-arduinoasrmicro650x\cores\asr650x\projects\CubeCellLib.a(ASR_Arduino.o)
                0x00000000000039de                SPI_1_sclk_m_SetDriveMode
 .text.systemTimer
                0x00000000000039e0       0x10 C:\Users\Marcus\.platformio\packages\framework-arduinoasrmicro650x\cores\asr650x\projects\CubeCellLib.a(cyfitter_cfg.o)
                0x00000000000039e0                systemTimer
 .text.SetAnalogRoutingPumps
                0x00000000000039f0       0x1c C:\Users\Marcus\.platformio\packages\framework-arduinoasrmicro650x\cores\asr650x\projects\CubeCellLib.a(cyfitter_cfg.o)
                0x00000000000039f0                SetAnalogRoutingPumps
 .text.getBatteryVoltage
                0x0000000000003a0c       0x28 .pio\build\cubecell_board\liba3c\libLoRa.a(LoRaWan_APP.cpp.o)
                0x0000000000003a0c                getBatteryVoltage
 .text.startup._GLOBAL__sub_I_pixels
                0x0000000000003a34       0x2c .pio\build\cubecell_board\liba3c\libLoRa.a(LoRaWan_APP.cpp.o)
 .text._ZN6Stream9readBytesEPhj
                0x0000000000003a60        0xa .pio\build\cubecell_board\libFrameworkArduino.a(HardwareSerial.cpp.o)
                0x0000000000003a60                Stream::readBytes(unsigned char*, unsigned int)
 .text._ZN14HardwareSerial4peekEv
                0x0000000000003a6a        0x4 .pio\build\cubecell_board\libFrameworkArduino.a(HardwareSerial.cpp.o)
                0x0000000000003a6a                HardwareSerial::peek()
 .text._ZN14HardwareSerialD2Ev
                0x0000000000003a6e        0x2 .pio\build\cubecell_board\libFrameworkArduino.a(HardwareSerial.cpp.o)
                0x0000000000003a6e                HardwareSerial::~HardwareSerial()
                0x0000000000003a6e                HardwareSerial::~HardwareSerial()
 .text._ZN14HardwareSerial9availableEv
                0x0000000000003a70       0x16 .pio\build\cubecell_board\libFrameworkArduino.a(HardwareSerial.cpp.o)
                0x0000000000003a70                HardwareSerial::available()
 .text._ZN14HardwareSerial4readEv
                0x0000000000003a86       0x26 .pio\build\cubecell_board\libFrameworkArduino.a(HardwareSerial.cpp.o)
                0x0000000000003a86                HardwareSerial::read()
 .text._ZN14HardwareSerial5writeEh
                0x0000000000003aac       0x1a .pio\build\cubecell_board\libFrameworkArduino.a(HardwareSerial.cpp.o)
                0x0000000000003aac                HardwareSerial::write(unsigned char)
 .text._ZN14HardwareSerial5writeEPKhj
                0x0000000000003ac6       0x28 .pio\build\cubecell_board\libFrameworkArduino.a(HardwareSerial.cpp.o)
                0x0000000000003ac6                HardwareSerial::write(unsigned char const*, unsigned int)
 .text._ZN14HardwareSerialD0Ev
                0x0000000000003aee        0xe .pio\build\cubecell_board\libFrameworkArduino.a(HardwareSerial.cpp.o)
                0x0000000000003aee                HardwareSerial::~HardwareSerial()
 .text._ZN14HardwareSerial5flushEv
                0x0000000000003afc       0x2c .pio\build\cubecell_board\libFrameworkArduino.a(HardwareSerial.cpp.o)
                0x0000000000003afc                HardwareSerial::flush()
 .text._ZN14HardwareSerial5beginEmmabm
                0x0000000000003b28      0x124 .pio\build\cubecell_board\libFrameworkArduino.a(HardwareSerial.cpp.o)
                0x0000000000003b28                HardwareSerial::begin(unsigned long, unsigned long, signed char, bool, unsigned long)
 .text.startup._GLOBAL__sub_I_Serial
                0x0000000000003c4c       0x5c .pio\build\cubecell_board\libFrameworkArduino.a(HardwareSerial.cpp.o)
 .text.SX126xIoInit
                0x0000000000003ca8       0x44 .pio\build\cubecell_board\libFrameworkArduino.a(asr_board.c.o)
                0x0000000000003ca8                SX126xIoInit
 .text.SX126xIoIrqInit
                0x0000000000003cec       0x14 .pio\build\cubecell_board\libFrameworkArduino.a(asr_board.c.o)
                0x0000000000003cec                SX126xIoIrqInit
 .text.SX126xGetBoardTcxoWakeupTime
                0x0000000000003d00        0x4 .pio\build\cubecell_board\libFrameworkArduino.a(asr_board.c.o)
                0x0000000000003d00                SX126xGetBoardTcxoWakeupTime
 .text.SX126xReset
                0x0000000000003d04       0x50 .pio\build\cubecell_board\libFrameworkArduino.a(asr_board.c.o)
                0x0000000000003d04                SX126xReset
 .text.SX126xWaitOnBusy
                0x0000000000003d54       0x14 .pio\build\cubecell_board\libFrameworkArduino.a(asr_board.c.o)
                0x0000000000003d54                SX126xWaitOnBusy
 .text.SX126xWakeup
                0x0000000000003d68       0x38 .pio\build\cubecell_board\libFrameworkArduino.a(asr_board.c.o)
                0x0000000000003d68                SX126xWakeup
 .text.SX126xWriteCommand
                0x0000000000003da0       0x50 .pio\build\cubecell_board\libFrameworkArduino.a(asr_board.c.o)
                0x0000000000003da0                SX126xWriteCommand
 .text.SX126xReadCommand
                0x0000000000003df0       0x54 .pio\build\cubecell_board\libFrameworkArduino.a(asr_board.c.o)
                0x0000000000003df0                SX126xReadCommand
 .text.SX126xWriteRegisters
                0x0000000000003e44       0x5c .pio\build\cubecell_board\libFrameworkArduino.a(asr_board.c.o)
                0x0000000000003e44                SX126xWriteRegisters
 .text.SX126xWriteRegister
                0x0000000000003ea0       0x12 .pio\build\cubecell_board\libFrameworkArduino.a(asr_board.c.o)
                0x0000000000003ea0                SX126xWriteRegister
 *fill*         0x0000000000003eb2        0x2 
 .text.SX126xReadRegisters
                0x0000000000003eb4       0x64 .pio\build\cubecell_board\libFrameworkArduino.a(asr_board.c.o)
                0x0000000000003eb4                SX126xReadRegisters
 .text.SX126xReadRegister
                0x0000000000003f18       0x12 .pio\build\cubecell_board\libFrameworkArduino.a(asr_board.c.o)
                0x0000000000003f18                SX126xReadRegister
 *fill*         0x0000000000003f2a        0x2 
 .text.SX126xWriteBuffer
                0x0000000000003f2c       0x54 .pio\build\cubecell_board\libFrameworkArduino.a(asr_board.c.o)
                0x0000000000003f2c                SX126xWriteBuffer
 .text.SX126xReadBuffer
                0x0000000000003f80       0x5c .pio\build\cubecell_board\libFrameworkArduino.a(asr_board.c.o)
                0x0000000000003f80                SX126xReadBuffer
 .text.SX126xSetRfTxPower
                0x0000000000003fdc        0xa .pio\build\cubecell_board\libFrameworkArduino.a(asr_board.c.o)
                0x0000000000003fdc                SX126xSetRfTxPower
 .text.SX126xGetPaSelect
                0x0000000000003fe6        0x4 .pio\build\cubecell_board\libFrameworkArduino.a(asr_board.c.o)
                0x0000000000003fe6                SX126xGetPaSelect
 .text.SX126xAntSwOn
                0x0000000000003fea        0x2 .pio\build\cubecell_board\libFrameworkArduino.a(asr_board.c.o)
                0x0000000000003fea                SX126xAntSwOn
 .text.SX126xAntSwOff
                0x0000000000003fec        0x2 .pio\build\cubecell_board\libFrameworkArduino.a(asr_board.c.o)
                0x0000000000003fec                SX126xAntSwOff
 .text.BoardDisableIrq
                0x0000000000003fee        0x4 .pio\build\cubecell_board\libFrameworkArduino.a(asr_board.c.o)
                0x0000000000003fee                BoardDisableIrq
 .text.BoardEnableIrq
                0x0000000000003ff2        0x4 .pio\build\cubecell_board\libFrameworkArduino.a(asr_board.c.o)
                0x0000000000003ff2                BoardEnableIrq
 *fill*         0x0000000000003ff6        0x2 
 .text.boardInitMcu
                0x0000000000003ff8       0x4c .pio\build\cubecell_board\libFrameworkArduino.a(asr_board.c.o)
                0x0000000000003ff8                boardInitMcu
 .text.HW_Get_MFT_ID
                0x0000000000004044        0x8 .pio\build\cubecell_board\libFrameworkArduino.a(asr_board.c.o)
                0x0000000000004044                HW_Get_MFT_ID
 .text.HW_Get_MFT_Model
                0x000000000000404c        0x8 .pio\build\cubecell_board\libFrameworkArduino.a(asr_board.c.o)
                0x000000000000404c                HW_Get_MFT_Model
 .text.HW_Get_MFT_Rev
                0x0000000000004054        0x8 .pio\build\cubecell_board\libFrameworkArduino.a(asr_board.c.o)
                0x0000000000004054                HW_Get_MFT_Rev
 .text.HW_Get_MFT_SN
                0x000000000000405c       0x24 .pio\build\cubecell_board\libFrameworkArduino.a(asr_board.c.o)
                0x000000000000405c                HW_Get_MFT_SN
 .text.HW_Set_MFT_Baud
                0x0000000000004080       0x64 .pio\build\cubecell_board\libFrameworkArduino.a(asr_board.c.o)
                0x0000000000004080                HW_Set_MFT_Baud
 .text.HW_Get_MFT_Baud
                0x00000000000040e4        0xc .pio\build\cubecell_board\libFrameworkArduino.a(asr_board.c.o)
                0x00000000000040e4                HW_Get_MFT_Baud
 .text.GpioInit
                0x00000000000040f0       0x12 .pio\build\cubecell_board\libFrameworkArduino.a(gpio.c.o)
                0x00000000000040f0                GpioInit
 .text.GpioSetInterrupt
                0x0000000000004102        0x8 .pio\build\cubecell_board\libFrameworkArduino.a(gpio.c.o)
                0x0000000000004102                GpioSetInterrupt
 .text.GpioWrite
                0x000000000000410a        0x8 .pio\build\cubecell_board\libFrameworkArduino.a(gpio.c.o)
                0x000000000000410a                GpioWrite
 .text.GpioRead
                0x0000000000004112        0x8 .pio\build\cubecell_board\libFrameworkArduino.a(gpio.c.o)
                0x0000000000004112                GpioRead
 .text.SpiInit  0x000000000000411a        0x8 .pio\build\cubecell_board\libFrameworkArduino.a(spi-board.c.o)
                0x000000000000411a                SpiInit
 *fill*         0x0000000000004122        0x2 
 .text.SpiInOut
                0x0000000000004124       0x34 .pio\build\cubecell_board\libFrameworkArduino.a(spi-board.c.o)
                0x0000000000004124                SpiInOut
 .text.ADC_SAR_Seq_Init
                0x0000000000004158       0xd8 .pio\build\cubecell_board\libFrameworkArduino.a(ADC_SAR_Seq.c.o)
                0x0000000000004158                ADC_SAR_Seq_Init
 .text.ADC_SAR_Seq_Enable
                0x0000000000004230       0x2c .pio\build\cubecell_board\libFrameworkArduino.a(ADC_SAR_Seq.c.o)
                0x0000000000004230                ADC_SAR_Seq_Enable
 .text.ADC_SAR_Seq_Start
                0x000000000000425c       0x1c .pio\build\cubecell_board\libFrameworkArduino.a(ADC_SAR_Seq.c.o)
                0x000000000000425c                ADC_SAR_Seq_Start
 .text.ADC_SAR_Seq_Stop
                0x0000000000004278       0x10 .pio\build\cubecell_board\libFrameworkArduino.a(ADC_SAR_Seq.c.o)
                0x0000000000004278                ADC_SAR_Seq_Stop
 .text.ADC_SAR_Seq_StartConvert
                0x0000000000004288        0xc .pio\build\cubecell_board\libFrameworkArduino.a(ADC_SAR_Seq.c.o)
                0x0000000000004288                ADC_SAR_Seq_StartConvert
 .text.ADC_SAR_Seq_StopConvert
                0x0000000000004294        0x2 .pio\build\cubecell_board\libFrameworkArduino.a(ADC_SAR_Seq.c.o)
                0x0000000000004294                ADC_SAR_Seq_StopConvert
 *fill*         0x0000000000004296        0x2 
 .text.ADC_SAR_Seq_IsEndConversion
                0x0000000000004298       0x2c .pio\build\cubecell_board\libFrameworkArduino.a(ADC_SAR_Seq.c.o)
                0x0000000000004298                ADC_SAR_Seq_IsEndConversion
 .text.ADC_SAR_Seq_GetResult16
                0x00000000000042c4       0x20 .pio\build\cubecell_board\libFrameworkArduino.a(ADC_SAR_Seq.c.o)
                0x00000000000042c4                ADC_SAR_Seq_GetResult16
 .text.ADC_SAR_Seq_CountsTo_mVolts
                0x00000000000042e4       0x50 .pio\build\cubecell_board\libFrameworkArduino.a(ADC_SAR_Seq.c.o)
                0x00000000000042e4                ADC_SAR_Seq_CountsTo_mVolts
 .text.ADC_SAR_Seq_ISR
                0x0000000000004334        0xc .pio\build\cubecell_board\libFrameworkArduino.a(ADC_SAR_Seq_INT.c.o)
                0x0000000000004334                ADC_SAR_Seq_ISR
 .text.PWM1_Stop
                0x0000000000004340       0x34 .pio\build\cubecell_board\libFrameworkArduino.a(PWM1.c.o)
                0x0000000000004340                PWM1_Stop
 .text.PWM2_Stop
                0x0000000000004374       0x34 .pio\build\cubecell_board\libFrameworkArduino.a(PWM2.c.o)
                0x0000000000004374                PWM2_Stop
 .text._ZN5Print6printfEPKcz
                0x00000000000043a8       0x5a .pio\build\cubecell_board\libFrameworkArduino.a(Print.cpp.o)
                0x00000000000043a8                Print::printf(char const*, ...)
 .text._ZN6Stream9timedReadEv
                0x0000000000004402       0x2a .pio\build\cubecell_board\libFrameworkArduino.a(Stream.cpp.o)
                0x0000000000004402                Stream::timedRead()
 .text._ZN6Stream9readBytesEPcj
                0x000000000000442c       0x22 .pio\build\cubecell_board\libFrameworkArduino.a(Stream.cpp.o)
                0x000000000000442c                Stream::readBytes(char*, unsigned int)
 *fill*         0x000000000000444e        0x2 
 .text._ZN6Stream10readStringEv
                0x0000000000004450       0x28 .pio\build\cubecell_board\libFrameworkArduino.a(Stream.cpp.o)
                0x0000000000004450                Stream::readString()
 .text._ZN6String10invalidateEv
                0x0000000000004478       0x18 .pio\build\cubecell_board\libFrameworkArduino.a(WString.cpp.o)
                0x0000000000004478                String::invalidate()
 .text._ZN6String12changeBufferEj
                0x0000000000004490       0x3a .pio\build\cubecell_board\libFrameworkArduino.a(WString.cpp.o)
                0x0000000000004490                String::changeBuffer(unsigned int)
 .text._ZN6String7reserveEj
                0x00000000000044ca       0x2a .pio\build\cubecell_board\libFrameworkArduino.a(WString.cpp.o)
                0x00000000000044ca                String::reserve(unsigned int)
 .text._ZN6String4copyEPKcj
                0x00000000000044f4       0x28 .pio\build\cubecell_board\libFrameworkArduino.a(WString.cpp.o)
                0x00000000000044f4                String::copy(char const*, unsigned int)
 .text._ZN6StringC2EPKc
                0x000000000000451c       0x26 .pio\build\cubecell_board\libFrameworkArduino.a(WString.cpp.o)
                0x000000000000451c                String::String(char const*)
                0x000000000000451c                String::String(char const*)
 .text._ZN6String6concatEPKcj
                0x0000000000004542       0x32 .pio\build\cubecell_board\libFrameworkArduino.a(WString.cpp.o)
                0x0000000000004542                String::concat(char const*, unsigned int)
 .text._ZN6String6concatEc
                0x0000000000004574       0x16 .pio\build\cubecell_board\libFrameworkArduino.a(WString.cpp.o)
                0x0000000000004574                String::concat(char)
 *fill*         0x000000000000458a        0x2 
 .text.global_irq_SetPriority
                0x000000000000458c       0x20 .pio\build\cubecell_board\libFrameworkArduino.a(irq.c.o)
                0x000000000000458c                global_irq_SetPriority
 .text.global_irq_StartEx
                0x00000000000045ac       0x24 .pio\build\cubecell_board\libFrameworkArduino.a(irq.c.o)
                0x00000000000045ac                global_irq_StartEx
 .text.global_irq_Disable
                0x00000000000045d0        0xc .pio\build\cubecell_board\libFrameworkArduino.a(irq.c.o)
                0x00000000000045d0                global_irq_Disable
 .text.RadioCheckRfFrequency
                0x00000000000045dc        0x4 .pio\build\cubecell_board\libFrameworkArduino.a(radio.c.o)
                0x00000000000045dc                RadioCheckRfFrequency
 .text.RadioOnDioIrq
                0x00000000000045e0        0xc .pio\build\cubecell_board\libFrameworkArduino.a(radio.c.o)
                0x00000000000045e0                RadioOnDioIrq
 .text.RadioStandby
                0x00000000000045ec        0xa .pio\build\cubecell_board\libFrameworkArduino.a(radio.c.o)
                0x00000000000045ec                RadioStandby
 *fill*         0x00000000000045f6        0x2 
 .text.RadioInit
                0x00000000000045f8       0x6c .pio\build\cubecell_board\libFrameworkArduino.a(radio.c.o)
                0x00000000000045f8                RadioInit
 .text.RadioGetStatus
                0x0000000000004664       0x1a .pio\build\cubecell_board\libFrameworkArduino.a(radio.c.o)
                0x0000000000004664                RadioGetStatus
 .text.RadioSetChannel
                0x000000000000467e        0x8 .pio\build\cubecell_board\libFrameworkArduino.a(radio.c.o)
                0x000000000000467e                RadioSetChannel
 .text.RadioRssi
                0x0000000000004686        0xa .pio\build\cubecell_board\libFrameworkArduino.a(radio.c.o)
                0x0000000000004686                RadioRssi
 .text.RadioSyncWord
                0x0000000000004690       0x10 .pio\build\cubecell_board\libFrameworkArduino.a(radio.c.o)
                0x0000000000004690                RadioSyncWord
 .text.RadioSend
                0x00000000000046a0       0x58 .pio\build\cubecell_board\libFrameworkArduino.a(radio.c.o)
                0x00000000000046a0                RadioSend
 .text.RadioSleep
                0x00000000000046f8       0x10 .pio\build\cubecell_board\libFrameworkArduino.a(radio.c.o)
                0x00000000000046f8                RadioSleep
 .text.RadioSetRxDutyCycle
                0x0000000000004708        0x8 .pio\build\cubecell_board\libFrameworkArduino.a(radio.c.o)
                0x0000000000004708                RadioSetRxDutyCycle
 .text.RadioStartCad
                0x0000000000004710       0x64 .pio\build\cubecell_board\libFrameworkArduino.a(radio.c.o)
                0x0000000000004710                RadioStartCad
 .text.RadioSetTxContinuousWave
                0x0000000000004774       0x44 .pio\build\cubecell_board\libFrameworkArduino.a(radio.c.o)
                0x0000000000004774                RadioSetTxContinuousWave
 .text.RadioWrite
                0x00000000000047b8        0x8 .pio\build\cubecell_board\libFrameworkArduino.a(radio.c.o)
                0x00000000000047b8                RadioWrite
 .text.RadioRead
                0x00000000000047c0        0x8 .pio\build\cubecell_board\libFrameworkArduino.a(radio.c.o)
                0x00000000000047c0                RadioRead
 .text.RadioWriteBuffer
                0x00000000000047c8        0x8 .pio\build\cubecell_board\libFrameworkArduino.a(radio.c.o)
                0x00000000000047c8                RadioWriteBuffer
 .text.RadioReadBuffer
                0x00000000000047d0        0x8 .pio\build\cubecell_board\libFrameworkArduino.a(radio.c.o)
                0x00000000000047d0                RadioReadBuffer
 .text.RadioGetWakeupTime
                0x00000000000047d8        0xa .pio\build\cubecell_board\libFrameworkArduino.a(radio.c.o)
                0x00000000000047d8                RadioGetWakeupTime
 *fill*         0x00000000000047e2        0x2 
 .text.RadioOnTxTimeoutIrq
                0x00000000000047e4       0x20 .pio\build\cubecell_board\libFrameworkArduino.a(radio.c.o)
                0x00000000000047e4                RadioOnTxTimeoutIrq
 .text.RadioOnRxTimeoutIrq
                0x0000000000004804       0x20 .pio\build\cubecell_board\libFrameworkArduino.a(radio.c.o)
                0x0000000000004804                RadioOnRxTimeoutIrq
 .text.RadioOnCadTimeoutIrq
                0x0000000000004824       0x20 .pio\build\cubecell_board\libFrameworkArduino.a(radio.c.o)
                0x0000000000004824                RadioOnCadTimeoutIrq
 .text.RadioGetFskBandwidthRegValue
                0x0000000000004844       0x34 .pio\build\cubecell_board\libFrameworkArduino.a(radio.c.o)
 .text.RadioSetMaxPayloadLength
                0x0000000000004878       0x38 .pio\build\cubecell_board\libFrameworkArduino.a(radio.c.o)
                0x0000000000004878                RadioSetMaxPayloadLength
 .text.RadioRx  0x00000000000048b0       0x54 .pio\build\cubecell_board\libFrameworkArduino.a(radio.c.o)
                0x00000000000048b0                RadioRx
 .text.RadioRxBoosted
                0x0000000000004904       0x48 .pio\build\cubecell_board\libFrameworkArduino.a(radio.c.o)
                0x0000000000004904                RadioRxBoosted
 .text.RadioIrqProcess
                0x000000000000494c      0x13c .pio\build\cubecell_board\libFrameworkArduino.a(radio.c.o)
                0x000000000000494c                RadioIrqProcess
 .text.RadioSetPublicNetwork
                0x0000000000004a88       0x40 .pio\build\cubecell_board\libFrameworkArduino.a(radio.c.o)
                0x0000000000004a88                RadioSetPublicNetwork
 .text.RadioSetModem.part.0
                0x0000000000004ac8       0x20 .pio\build\cubecell_board\libFrameworkArduino.a(radio.c.o)
 .text.RadioSetModem
                0x0000000000004ae8       0x20 .pio\build\cubecell_board\libFrameworkArduino.a(radio.c.o)
                0x0000000000004ae8                RadioSetModem
 .text.RadioIsChannelFree
                0x0000000000004b08       0x50 .pio\build\cubecell_board\libFrameworkArduino.a(radio.c.o)
                0x0000000000004b08                RadioIsChannelFree
 .text.RadioRandom
                0x0000000000004b58       0x38 .pio\build\cubecell_board\libFrameworkArduino.a(radio.c.o)
                0x0000000000004b58                RadioRandom
 .text.RadioSymbTime
                0x0000000000004b90       0x2c .pio\build\cubecell_board\libFrameworkArduino.a(radio.c.o)
                0x0000000000004b90                RadioSymbTime
 .text.RadioSetRxConfig
                0x0000000000004bbc      0x21c .pio\build\cubecell_board\libFrameworkArduino.a(radio.c.o)
                0x0000000000004bbc                RadioSetRxConfig
 .text.RadioSetTxConfig
                0x0000000000004dd8      0x1a0 .pio\build\cubecell_board\libFrameworkArduino.a(radio.c.o)
                0x0000000000004dd8                RadioSetTxConfig
 .text.RadioTimeOnAir
                0x0000000000004f78      0x198 .pio\build\cubecell_board\libFrameworkArduino.a(radio.c.o)
                0x0000000000004f78                RadioTimeOnAir
 .text.SX126xGetOperatingMode
                0x0000000000005110        0xc .pio\build\cubecell_board\libFrameworkArduino.a(sx126x.c.o)
                0x0000000000005110                SX126xGetOperatingMode
 .text.SX126xSetOperatingMode
                0x000000000000511c        0xc .pio\build\cubecell_board\libFrameworkArduino.a(sx126x.c.o)
                0x000000000000511c                SX126xSetOperatingMode
 .text.SX126xCheckDeviceReady
                0x0000000000005128       0x24 .pio\build\cubecell_board\libFrameworkArduino.a(sx126x.c.o)
                0x0000000000005128                SX126xCheckDeviceReady
 .text.SX126xSetPayload
                0x000000000000514c        0xe .pio\build\cubecell_board\libFrameworkArduino.a(sx126x.c.o)
                0x000000000000514c                SX126xSetPayload
 *fill*         0x000000000000515a        0x2 
 .text.SX126xSetSyncWord
                0x000000000000515c       0x3c .pio\build\cubecell_board\libFrameworkArduino.a(sx126x.c.o)
                0x000000000000515c                SX126xSetSyncWord
 .text.SX126xSetCrcSeed
                0x0000000000005198       0x24 .pio\build\cubecell_board\libFrameworkArduino.a(sx126x.c.o)
                0x0000000000005198                SX126xSetCrcSeed
 .text.SX126xSetCrcPolynomial
                0x00000000000051bc       0x24 .pio\build\cubecell_board\libFrameworkArduino.a(sx126x.c.o)
                0x00000000000051bc                SX126xSetCrcPolynomial
 .text.SX126xSetWhiteningSeed
                0x00000000000051e0       0x3c .pio\build\cubecell_board\libFrameworkArduino.a(sx126x.c.o)
                0x00000000000051e0                SX126xSetWhiteningSeed
 .text.SX126xSetSleep
                0x000000000000521c       0x20 .pio\build\cubecell_board\libFrameworkArduino.a(sx126x.c.o)
                0x000000000000521c                SX126xSetSleep
 .text.SX126xSetStandby
                0x000000000000523c       0x28 .pio\build\cubecell_board\libFrameworkArduino.a(sx126x.c.o)
                0x000000000000523c                SX126xSetStandby
 .text.SX126xSetTx
                0x0000000000005264       0x24 .pio\build\cubecell_board\libFrameworkArduino.a(sx126x.c.o)
                0x0000000000005264                SX126xSetTx
 .text.SX126xSendPayload
                0x0000000000005288       0x10 .pio\build\cubecell_board\libFrameworkArduino.a(sx126x.c.o)
                0x0000000000005288                SX126xSendPayload
 .text.SX126xSetRx
                0x0000000000005298       0x24 .pio\build\cubecell_board\libFrameworkArduino.a(sx126x.c.o)
                0x0000000000005298                SX126xSetRx
 .text.SX126xSetRxBoosted
                0x00000000000052bc       0x30 .pio\build\cubecell_board\libFrameworkArduino.a(sx126x.c.o)
                0x00000000000052bc                SX126xSetRxBoosted
 .text.SX126xSetRxDutyCycle
                0x00000000000052ec       0x2c .pio\build\cubecell_board\libFrameworkArduino.a(sx126x.c.o)
                0x00000000000052ec                SX126xSetRxDutyCycle
 .text.SX126xSetCad
                0x0000000000005318       0x18 .pio\build\cubecell_board\libFrameworkArduino.a(sx126x.c.o)
                0x0000000000005318                SX126xSetCad
 .text.SX126xSetTxContinuousWave
                0x0000000000005330        0xe .pio\build\cubecell_board\libFrameworkArduino.a(sx126x.c.o)
                0x0000000000005330                SX126xSetTxContinuousWave
 .text.SX126xSetStopRxTimerOnPreambleDetect
                0x000000000000533e       0x12 .pio\build\cubecell_board\libFrameworkArduino.a(sx126x.c.o)
                0x000000000000533e                SX126xSetStopRxTimerOnPreambleDetect
 .text.SX126xSetLoRaSymbNumTimeout
                0x0000000000005350       0x12 .pio\build\cubecell_board\libFrameworkArduino.a(sx126x.c.o)
                0x0000000000005350                SX126xSetLoRaSymbNumTimeout
 .text.SX126xSetRegulatorMode
                0x0000000000005362       0x12 .pio\build\cubecell_board\libFrameworkArduino.a(sx126x.c.o)
                0x0000000000005362                SX126xSetRegulatorMode
 .text.SX126xCalibrate
                0x0000000000005374       0x10 .pio\build\cubecell_board\libFrameworkArduino.a(sx126x.c.o)
                0x0000000000005374                SX126xCalibrate
 .text.SX126xCalibrateImage
                0x0000000000005384       0x68 .pio\build\cubecell_board\libFrameworkArduino.a(sx126x.c.o)
                0x0000000000005384                SX126xCalibrateImage
 .text.SX126xSetPaConfig
                0x00000000000053ec       0x18 .pio\build\cubecell_board\libFrameworkArduino.a(sx126x.c.o)
                0x00000000000053ec                SX126xSetPaConfig
 .text.SX126xSetDioIrqParams
                0x0000000000005404       0x20 .pio\build\cubecell_board\libFrameworkArduino.a(sx126x.c.o)
                0x0000000000005404                SX126xSetDioIrqParams
 .text.SX126xGetIrqStatus
                0x0000000000005424       0x1a .pio\build\cubecell_board\libFrameworkArduino.a(sx126x.c.o)
                0x0000000000005424                SX126xGetIrqStatus
 .text.SX126xSetDio2AsRfSwitchCtrl
                0x000000000000543e       0x12 .pio\build\cubecell_board\libFrameworkArduino.a(sx126x.c.o)
                0x000000000000543e                SX126xSetDio2AsRfSwitchCtrl
 .text.SX126xSetDio3AsTcxoCtrl
                0x0000000000005450       0x1e .pio\build\cubecell_board\libFrameworkArduino.a(sx126x.c.o)
                0x0000000000005450                SX126xSetDio3AsTcxoCtrl
 *fill*         0x000000000000546e        0x2 
 .text.SX126xInit
                0x0000000000005470       0x4c .pio\build\cubecell_board\libFrameworkArduino.a(sx126x.c.o)
                0x0000000000005470                SX126xInit
 .text.SX126xSetRfFrequency
                0x00000000000054bc       0x40 .pio\build\cubecell_board\libFrameworkArduino.a(sx126x.c.o)
                0x00000000000054bc                SX126xSetRfFrequency
 .text.SX126xSetPacketType
                0x00000000000054fc       0x1c .pio\build\cubecell_board\libFrameworkArduino.a(sx126x.c.o)
                0x00000000000054fc                SX126xSetPacketType
 .text.SX126xGetPacketType
                0x0000000000005518        0xc .pio\build\cubecell_board\libFrameworkArduino.a(sx126x.c.o)
                0x0000000000005518                SX126xGetPacketType
 .text.SX126xSetTxParams
                0x0000000000005524       0xb4 .pio\build\cubecell_board\libFrameworkArduino.a(sx126x.c.o)
                0x0000000000005524                SX126xSetTxParams
 .text.SX126xSetModulationParams
                0x00000000000055d8       0xa0 .pio\build\cubecell_board\libFrameworkArduino.a(sx126x.c.o)
                0x00000000000055d8                SX126xSetModulationParams
 .text.SX126xSetPacketParams
                0x0000000000005678       0xa8 .pio\build\cubecell_board\libFrameworkArduino.a(sx126x.c.o)
                0x0000000000005678                SX126xSetPacketParams
 .text.SX126xSetCadParams
                0x0000000000005720       0x30 .pio\build\cubecell_board\libFrameworkArduino.a(sx126x.c.o)
                0x0000000000005720                SX126xSetCadParams
 .text.SX126xSetBufferBaseAddress
                0x0000000000005750       0x14 .pio\build\cubecell_board\libFrameworkArduino.a(sx126x.c.o)
                0x0000000000005750                SX126xSetBufferBaseAddress
 .text.SX126xGetRssiInst
                0x0000000000005764       0x16 .pio\build\cubecell_board\libFrameworkArduino.a(sx126x.c.o)
                0x0000000000005764                SX126xGetRssiInst
 *fill*         0x000000000000577a        0x2 
 .text.SX126xGetRxBufferStatus
                0x000000000000577c       0x4c .pio\build\cubecell_board\libFrameworkArduino.a(sx126x.c.o)
                0x000000000000577c                SX126xGetRxBufferStatus
 .text.SX126xGetPayload
                0x00000000000057c8       0x2c .pio\build\cubecell_board\libFrameworkArduino.a(sx126x.c.o)
                0x00000000000057c8                SX126xGetPayload
 .text.SX126xGetPacketStatus
                0x00000000000057f4       0x78 .pio\build\cubecell_board\libFrameworkArduino.a(sx126x.c.o)
                0x00000000000057f4                SX126xGetPacketStatus
 .text.SX126xClearIrqStatus
                0x000000000000586c       0x12 .pio\build\cubecell_board\libFrameworkArduino.a(sx126x.c.o)
                0x000000000000586c                SX126xClearIrqStatus
 *fill*         0x000000000000587e        0x2 
 .text.DelayMs  0x0000000000005880       0x10 .pio\build\cubecell_board\libFrameworkArduino.a(delay.c.o)
                0x0000000000005880                DelayMs
 .text.lowPowerHandler
                0x0000000000005890       0x6c .pio\build\cubecell_board\libFrameworkArduino.a(low_power.c.o)
                0x0000000000005890                lowPowerHandler
 .text.rand1    0x00000000000058fc       0x2c .pio\build\cubecell_board\libFrameworkArduino.a(utilities.c.o)
                0x00000000000058fc                rand1
 .text.startup.main
                0x0000000000005928       0x10 .pio\build\cubecell_board\libFrameworkArduino.a(main.cpp.o)
                0x0000000000005928                main
 .text          0x0000000000005938       0x28 .pio\build\cubecell_board\libFrameworkArduino.a(port_s.S.o)
                0x0000000000005938                cpu_intrpt_save
                0x0000000000005940                cpu_intrpt_restore
                0x0000000000005946                cpu_task_switch
                0x000000000000594e                cpu_intrpt_switch
 .text.printchar
                0x0000000000005960       0x26 .pio\build\cubecell_board\libFrameworkArduino.a(printf.c.o)
 .text.prints   0x0000000000005986       0x8e .pio\build\cubecell_board\libFrameworkArduino.a(printf.c.o)
 .text.printi   0x0000000000005a14       0xfc .pio\build\cubecell_board\libFrameworkArduino.a(printf.c.o)
 .text.tiny_print
                0x0000000000005b10      0x1d8 .pio\build\cubecell_board\libFrameworkArduino.a(printf.c.o)
 .text.__wrap_sprintf
                0x0000000000005ce8       0x1c .pio\build\cubecell_board\libFrameworkArduino.a(printf.c.o)
                0x0000000000005ce8                __wrap_sprintf
 .text.uart_pre_deepsleep
                0x0000000000005d04       0x78 .pio\build\cubecell_board\libFrameworkArduino.a(uart_port.c.o)
                0x0000000000005d04                uart_pre_deepsleep
 .text.IntDefaultHandler
                0x0000000000005d7c       0x10 .pio\build\cubecell_board\libFrameworkArduino.a(Cm0plusStart.c.o)
                0x0000000000005d7c                IntDefaultHandler
 .text._exit    0x0000000000005d8c        0xa .pio\build\cubecell_board\libFrameworkArduino.a(Cm0plusStart.c.o)
                0x0000000000005d8c                _exit
 *fill*         0x0000000000005d96        0x2 
 .text._sbrk    0x0000000000005d98       0x30 .pio\build\cubecell_board\libFrameworkArduino.a(Cm0plusStart.c.o)
                0x0000000000005d98                _sbrk
 .text.Start_c  0x0000000000005dc8       0x48 .pio\build\cubecell_board\libFrameworkArduino.a(Cm0plusStart.c.o)
                0x0000000000005dc8                Start_c
 .text.startup.initialize_psoc
                0x0000000000005e10       0x48 .pio\build\cubecell_board\libFrameworkArduino.a(Cm0plusStart.c.o)
                0x0000000000005e10                initialize_psoc
 .text          0x0000000000005e58       0x20 .pio\build\cubecell_board\libFrameworkArduino.a(CyBootAsmGnu.S.o)
                0x0000000000005e58                CyDelayCycles
                0x0000000000005e6a                CyEnterCriticalSection
                0x0000000000005e72                CyExitCriticalSection
 .text.CySysFlashSetWaitCycles
                0x0000000000005e78       0x54 .pio\build\cubecell_board\libFrameworkArduino.a(CyFlash.c.o)
                0x0000000000005e78                CySysFlashSetWaitCycles
 .text.CySysClkWcoSetHighPowerMode
                0x0000000000005ecc       0x38 .pio\build\cubecell_board\libFrameworkArduino.a(CyLFClk.c.o)
 .text.CySysClkWcoStart
                0x0000000000005f04       0x18 .pio\build\cubecell_board\libFrameworkArduino.a(CyLFClk.c.o)
                0x0000000000005f04                CySysClkWcoStart
 .text.CySysClkWcoEnabled
                0x0000000000005f1c        0xc .pio\build\cubecell_board\libFrameworkArduino.a(CyLFClk.c.o)
                0x0000000000005f1c                CySysClkWcoEnabled
 .text.CySysWdtDisable
                0x0000000000005f28       0x10 .pio\build\cubecell_board\libFrameworkArduino.a(CyLFClk.c.o)
                0x0000000000005f28                CySysWdtDisable
 .text.CySysClkSetTimerSource
                0x0000000000005f38       0x60 .pio\build\cubecell_board\libFrameworkArduino.a(CyLFClk.c.o)
                0x0000000000005f38                CySysClkSetTimerSource
 .text.CySysTimerGetEnabledStatus
                0x0000000000005f98       0x24 .pio\build\cubecell_board\libFrameworkArduino.a(CyLFClk.c.o)
                0x0000000000005f98                CySysTimerGetEnabledStatus
 .text.CySysTimerSetMode
                0x0000000000005fbc       0x40 .pio\build\cubecell_board\libFrameworkArduino.a(CyLFClk.c.o)
                0x0000000000005fbc                CySysTimerSetMode
 .text.CySysTimerSetClearOnMatch
                0x0000000000005ffc       0x34 .pio\build\cubecell_board\libFrameworkArduino.a(CyLFClk.c.o)
                0x0000000000005ffc                CySysTimerSetClearOnMatch
 .text.CySysTimerEnable
                0x0000000000006030       0x38 .pio\build\cubecell_board\libFrameworkArduino.a(CyLFClk.c.o)
                0x0000000000006030                CySysTimerEnable
 .text.CySysTimerDisable
                0x0000000000006068       0x38 .pio\build\cubecell_board\libFrameworkArduino.a(CyLFClk.c.o)
                0x0000000000006068                CySysTimerDisable
 .text.CySysTimerSetCascade
                0x00000000000060a0       0x34 .pio\build\cubecell_board\libFrameworkArduino.a(CyLFClk.c.o)
                0x00000000000060a0                CySysTimerSetCascade
 .text.CySysTimerSetMatch
                0x00000000000060d4       0x50 .pio\build\cubecell_board\libFrameworkArduino.a(CyLFClk.c.o)
                0x00000000000060d4                CySysTimerSetMatch
 .text.CySysTimerSetToggleBit
                0x0000000000006124       0x2c .pio\build\cubecell_board\libFrameworkArduino.a(CyLFClk.c.o)
                0x0000000000006124                CySysTimerSetToggleBit
 .text.CySysTimerGetCount
                0x0000000000006150       0x38 .pio\build\cubecell_board\libFrameworkArduino.a(CyLFClk.c.o)
                0x0000000000006150                CySysTimerGetCount
 .text.CySysTimerClearInterrupt
                0x0000000000006188       0x2c .pio\build\cubecell_board\libFrameworkArduino.a(CyLFClk.c.o)
                0x0000000000006188                CySysTimerClearInterrupt
 .text.CySysTimerSetInterruptCallback
                0x00000000000061b4       0x24 .pio\build\cubecell_board\libFrameworkArduino.a(CyLFClk.c.o)
                0x00000000000061b4                CySysTimerSetInterruptCallback
 .text.CySysTimerEnableIsr
                0x00000000000061d8       0x34 .pio\build\cubecell_board\libFrameworkArduino.a(CyLFClk.c.o)
                0x00000000000061d8                CySysTimerEnableIsr
 .text.CySysTimerDisableIsr
                0x000000000000620c       0x28 .pio\build\cubecell_board\libFrameworkArduino.a(CyLFClk.c.o)
                0x000000000000620c                CySysTimerDisableIsr
 .text.CySysTimerIsr
                0x0000000000006234       0xa0 .pio\build\cubecell_board\libFrameworkArduino.a(CyLFClk.c.o)
                0x0000000000006234                CySysTimerIsr
 .text.CySysTimerResetCounters
                0x00000000000062d4       0x1c .pio\build\cubecell_board\libFrameworkArduino.a(CyLFClk.c.o)
                0x00000000000062d4                CySysTimerResetCounters
 .text.CySysClkImoDisableWcoLock
                0x00000000000062f0       0x14 .pio\build\cubecell_board\libFrameworkArduino.a(CyLib.c.o)
                0x00000000000062f0                CySysClkImoDisableWcoLock
 .text.CySysClkImoGetWcoLock
                0x0000000000006304       0x10 .pio\build\cubecell_board\libFrameworkArduino.a(CyLib.c.o)
                0x0000000000006304                CySysClkImoGetWcoLock
 .text.CySysClkWriteHfclkDirect
                0x0000000000006314       0x74 .pio\build\cubecell_board\libFrameworkArduino.a(CyLib.c.o)
                0x0000000000006314                CySysClkWriteHfclkDirect
 .text.CyIntSetVector
                0x0000000000006388       0x18 .pio\build\cubecell_board\libFrameworkArduino.a(CyLib.c.o)
                0x0000000000006388                CyIntSetVector
 .text.CyIntSetPriority
                0x00000000000063a0       0x40 .pio\build\cubecell_board\libFrameworkArduino.a(CyLib.c.o)
                0x00000000000063a0                CyIntSetPriority
 .text.CyIntEnable
                0x00000000000063e0       0x14 .pio\build\cubecell_board\libFrameworkArduino.a(CyLib.c.o)
                0x00000000000063e0                CyIntEnable
 .text.CyIntDisable
                0x00000000000063f4       0x14 .pio\build\cubecell_board\libFrameworkArduino.a(CyLib.c.o)
                0x00000000000063f4                CyIntDisable
 .text.CyIntClearPending
                0x0000000000006408       0x14 .pio\build\cubecell_board\libFrameworkArduino.a(CyLib.c.o)
                0x0000000000006408                CyIntClearPending
 .text.CyHalt   0x000000000000641c        0x4 .pio\build\cubecell_board\libFrameworkArduino.a(CyLib.c.o)
                0x000000000000641c                CyHalt
 .text.CyDelay  0x0000000000006420       0x2c .pio\build\cubecell_board\libFrameworkArduino.a(CyLib.c.o)
                0x0000000000006420                CyDelay
 .text.CySysClkImoEnableWcoLock
                0x000000000000644c       0xbc .pio\build\cubecell_board\libFrameworkArduino.a(CyLib.c.o)
                0x000000000000644c                CySysClkImoEnableWcoLock
 .text.CySysClkWriteImoFreq
                0x0000000000006508       0xb8 .pio\build\cubecell_board\libFrameworkArduino.a(CyLib.c.o)
                0x0000000000006508                CySysClkWriteImoFreq
 .text.CyDelayUs
                0x00000000000065c0       0x14 .pio\build\cubecell_board\libFrameworkArduino.a(CyLib.c.o)
                0x00000000000065c0                CyDelayUs
 .text.CySysTickInit
                0x00000000000065d4       0x54 .pio\build\cubecell_board\libFrameworkArduino.a(CyLib.c.o)
                0x00000000000065d4                CySysTickInit
 .text.CySysTickStop
                0x0000000000006628       0x10 .pio\build\cubecell_board\libFrameworkArduino.a(CyLib.c.o)
                0x0000000000006628                CySysTickStop
 .text.CySysTickEnableInterrupt
                0x0000000000006638       0x10 .pio\build\cubecell_board\libFrameworkArduino.a(CyLib.c.o)
                0x0000000000006638                CySysTickEnableInterrupt
 .text.CySysTickEnable
                0x0000000000006648       0x18 .pio\build\cubecell_board\libFrameworkArduino.a(CyLib.c.o)
                0x0000000000006648                CySysTickEnable
 .text.CySysTickStart
                0x0000000000006660       0x1c .pio\build\cubecell_board\libFrameworkArduino.a(CyLib.c.o)
                0x0000000000006660                CySysTickStart
 .text.CySysTickDisableInterrupt
                0x000000000000667c       0x10 .pio\build\cubecell_board\libFrameworkArduino.a(CyLib.c.o)
                0x000000000000667c                CySysTickDisableInterrupt
 .text.CySysTickGetCountFlag
                0x000000000000668c       0x10 .pio\build\cubecell_board\libFrameworkArduino.a(CyLib.c.o)
                0x000000000000668c                CySysTickGetCountFlag
 .text.CySysTickServiceCallbacks
                0x000000000000669c       0x24 .pio\build\cubecell_board\libFrameworkArduino.a(CyLib.c.o)
 .text.CySysTickSetCallback
                0x00000000000066c0       0x10 .pio\build\cubecell_board\libFrameworkArduino.a(CyLib.c.o)
                0x00000000000066c0                CySysTickSetCallback
 .text.CyGetUniqueId
                0x00000000000066d0       0x70 .pio\build\cubecell_board\libFrameworkArduino.a(CyLib.c.o)
                0x00000000000066d0                CyGetUniqueId
 .text.SPI_1_Enable
                0x0000000000006740       0x18 .pio\build\cubecell_board\libFrameworkArduino.a(SPI_1.c.o)
                0x0000000000006740                SPI_1_Enable
 .text.SPI_1_Start
                0x0000000000006758       0x1c .pio\build\cubecell_board\libFrameworkArduino.a(SPI_1.c.o)
                0x0000000000006758                SPI_1_Start
 .text.SPI_1_Stop
                0x0000000000006774       0x20 .pio\build\cubecell_board\libFrameworkArduino.a(SPI_1.c.o)
                0x0000000000006774                SPI_1_Stop
 .text.SPI_1_Sleep
                0x0000000000006794       0x20 .pio\build\cubecell_board\libFrameworkArduino.a(SPI_1_PM.c.o)
                0x0000000000006794                SPI_1_Sleep
 .text.SPI_1_Wakeup
                0x00000000000067b4       0x14 .pio\build\cubecell_board\libFrameworkArduino.a(SPI_1_PM.c.o)
                0x00000000000067b4                SPI_1_Wakeup
 .text.SPI_1_SpiPostEnable
                0x00000000000067c8       0x14 .pio\build\cubecell_board\libFrameworkArduino.a(SPI_1_SPI.c.o)
                0x00000000000067c8                SPI_1_SpiPostEnable
 .text.SPI_1_SpiStop
                0x00000000000067dc       0x18 .pio\build\cubecell_board\libFrameworkArduino.a(SPI_1_SPI.c.o)
                0x00000000000067dc                SPI_1_SpiStop
 .text.SPI_1_SpiSetActiveSlaveSelect
                0x00000000000067f4       0x20 .pio\build\cubecell_board\libFrameworkArduino.a(SPI_1_SPI.c.o)
                0x00000000000067f4                SPI_1_SpiSetActiveSlaveSelect
 .text.SPI_1_SpiInit
                0x0000000000006814       0x88 .pio\build\cubecell_board\libFrameworkArduino.a(SPI_1_SPI.c.o)
                0x0000000000006814                SPI_1_SpiInit
 .text.SPI_1_SpiUartReadRxData
                0x000000000000689c        0xc .pio\build\cubecell_board\libFrameworkArduino.a(SPI_1_SPI_UART.c.o)
                0x000000000000689c                SPI_1_SpiUartReadRxData
 .text.SPI_1_SpiUartGetRxBufferSize
                0x00000000000068a8       0x10 .pio\build\cubecell_board\libFrameworkArduino.a(SPI_1_SPI_UART.c.o)
                0x00000000000068a8                SPI_1_SpiUartGetRxBufferSize
 .text.SPI_1_SpiUartWriteTxData
                0x00000000000068b8       0x1c .pio\build\cubecell_board\libFrameworkArduino.a(SPI_1_SPI_UART.c.o)
                0x00000000000068b8                SPI_1_SpiUartWriteTxData
 .text.SPI_1_SpiUartGetTxBufferSize
                0x00000000000068d4       0x10 .pio\build\cubecell_board\libFrameworkArduino.a(SPI_1_SPI_UART.c.o)
                0x00000000000068d4                SPI_1_SpiUartGetTxBufferSize
 .text.UART_1_Sleep
                0x00000000000068e4        0x8 .pio\build\cubecell_board\libFrameworkArduino.a(UART_1_PM.c.o)
                0x00000000000068e4                UART_1_Sleep
 .text.UART_1_Wakeup
                0x00000000000068ec        0x8 .pio\build\cubecell_board\libFrameworkArduino.a(UART_1_PM.c.o)
                0x00000000000068ec                UART_1_Wakeup
 .text.UART_1_SpiUartReadRxData
                0x00000000000068f4        0xc .pio\build\cubecell_board\libFrameworkArduino.a(UART_1_SPI_UART.c.o)
                0x00000000000068f4                UART_1_SpiUartReadRxData
 .text.UART_1_SpiUartGetRxBufferSize
                0x0000000000006900       0x10 .pio\build\cubecell_board\libFrameworkArduino.a(UART_1_SPI_UART.c.o)
                0x0000000000006900                UART_1_SpiUartGetRxBufferSize
 .text.UART_1_SpiUartClearRxBuffer
                0x0000000000006910       0x20 .pio\build\cubecell_board\libFrameworkArduino.a(UART_1_SPI_UART.c.o)
                0x0000000000006910                UART_1_SpiUartClearRxBuffer
 .text.UART_1_SpiUartWriteTxData
                0x0000000000006930       0x1c .pio\build\cubecell_board\libFrameworkArduino.a(UART_1_SPI_UART.c.o)
                0x0000000000006930                UART_1_SpiUartWriteTxData
 .text.UART_1_SpiUartGetTxBufferSize
                0x000000000000694c       0x10 .pio\build\cubecell_board\libFrameworkArduino.a(UART_1_SPI_UART.c.o)
                0x000000000000694c                UART_1_SpiUartGetTxBufferSize
 .text.UART_1_SpiUartClearTxBuffer
                0x000000000000695c       0x20 .pio\build\cubecell_board\libFrameworkArduino.a(UART_1_SPI_UART.c.o)
                0x000000000000695c                UART_1_SpiUartClearTxBuffer
 .text.UART_1_UART_WAKEUP_ISR
                0x000000000000697c        0x8 .pio\build\cubecell_board\libFrameworkArduino.a(UART_1_UART.c.o)
                0x000000000000697c                UART_1_UART_WAKEUP_ISR
 .text.UART_1_UartInit
                0x0000000000006984       0xdc .pio\build\cubecell_board\libFrameworkArduino.a(UART_1_UART.c.o)
                0x0000000000006984                UART_1_UartInit
 .text.UART_1_UartPostEnable
                0x0000000000006a60       0x28 .pio\build\cubecell_board\libFrameworkArduino.a(UART_1_UART.c.o)
                0x0000000000006a60                UART_1_UartPostEnable
 .text.UART_1_UartGetByte
                0x0000000000006a88       0x34 .pio\build\cubecell_board\libFrameworkArduino.a(UART_1_UART.c.o)
                0x0000000000006a88                UART_1_UartGetByte
 .text.UART_1_UartSaveConfig
                0x0000000000006abc       0x3c .pio\build\cubecell_board\libFrameworkArduino.a(UART_1_UART.c.o)
                0x0000000000006abc                UART_1_UartSaveConfig
 .text.UART_1_UartRestoreConfig
                0x0000000000006af8        0xa .pio\build\cubecell_board\libFrameworkArduino.a(UART_1_UART.c.o)
                0x0000000000006af8                UART_1_UartRestoreConfig
 *fill*         0x0000000000006b02        0x2 
 .text.UART_1_rx_wake_ClearInterrupt
                0x0000000000006b04       0x10 .pio\build\cubecell_board\libFrameworkArduino.a(UART_1_rx_wake.c.o)
                0x0000000000006b04                UART_1_rx_wake_ClearInterrupt
 .text.UART_1_tx_SetDriveMode
                0x0000000000006b14       0x14 .pio\build\cubecell_board\libFrameworkArduino.a(UART_1_tx.c.o)
                0x0000000000006b14                UART_1_tx_SetDriveMode
 .text.UART_2_SpiUartReadRxData
                0x0000000000006b28        0xc .pio\build\cubecell_board\libFrameworkArduino.a(UART_2_SPI_UART.c.o)
                0x0000000000006b28                UART_2_SpiUartReadRxData
 .text.UART_2_SpiUartGetRxBufferSize
                0x0000000000006b34       0x10 .pio\build\cubecell_board\libFrameworkArduino.a(UART_2_SPI_UART.c.o)
                0x0000000000006b34                UART_2_SpiUartGetRxBufferSize
 .text.UART_2_SpiUartClearRxBuffer
                0x0000000000006b44       0x20 .pio\build\cubecell_board\libFrameworkArduino.a(UART_2_SPI_UART.c.o)
                0x0000000000006b44                UART_2_SpiUartClearRxBuffer
 .text.UART_2_SpiUartWriteTxData
                0x0000000000006b64       0x1c .pio\build\cubecell_board\libFrameworkArduino.a(UART_2_SPI_UART.c.o)
                0x0000000000006b64                UART_2_SpiUartWriteTxData
 .text.UART_2_SpiUartGetTxBufferSize
                0x0000000000006b80       0x10 .pio\build\cubecell_board\libFrameworkArduino.a(UART_2_SPI_UART.c.o)
                0x0000000000006b80                UART_2_SpiUartGetTxBufferSize
 .text.UART_2_SpiUartClearTxBuffer
                0x0000000000006b90       0x20 .pio\build\cubecell_board\libFrameworkArduino.a(UART_2_SPI_UART.c.o)
                0x0000000000006b90                UART_2_SpiUartClearTxBuffer
 .text.UART_2_UartInit
                0x0000000000006bb0       0xc0 .pio\build\cubecell_board\libFrameworkArduino.a(UART_2_UART.c.o)
                0x0000000000006bb0                UART_2_UartInit
 .text.UART_2_UartPostEnable
                0x0000000000006c70       0x14 .pio\build\cubecell_board\libFrameworkArduino.a(UART_2_UART.c.o)
                0x0000000000006c70                UART_2_UartPostEnable
 .text.UART_2_UartGetByte
                0x0000000000006c84       0x34 .pio\build\cubecell_board\libFrameworkArduino.a(UART_2_UART.c.o)
                0x0000000000006c84                UART_2_UartGetByte
 .text.CySysPmSleep
                0x0000000000006cb8       0x1c .pio\build\cubecell_board\libFrameworkArduino.a(cyPm.c.o)
                0x0000000000006cb8                CySysPmSleep
 .text.CySysPmDeepSleep
                0x0000000000006cd4       0x60 .pio\build\cubecell_board\libFrameworkArduino.a(cyPm.c.o)
                0x0000000000006cd4                CySysPmDeepSleep
 .text.GpioMcuSetInterrupt
                0x0000000000006d34        0xe .pio\build\cubecell_board\libFrameworkArduino.a(gpio-board.c.o)
                0x0000000000006d34                GpioMcuSetInterrupt
 .text.GpioMcuWrite
                0x0000000000006d42       0x14 .pio\build\cubecell_board\libFrameworkArduino.a(gpio-board.c.o)
                0x0000000000006d42                GpioMcuWrite
 .text.GpioMcuInit
                0x0000000000006d56       0x1e .pio\build\cubecell_board\libFrameworkArduino.a(gpio-board.c.o)
                0x0000000000006d56                GpioMcuInit
 .text.GpioMcuRead
                0x0000000000006d74       0x14 .pio\build\cubecell_board\libFrameworkArduino.a(gpio-board.c.o)
                0x0000000000006d74                GpioMcuRead
 .text.UART_1_SPI_UART_ISR
                0x0000000000006d88       0x14 .pio\build\cubecell_board\libFrameworkArduino.a(UART_1_SPI_UART_INT.c.o)
                0x0000000000006d88                UART_1_SPI_UART_ISR
 .text.UART_2_SPI_UART_ISR
                0x0000000000006d9c       0x14 .pio\build\cubecell_board\libFrameworkArduino.a(UART_2_SPI_UART_INT.c.o)
                0x0000000000006d9c                UART_2_SPI_UART_ISR
 .text.__aeabi_atexit
                0x0000000000006db0        0xe c:/users/marcus/.platformio/packages/toolchain-gccarmnoneeabi/bin/../lib/gcc/arm-none-eabi/9.2.1/../../../../arm-none-eabi/lib/thumb/v6-m/nofp\libstdc++_nano.a(atexit_arm.o)
                0x0000000000006db0                __aeabi_atexit
 .text._ZdlPvj  0x0000000000006dbe        0x8 c:/users/marcus/.platformio/packages/toolchain-gccarmnoneeabi/bin/../lib/gcc/arm-none-eabi/9.2.1/../../../../arm-none-eabi/lib/thumb/v6-m/nofp\libstdc++_nano.a(del_ops.o)
                0x0000000000006dbe                operator delete(void*, unsigned int)
 .text._ZdaPv   0x0000000000006dc6        0x8 c:/users/marcus/.platformio/packages/toolchain-gccarmnoneeabi/bin/../lib/gcc/arm-none-eabi/9.2.1/../../../../arm-none-eabi/lib/thumb/v6-m/nofp\libstdc++_nano.a(del_opv.o)
                0x0000000000006dc6                operator delete[](void*)
 .text._Znaj    0x0000000000006dce        0x8 c:/users/marcus/.platformio/packages/toolchain-gccarmnoneeabi/bin/../lib/gcc/arm-none-eabi/9.2.1/../../../../arm-none-eabi/lib/thumb/v6-m/nofp\libstdc++_nano.a(new_opv.o)
                0x0000000000006dce                operator new[](unsigned int)
 .text._ZdlPv   0x0000000000006dd6        0x8 c:/users/marcus/.platformio/packages/toolchain-gccarmnoneeabi/bin/../lib/gcc/arm-none-eabi/9.2.1/../../../../arm-none-eabi/lib/thumb/v6-m/nofp\libstdc++_nano.a(del_op.o)
                0x0000000000006dd6                operator delete(void*)
 .text._Znwj    0x0000000000006dde       0x24 c:/users/marcus/.platformio/packages/toolchain-gccarmnoneeabi/bin/../lib/gcc/arm-none-eabi/9.2.1/../../../../arm-none-eabi/lib/thumb/v6-m/nofp\libstdc++_nano.a(new_op.o)
                0x0000000000006dde                operator new(unsigned int)
 *fill*         0x0000000000006e02        0x2 
 .text._ZSt15get_new_handlerv
                0x0000000000006e04        0xc c:/users/marcus/.platformio/packages/toolchain-gccarmnoneeabi/bin/../lib/gcc/arm-none-eabi/9.2.1/../../../../arm-none-eabi/lib/thumb/v6-m/nofp\libstdc++_nano.a(new_handler.o)
                0x0000000000006e04                std::get_new_handler()
 .text.UART_2_Enable
                0x0000000000006e10       0x20 C:\Users\Marcus\.platformio\packages\framework-arduinoasrmicro650x\cores\asr650x\projects\CubeCellLib.a(UART_2.o)
                0x0000000000006e10                UART_2_Enable
 .text.UART_2_Start
                0x0000000000006e30       0x64 C:\Users\Marcus\.platformio\packages\framework-arduinoasrmicro650x\cores\asr650x\projects\CubeCellLib.a(UART_2.o)
                0x0000000000006e30                UART_2_Start
 .text.UART_1_Enable
                0x0000000000006e94       0x20 C:\Users\Marcus\.platformio\packages\framework-arduinoasrmicro650x\cores\asr650x\projects\CubeCellLib.a(UART_1.o)
                0x0000000000006e94                UART_1_Enable
 .text.UART_1_Start
                0x0000000000006eb4       0x54 C:\Users\Marcus\.platformio\packages\framework-arduinoasrmicro650x\cores\asr650x\projects\CubeCellLib.a(UART_1.o)
                0x0000000000006eb4                UART_1_Start
 .text._ZN17CubeCell_NeoPixelD2Ev
                0x0000000000006f08       0x1e .pio\build\cubecell_board\lib443\libRGB.a(CubeCell_NeoPixel.cpp.o)
                0x0000000000006f08                CubeCell_NeoPixel::~CubeCell_NeoPixel()
                0x0000000000006f08                CubeCell_NeoPixel::~CubeCell_NeoPixel()
 .text._ZN17CubeCell_NeoPixel12updateLengthEt
                0x0000000000006f26       0x3c .pio\build\cubecell_board\lib443\libRGB.a(CubeCell_NeoPixel.cpp.o)
                0x0000000000006f26                CubeCell_NeoPixel::updateLength(unsigned short)
 .text._ZN17CubeCell_NeoPixel10updateTypeEt
                0x0000000000006f62       0x46 .pio\build\cubecell_board\lib443\libRGB.a(CubeCell_NeoPixel.cpp.o)
                0x0000000000006f62                CubeCell_NeoPixel::updateType(unsigned short)
 .text._ZN17CubeCell_NeoPixel6setPinEh
                0x0000000000006fa8       0x36 .pio\build\cubecell_board\lib443\libRGB.a(CubeCell_NeoPixel.cpp.o)
                0x0000000000006fa8                CubeCell_NeoPixel::setPin(unsigned char)
 .text._ZN17CubeCell_NeoPixelC2Etht
                0x0000000000006fde       0x2e .pio\build\cubecell_board\lib443\libRGB.a(CubeCell_NeoPixel.cpp.o)
                0x0000000000006fde                CubeCell_NeoPixel::CubeCell_NeoPixel(unsigned short, unsigned char, unsigned short)
                0x0000000000006fde                CubeCell_NeoPixel::CubeCell_NeoPixel(unsigned short, unsigned char, unsigned short)
 .text.UART_1_SCB_IRQ_Stop
                0x000000000000700c       0x1c .pio\build\cubecell_board\libFrameworkArduino.a(UART_1_SCB_IRQ.c.o)
                0x000000000000700c                UART_1_SCB_IRQ_Stop
 .text.UART_2_SCB_IRQ_Stop
                0x0000000000007028       0x1c .pio\build\cubecell_board\libFrameworkArduino.a(UART_2_SCB_IRQ.c.o)
                0x0000000000007028                UART_2_SCB_IRQ_Stop
 .text.ceil     0x0000000000007044      0x118 c:/users/marcus/.platformio/packages/toolchain-gccarmnoneeabi/bin/../lib/gcc/arm-none-eabi/9.2.1/../../../../arm-none-eabi/lib/thumb/v6-m/nofp\libm.a(lib_a-s_ceil.o)
                0x0000000000007044                ceil
 .text.floor    0x000000000000715c      0x128 c:/users/marcus/.platformio/packages/toolchain-gccarmnoneeabi/bin/../lib/gcc/arm-none-eabi/9.2.1/../../../../arm-none-eabi/lib/thumb/v6-m/nofp\libm.a(lib_a-s_floor.o)
                0x000000000000715c                floor
 .text.rint     0x0000000000007284      0x120 c:/users/marcus/.platformio/packages/toolchain-gccarmnoneeabi/bin/../lib/gcc/arm-none-eabi/9.2.1/../../../../arm-none-eabi/lib/thumb/v6-m/nofp\libm.a(lib_a-s_rint.o)
                0x0000000000007284                rint
 .text          0x00000000000073a4       0x14 c:/users/marcus/.platformio/packages/toolchain-gccarmnoneeabi/bin/../lib/gcc/arm-none-eabi/9.2.1/thumb/v6-m/nofp\libgcc.a(_thumb1_case_shi.o)
                0x00000000000073a4                __gnu_thumb1_case_shi
 .text          0x00000000000073b8      0x114 c:/users/marcus/.platformio/packages/toolchain-gccarmnoneeabi/bin/../lib/gcc/arm-none-eabi/9.2.1/thumb/v6-m/nofp\libgcc.a(_udivsi3.o)
                0x00000000000073b8                __aeabi_uidiv
                0x00000000000073b8                __udivsi3
                0x00000000000074c4                __aeabi_uidivmod
 .text          0x00000000000074cc      0x1d4 c:/users/marcus/.platformio/packages/toolchain-gccarmnoneeabi/bin/../lib/gcc/arm-none-eabi/9.2.1/thumb/v6-m/nofp\libgcc.a(_divsi3.o)
                0x00000000000074cc                __divsi3
                0x00000000000074cc                __aeabi_idiv
                0x0000000000007698                __aeabi_idivmod
 .text          0x00000000000076a0        0x4 c:/users/marcus/.platformio/packages/toolchain-gccarmnoneeabi/bin/../lib/gcc/arm-none-eabi/9.2.1/thumb/v6-m/nofp\libgcc.a(_dvmd_tls.o)
                0x00000000000076a0                __aeabi_idiv0
                0x00000000000076a0                __aeabi_ldiv0
 .text          0x00000000000076a4       0x7c c:/users/marcus/.platformio/packages/toolchain-gccarmnoneeabi/bin/../lib/gcc/arm-none-eabi/9.2.1/thumb/v6-m/nofp\libgcc.a(_arm_cmpdf2.o)
                0x00000000000076a4                __aeabi_cdrcmple
                0x00000000000076b4                __aeabi_cdcmple
                0x00000000000076b4                __aeabi_cdcmpeq
                0x00000000000076c4                __aeabi_dcmpeq
                0x00000000000076d0                __aeabi_dcmplt
                0x00000000000076e4                __aeabi_dcmple
                0x00000000000076f8                __aeabi_dcmpgt
                0x000000000000770c                __aeabi_dcmpge
 .text          0x0000000000007720       0x40 c:/users/marcus/.platformio/packages/toolchain-gccarmnoneeabi/bin/../lib/gcc/arm-none-eabi/9.2.1/thumb/v6-m/nofp\libgcc.a(_aeabi_uldivmod.o)
                0x0000000000007720                __aeabi_uldivmod
 .text.__muldi3
                0x0000000000007760       0x50 c:/users/marcus/.platformio/packages/toolchain-gccarmnoneeabi/bin/../lib/gcc/arm-none-eabi/9.2.1/thumb/v6-m/nofp\libgcc.a(_muldi3.o)
                0x0000000000007760                __muldi3
                0x0000000000007760                __aeabi_lmul
 .text.__fixunsdfsi
                0x00000000000077b0       0x3c c:/users/marcus/.platformio/packages/toolchain-gccarmnoneeabi/bin/../lib/gcc/arm-none-eabi/9.2.1/thumb/v6-m/nofp\libgcc.a(_fixunsdfsi.o)
                0x00000000000077b0                __aeabi_d2uiz
                0x00000000000077b0                __fixunsdfsi
 .text.__udivmoddi4
                0x00000000000077ec      0x198 c:/users/marcus/.platformio/packages/toolchain-gccarmnoneeabi/bin/../lib/gcc/arm-none-eabi/9.2.1/thumb/v6-m/nofp\libgcc.a(_udivmoddi4.o)
                0x00000000000077ec                __udivmoddi4
 .text.__aeabi_fdiv
                0x0000000000007984      0x218 c:/users/marcus/.platformio/packages/toolchain-gccarmnoneeabi/bin/../lib/gcc/arm-none-eabi/9.2.1/thumb/v6-m/nofp\libgcc.a(divsf3.o)
                0x0000000000007984                __aeabi_fdiv
 .text.__aeabi_fmul
                0x0000000000007b9c      0x234 c:/users/marcus/.platformio/packages/toolchain-gccarmnoneeabi/bin/../lib/gcc/arm-none-eabi/9.2.1/thumb/v6-m/nofp\libgcc.a(mulsf3.o)
                0x0000000000007b9c                __aeabi_fmul
 .text.__aeabi_f2iz
                0x0000000000007dd0       0x40 c:/users/marcus/.platformio/packages/toolchain-gccarmnoneeabi/bin/../lib/gcc/arm-none-eabi/9.2.1/thumb/v6-m/nofp\libgcc.a(fixsfsi.o)
                0x0000000000007dd0                __aeabi_f2iz
 .text.__aeabi_ui2f
                0x0000000000007e10       0x78 c:/users/marcus/.platformio/packages/toolchain-gccarmnoneeabi/bin/../lib/gcc/arm-none-eabi/9.2.1/thumb/v6-m/nofp\libgcc.a(floatunsisf.o)
                0x0000000000007e10                __aeabi_ui2f
 .text.__aeabi_dadd
                0x0000000000007e88      0x6d4 c:/users/marcus/.platformio/packages/toolchain-gccarmnoneeabi/bin/../lib/gcc/arm-none-eabi/9.2.1/thumb/v6-m/nofp\libgcc.a(adddf3.o)
                0x0000000000007e88                __aeabi_dadd
 .text.__aeabi_ddiv
                0x000000000000855c      0x5d0 c:/users/marcus/.platformio/packages/toolchain-gccarmnoneeabi/bin/../lib/gcc/arm-none-eabi/9.2.1/thumb/v6-m/nofp\libgcc.a(divdf3.o)
                0x000000000000855c                __aeabi_ddiv
 .text.__eqdf2  0x0000000000008b2c       0x78 c:/users/marcus/.platformio/packages/toolchain-gccarmnoneeabi/bin/../lib/gcc/arm-none-eabi/9.2.1/thumb/v6-m/nofp\libgcc.a(eqdf2.o)
                0x0000000000008b2c                __nedf2
                0x0000000000008b2c                __eqdf2
 .text.__gedf2  0x0000000000008ba4       0xe4 c:/users/marcus/.platformio/packages/toolchain-gccarmnoneeabi/bin/../lib/gcc/arm-none-eabi/9.2.1/thumb/v6-m/nofp\libgcc.a(gedf2.o)
                0x0000000000008ba4                __gedf2
                0x0000000000008ba4                __gtdf2
 .text.__ledf2  0x0000000000008c88       0xe0 c:/users/marcus/.platformio/packages/toolchain-gccarmnoneeabi/bin/../lib/gcc/arm-none-eabi/9.2.1/thumb/v6-m/nofp\libgcc.a(ledf2.o)
                0x0000000000008c88                __ledf2
                0x0000000000008c88                __ltdf2
 .text.__aeabi_dmul
                0x0000000000008d68      0x4d8 c:/users/marcus/.platformio/packages/toolchain-gccarmnoneeabi/bin/../lib/gcc/arm-none-eabi/9.2.1/thumb/v6-m/nofp\libgcc.a(muldf3.o)
                0x0000000000008d68                __aeabi_dmul
 .text.__aeabi_dsub
                0x0000000000009240      0x724 c:/users/marcus/.platformio/packages/toolchain-gccarmnoneeabi/bin/../lib/gcc/arm-none-eabi/9.2.1/thumb/v6-m/nofp\libgcc.a(subdf3.o)
                0x0000000000009240                __aeabi_dsub
 .text.__aeabi_d2iz
                0x0000000000009964       0x6c c:/users/marcus/.platformio/packages/toolchain-gccarmnoneeabi/bin/../lib/gcc/arm-none-eabi/9.2.1/thumb/v6-m/nofp\libgcc.a(fixdfsi.o)
                0x0000000000009964                __aeabi_d2iz
 .text.__aeabi_i2d
                0x00000000000099d0       0x60 c:/users/marcus/.platformio/packages/toolchain-gccarmnoneeabi/bin/../lib/gcc/arm-none-eabi/9.2.1/thumb/v6-m/nofp\libgcc.a(floatsidf.o)
                0x00000000000099d0                __aeabi_i2d
 .text.__aeabi_ui2d
                0x0000000000009a30       0x4c c:/users/marcus/.platformio/packages/toolchain-gccarmnoneeabi/bin/../lib/gcc/arm-none-eabi/9.2.1/thumb/v6-m/nofp\libgcc.a(floatunsidf.o)
                0x0000000000009a30                __aeabi_ui2d
 .text.__aeabi_f2d