Archive member included to satisfy reference by file (symbol)

C:\Users\Marcus\.platformio\packages\framework-arduinoasrmicro650x\cores\asr650x\projects\CubeCellLib.a(timeServer.o)
                              .pio\build\cubecell_board\src\main.cpp.o (TimerInit)
C:\Users\Marcus\.platformio\packages\framework-arduinoasrmicro650x\cores\asr650x\projects\CubeCellLib.a(lorawan_port.o)
                              C:\Users\Marcus\.platformio\packages\framework-arduinoasrmicro650x\cores\asr650x\projects\CubeCellLib.a(timeServer.o) (aos_lrwan_time_itf)
C:\Users\Marcus\.platformio\packages\framework-arduinoasrmicro650x\cores\asr650x\projects\CubeCellLib.a(asr_timer.o)
                              C:\Users\Marcus\.platformio\packages\framework-arduinoasrmicro650x\cores\asr650x\projects\CubeCellLib.a(lorawan_port.o) (Asr_Timer_RegisterAlarmCallback)
C:\Users\Marcus\.platformio\packages\framework-arduinoasrmicro650x\cores\asr650x\projects\CubeCellLib.a(ASR_Arduino.o)
                              .pio\build\cubecell_board\src\main.cpp.o (getID)
C:\Users\Marcus\.platformio\packages\framework-arduinoasrmicro650x\cores\asr650x\projects\CubeCellLib.a(cyfitter_cfg.o)
                              C:\Users\Marcus\.platformio\packages\framework-arduinoasrmicro650x\cores\asr650x\projects\CubeCellLib.a(ASR_Arduino.o) (systime)
.pio\build\cubecell_board\liba3c\libLoRa.a(LoRaWan_APP.cpp.o)
                              .pio\build\cubecell_board\src\main.cpp.o (turnOnRGB)
.pio\build\cubecell_board\libFrameworkArduino.a(HardwareSerial.cpp.o)
                              .pio\build\cubecell_board\src\main.cpp.o (HardwareSerial::begin(unsigned long, unsigned long, signed char, bool, unsigned long))
.pio\build\cubecell_board\libFrameworkArduino.a(asr_board.c.o)
                              .pio\build\cubecell_board\src\main.cpp.o (boardInitMcu)
.pio\build\cubecell_board\libFrameworkArduino.a(gpio.c.o)
                              .pio\build\cubecell_board\libFrameworkArduino.a(asr_board.c.o) (GpioInit)
.pio\build\cubecell_board\libFrameworkArduino.a(spi-board.c.o)
                              .pio\build\cubecell_board\libFrameworkArduino.a(asr_board.c.o) (SpiInit)
.pio\build\cubecell_board\libFrameworkArduino.a(ADC_SAR_Seq.c.o)
                              C:\Users\Marcus\.platformio\packages\framework-arduinoasrmicro650x\cores\asr650x\projects\CubeCellLib.a(ASR_Arduino.o) (ADC_SAR_Seq_Start)
.pio\build\cubecell_board\libFrameworkArduino.a(ADC_SAR_Seq_INT.c.o)
                              .pio\build\cubecell_board\libFrameworkArduino.a(ADC_SAR_Seq.c.o) (ADC_SAR_Seq_ISR)
.pio\build\cubecell_board\libFrameworkArduino.a(PWM1.c.o)
                              C:\Users\Marcus\.platformio\packages\framework-arduinoasrmicro650x\cores\asr650x\projects\CubeCellLib.a(ASR_Arduino.o) (PWM1_Stop)
.pio\build\cubecell_board\libFrameworkArduino.a(PWM2.c.o)
                              C:\Users\Marcus\.platformio\packages\framework-arduinoasrmicro650x\cores\asr650x\projects\CubeCellLib.a(ASR_Arduino.o) (PWM2_Stop)
.pio\build\cubecell_board\libFrameworkArduino.a(Print.cpp.o)
                              .pio\build\cubecell_board\src\main.cpp.o (Print::printf(char const*, ...))
.pio\build\cubecell_board\libFrameworkArduino.a(Stream.cpp.o)
                              .pio\build\cubecell_board\libFrameworkArduino.a(HardwareSerial.cpp.o) (Stream::readBytes(char*, unsigned int))
.pio\build\cubecell_board\libFrameworkArduino.a(WString.cpp.o)
                              .pio\build\cubecell_board\libFrameworkArduino.a(Stream.cpp.o) (String::String(char const*))
.pio\build\cubecell_board\libFrameworkArduino.a(irq.c.o)
                              C:\Users\Marcus\.platformio\packages\framework-arduinoasrmicro650x\cores\asr650x\projects\CubeCellLib.a(ASR_Arduino.o) (global_irq_StartEx)
.pio\build\cubecell_board\libFrameworkArduino.a(stdlib_noniso.c.o)
                              .pio\build\cubecell_board\libFrameworkArduino.a(WString.cpp.o) (ltoa)
.pio\build\cubecell_board\libFrameworkArduino.a(radio.c.o)
                              .pio\build\cubecell_board\libFrameworkArduino.a(asr_board.c.o) (SX126x)
.pio\build\cubecell_board\libFrameworkArduino.a(sx126x.c.o)
                              .pio\build\cubecell_board\libFrameworkArduino.a(radio.c.o) (SX126xGetOperatingMode)
.pio\build\cubecell_board\libFrameworkArduino.a(LoRaMac.c.o)
                              .pio\build\cubecell_board\liba3c\libLoRa.a(LoRaWan_APP.cpp.o) (LoRaMacInitialization)
.pio\build\cubecell_board\libFrameworkArduino.a(LoRaMacClassB.c.o)
                              .pio\build\cubecell_board\libFrameworkArduino.a(LoRaMac.c.o) (LoRaMacClassBInit)
.pio\build\cubecell_board\libFrameworkArduino.a(LoRaMacConfirmQueue.c.o)
                              .pio\build\cubecell_board\libFrameworkArduino.a(LoRaMac.c.o) (LoRaMacConfirmQueueInit)
.pio\build\cubecell_board\libFrameworkArduino.a(LoRaMacCrypto.c.o)
[...]
Memory Configuration

Name             Origin             Length             Attributes
rom              0x0000000000000000 0x0000000000020000 xr
ram              0x0000000020000000 0x0000000000004000 xrw
*default*        0x0000000000000000 0xffffffffffffffff

Linker script and memory map

LOAD c:/users/marcus/.platformio/packages/toolchain-gccarmnoneeabi/bin/../lib/gcc/arm-none-eabi/9.2.1/thumb/v6-m/nofp/crti.o
LOAD c:/users/marcus/.platformio/packages/toolchain-gccarmnoneeabi/bin/../lib/gcc/arm-none-eabi/9.2.1/thumb/v6-m/nofp/crtbegin.o
LOAD c:/users/marcus/.platformio/packages/toolchain-gccarmnoneeabi/bin/../lib/gcc/arm-none-eabi/9.2.1/../../../../arm-none-eabi/lib/thumb/v6-m/nofp/crt0.o
LOAD .pio\build\cubecell_board\src\AT85ADC.cpp.o
LOAD .pio\build\cubecell_board\src\CayenneLPP.cpp.o
LOAD .pio\build\cubecell_board\src\OneWire.cpp.o
LOAD .pio\build\cubecell_board\src\main.cpp.o
START GROUP
LOAD C:\Users\Marcus\.platformio\packages\framework-arduinoasrmicro650x\cores\asr650x\projects\CubeCellLib.a
LOAD .pio\build\cubecell_board\lib37c\libOneWire.a
LOAD .pio\build\cubecell_board\lib443\libRGB.a
LOAD .pio\build\cubecell_board\lib793\libOLED.a
LOAD .pio\build\cubecell_board\liba3c\libLoRa.a
LOAD .pio\build\cubecell_board\libFrameworkArduinoVariant.a
LOAD .pio\build\cubecell_board\libFrameworkArduino.a
LOAD c:/users/marcus/.platformio/packages/toolchain-gccarmnoneeabi/bin/../lib/gcc/arm-none-eabi/9.2.1/../../../../arm-none-eabi/lib/thumb/v6-m/nofp\libstdc++_nano.a
END GROUP
LOAD c:/users/marcus/.platformio/packages/toolchain-gccarmnoneeabi/bin/../lib/gcc/arm-none-eabi/9.2.1/../../../../arm-none-eabi/lib/thumb/v6-m/nofp\libstdc++_nano.a
LOAD c:/users/marcus/.platformio/packages/toolchain-gccarmnoneeabi/bin/../lib/gcc/arm-none-eabi/9.2.1/../../../../arm-none-eabi/lib/thumb/v6-m/nofp\libm.a
START GROUP
LOAD c:/users/marcus/.platformio/packages/toolchain-gccarmnoneeabi/bin/../lib/gcc/arm-none-eabi/9.2.1/thumb/v6-m/nofp\libgcc.a
LOAD c:/users/marcus/.platformio/packages/toolchain-gccarmnoneeabi/bin/../lib/gcc/arm-none-eabi/9.2.1/../../../../arm-none-eabi/lib/thumb/v6-m/nofp\libc_nano.a
END GROUP
START GROUP
LOAD c:/users/marcus/.platformio/packages/toolchain-gccarmnoneeabi/bin/../lib/gcc/arm-none-eabi/9.2.1/thumb/v6-m/nofp\libgcc.a
LOAD c:/users/marcus/.platformio/packages/toolchain-gccarmnoneeabi/bin/../lib/gcc/arm-none-eabi/9.2.1/../../../../arm-none-eabi/lib/thumb/v6-m/nofp\libc_nano.a
END GROUP
LOAD c:/users/marcus/.platformio/packages/toolchain-gccarmnoneeabi/bin/../lib/gcc/arm-none-eabi/9.2.1/thumb/v6-m/nofp/crtend.o
LOAD c:/users/marcus/.platformio/packages/toolchain-gccarmnoneeabi/bin/../lib/gcc/arm-none-eabi/9.2.1/thumb/v6-m/nofp/crtn.o
START GROUP
LOAD c:/users/marcus/.platformio/packages/toolchain-gccarmnoneeabi/bin/../lib/gcc/arm-none-eabi/9.2.1/thumb/v6-m/nofp\libgcc.a
LOAD c:/users/marcus/.platformio/packages/toolchain-gccarmnoneeabi/bin/../lib/gcc/arm-none-eabi/9.2.1/../../../../arm-none-eabi/lib/thumb/v6-m/nofp\libc.a
LOAD c:/users/marcus/.platformio/packages/toolchain-gccarmnoneeabi/bin/../lib/gcc/arm-none-eabi/9.2.1/../../../../arm-none-eabi/lib/thumb/v6-m/nofp\libnosys.a
END GROUP
                0x0000000000000000                CY_APPL_ORIGIN = 0x0
                0x0000000000000100                CY_FLASH_ROW_SIZE = 0x100
                0x0000000000000001                CY_APPL_NUM = 0x1
                0x0000000000000001                CY_APPL_MAX = 0x1
                0x0000000000000040                CY_METADATA_SIZE = 0x40
                0x0000000000000001                CY_APPL_LOADABLE = 0x1
                0x0000000000000000                CY_CHECKSUM_EXCLUDE_SIZE = ALIGN (0x0, CY_FLASH_ROW_SIZE)
                0x0000000000000000                CY_APP_FOR_STACK_AND_COPIER = 0x0
                [!provide]                        PROVIDE (__cy_heap_start = _end)
                0x0000000000000001                PROVIDE (__cy_region_num = ((__cy_regions_end - __cy_regions) / 0x10))
                0x0000000020004000                PROVIDE (__cy_stack = (ORIGIN (ram) + LENGTH (ram)))
                [!provide]                        PROVIDE (__cy_heap_end = (__cy_stack - 0x800))

.cybootloader   0x0000000000000000     0x2200
 *(.cybootloader)
 .cybootloader  0x0000000000000000     0x2200 .pio\build\cubecell_board\libFrameworkArduino.a(cybootloader.c.o)
                0x0000000000000000                cy_bootloader
                0x0000000000002200                appl1_start = CY_APPL_ORIGIN?CY_APPL_ORIGIN:ALIGN (CY_FLASH_ROW_SIZE)
                0x0000000000011000                appl2_start = (appl1_start + ALIGN ((((LENGTH (rom) - appl1_start) - (0x2 * CY_FLASH_ROW_SIZE)) / 0x2), CY_FLASH_ROW_SIZE))
                0x0000000000002200                appl_start = (CY_APPL_NUM == 0x1)?appl1_start:appl2_start
                0x0000000000000000                cy_project_type_bootloader = (appl_start == 0x0)?0x1:0x0
                0x0000000000000000                cy_project_type_app_for_stack_and_copier = (CY_APP_FOR_STACK_AND_COPIER == 0x1)?0x1:0x0

.text           0x0000000000002200     0x8634
 CREATE_OBJECT_SYMBOLS
                0x0000000000002200                PROVIDE (__cy_interrupt_vector = RomVectors)
 *(.romvectors)
 .romvectors    0x0000000000002200       0x10 .pio\build\cubecell_board\libFrameworkArduino.a(Cm0plusStart.c.o)
                0x0000000000002200                RomVectors
                0x0000000000000001                ASSERT ((. != __cy_interrupt_vector), No interrupt vector)
                0x0000000000000001                ASSERT (CY_APPL_ORIGIN?(SIZEOF (.cybootloader) <= CY_APPL_ORIGIN):0x1, Wrong image location)
                0x0000000000002210                PROVIDE (__cy_reset = Reset)
 *(.text.Reset)
 .text.Reset    0x0000000000002210       0x18 .pio\build\cubecell_board\libFrameworkArduino.a(Cm0plusStart.c.o)
                0x0000000000002210                Reset
                0x0000000000000001                ASSERT ((. != __cy_reset), No reset code)
 *(.psocinit)
 .psocinit      0x0000000000002228      0x1b4 C:\Users\Marcus\.platformio\packages\framework-arduinoasrmicro650x\cores\asr650x\projects\CubeCellLib.a(cyfitter_cfg.o)
                0x0000000000002228                cyfitter_cfg
                0x00000000000023dc                . = MAX (., 0x100)
 *(.text .text.* .gnu.linkonce.t.*)
 .text.__do_global_dtors_aux
                0x00000000000023dc       0x28 c:/users/marcus/.platformio/packages/toolchain-gccarmnoneeabi/bin/../lib/gcc/arm-none-eabi/9.2.1/thumb/v6-m/nofp/crtbegin.o
 .text.frame_dummy
                0x0000000000002404       0x20 c:/users/marcus/.platformio/packages/toolchain-gccarmnoneeabi/bin/../lib/gcc/arm-none-eabi/9.2.1/thumb/v6-m/nofp/crtbegin.o
 .text._ZN7AT85ADCC2Eh
                0x0000000000002424        0xc .pio\build\cubecell_board\src\AT85ADC.cpp.o
                0x0000000000002424                AT85ADC::AT85ADC(unsigned char)
                0x0000000000002424                AT85ADC::AT85ADC(unsigned char)
 .text._ZN7AT85ADC6searchEv
                0x0000000000002430       0x46 .pio\build\cubecell_board\src\AT85ADC.cpp.o
                0x0000000000002430                AT85ADC::search()
 .text._ZN7AT85ADC17performConversionEhhm
                0x0000000000002476       0x76 .pio\build\cubecell_board\src\AT85ADC.cpp.o
                0x0000000000002476                AT85ADC::performConversion(unsigned char, unsigned char, unsigned long)
 .text._ZN7AT85ADC10performAdcEh
                0x00000000000024ec       0x10 .pio\build\cubecell_board\src\AT85ADC.cpp.o
                0x00000000000024ec                AT85ADC::performAdc(unsigned char)
 .text._ZN7AT85ADC11performFreqEv
                0x00000000000024fc       0x10 .pio\build\cubecell_board\src\AT85ADC.cpp.o
                0x00000000000024fc                AT85ADC::performFreq()
 .text._ZN10CayenneLPPC2Eh
                0x000000000000250c       0x16 .pio\build\cubecell_board\src\CayenneLPP.cpp.o
                0x000000000000250c                CayenneLPP::CayenneLPP(unsigned char)
                0x000000000000250c                CayenneLPP::CayenneLPP(unsigned char)
 .text._ZN10CayenneLPPD2Ev
                0x0000000000002522        0xe .pio\build\cubecell_board\src\CayenneLPP.cpp.o
                0x0000000000002522                CayenneLPP::~CayenneLPP()
                0x0000000000002522                CayenneLPP::~CayenneLPP()
 .text._ZN10CayenneLPP5resetEv
                0x0000000000002530        0x6 .pio\build\cubecell_board\src\CayenneLPP.cpp.o
                0x0000000000002530                CayenneLPP::reset()
 .text._ZN10CayenneLPP7getSizeEv
                0x0000000000002536        0x4 .pio\build\cubecell_board\src\CayenneLPP.cpp.o
                0x0000000000002536                CayenneLPP::getSize()
 .text._ZN10CayenneLPP9getBufferEv
                0x000000000000253a        0x4 .pio\build\cubecell_board\src\CayenneLPP.cpp.o
                0x000000000000253a                CayenneLPP::getBuffer()
 *fill*         0x000000000000253e        0x2 
 .text._ZN10CayenneLPP14addAnalogInputEhf
                0x0000000000002540       0x54 .pio\build\cubecell_board\src\CayenneLPP.cpp.o
                0x0000000000002540                CayenneLPP::addAnalogInput(unsigned char, float)
 .text._ZN10CayenneLPP11addPresenceEhh
                0x0000000000002594       0x32 .pio\build\cubecell_board\src\CayenneLPP.cpp.o
                0x0000000000002594                CayenneLPP::addPresence(unsigned char, unsigned char)
 *fill*         0x00000000000025c6        0x2 
 .text._ZN7OneWire5resetEv
                0x00000000000025c8       0xa4 .pio\build\cubecell_board\src\OneWire.cpp.o
                0x00000000000025c8                OneWire::reset()
 .text._ZN7OneWire9write_bitEh
                0x000000000000266c       0x74 .pio\build\cubecell_board\src\OneWire.cpp.o
                0x000000000000266c                OneWire::write_bit(unsigned char)
 .text._ZN7OneWire8read_bitEv
                0x00000000000026e0       0x64 .pio\build\cubecell_board\src\OneWire.cpp.o
                0x00000000000026e0                OneWire::read_bit()
 .text._ZN7OneWire5writeEhh
                0x0000000000002744       0x70 .pio\build\cubecell_board\src\OneWire.cpp.o
                0x0000000000002744                OneWire::write(unsigned char, unsigned char)
 .text._ZN7OneWire4readEv
                0x00000000000027b4       0x24 .pio\build\cubecell_board\src\OneWire.cpp.o
                0x00000000000027b4                OneWire::read()
 .text._ZN7OneWire6selectEPKh
                0x00000000000027d8       0x24 .pio\build\cubecell_board\src\OneWire.cpp.o
                0x00000000000027d8                OneWire::select(unsigned char const*)
 .text._ZN7OneWire7depowerEv
                0x00000000000027fc       0x2c .pio\build\cubecell_board\src\OneWire.cpp.o
                0x00000000000027fc                OneWire::depower()
 .text._ZN7OneWire12reset_searchEv
                0x0000000000002828        0xc .pio\build\cubecell_board\src\OneWire.cpp.o
                0x0000000000002828                OneWire::reset_search()
 .text._ZN7OneWire5beginEh
                0x0000000000002834       0x1c .pio\build\cubecell_board\src\OneWire.cpp.o
                0x0000000000002834                OneWire::begin(unsigned char)
 .text._ZN7OneWire6searchEPhb
                0x0000000000002850       0xe6 .pio\build\cubecell_board\src\OneWire.cpp.o
                0x0000000000002850                OneWire::search(unsigned char*, bool)
 *fill*         0x0000000000002936        0x2 
 .text._ZN7OneWire4crc8EPKhh
                0x0000000000002938       0x2c .pio\build\cubecell_board\src\OneWire.cpp.o
                0x0000000000002938                OneWire::crc8(unsigned char const*, unsigned char)
 .text._Z8OnRxDonePhtsa
                0x0000000000002964        0xc .pio\build\cubecell_board\src\main.cpp.o
                0x0000000000002964                OnRxDone(unsigned char*, unsigned short, short, signed char)
 .text._Z8onWakeUpv
                0x0000000000002970        0xc .pio\build\cubecell_board\src\main.cpp.o
                0x0000000000002970                onWakeUp()
 .text._Z5setupv
                0x000000000000297c       0xbc .pio\build\cubecell_board\src\main.cpp.o
                0x000000000000297c                setup()
 .text._Z14SendTestPacketv
                0x0000000000002a38      0x114 .pio\build\cubecell_board\src\main.cpp.o
                0x0000000000002a38                SendTestPacket()
 .text._Z7onSleepv
                0x0000000000002b4c       0x20 .pio\build\cubecell_board\src\main.cpp.o
                0x0000000000002b4c                onSleep()
 .text._Z4loopv
                0x0000000000002b6c       0x40 .pio\build\cubecell_board\src\main.cpp.o
                0x0000000000002b6c                loop()
 .text._Z12onRadioSleepv
                0x0000000000002bac       0x14 .pio\build\cubecell_board\src\main.cpp.o
                0x0000000000002bac                onRadioSleep()
 .text._Z8OnTxDonev
                0x0000000000002bc0        0xc .pio\build\cubecell_board\src\main.cpp.o
                0x0000000000002bc0                OnTxDone()
 .text._Z11OnTxTimeoutv
                0x0000000000002bcc        0x8 .pio\build\cubecell_board\src\main.cpp.o
                0x0000000000002bcc                OnTxTimeout()
 .text.startup._GLOBAL__sub_I__bandwidth
                0x0000000000002bd4       0x14 .pio\build\cubecell_board\src\main.cpp.o
 .text.TimeStampsUpdate
                0x0000000000002be8       0x38 C:\Users\Marcus\.platformio\packages\framework-arduinoasrmicro650x\cores\asr650x\projects\CubeCellLib.a(timeServer.o)
 .text.TimerSetTimeout
                0x0000000000002c20       0x10 C:\Users\Marcus\.platformio\packages\framework-arduinoasrmicro650x\cores\asr650x\projects\CubeCellLib.a(timeServer.o)
 .text.TimerInsertNewHeadTimer
                0x0000000000002c30       0x1c C:\Users\Marcus\.platformio\packages\framework-arduinoasrmicro650x\cores\asr650x\projects\CubeCellLib.a(timeServer.o)
 .text.TimerInit
                0x0000000000002c4c        0xe C:\Users\Marcus\.platformio\packages\framework-arduinoasrmicro650x\cores\asr650x\projects\CubeCellLib.a(timeServer.o)
                0x0000000000002c4c                TimerInit
 *fill*         0x0000000000002c5a        0x2 
 .text.TimerStart
                0x0000000000002c5c       0x88 C:\Users\Marcus\.platformio\packages\framework-arduinoasrmicro650x\cores\asr650x\projects\CubeCellLib.a(timeServer.o)
                0x0000000000002c5c                TimerStart
 .text.TimerIrqHandler
                0x0000000000002ce4       0x70 C:\Users\Marcus\.platformio\packages\framework-arduinoasrmicro650x\cores\asr650x\projects\CubeCellLib.a(timeServer.o)
                0x0000000000002ce4                TimerIrqHandler
 .text.TimerStop
                0x0000000000002d54       0x68 C:\Users\Marcus\.platformio\packages\framework-arduinoasrmicro650x\cores\asr650x\projects\CubeCellLib.a(timeServer.o)
                0x0000000000002d54                TimerStop
 .text.TimerSetValue
                0x0000000000002dbc       0x1c C:\Users\Marcus\.platformio\packages\framework-arduinoasrmicro650x\cores\asr650x\projects\CubeCellLib.a(timeServer.o)
                0x0000000000002dbc                TimerSetValue
 .text.TimerGetCurrentTime
                0x0000000000002dd8       0x10 C:\Users\Marcus\.platformio\packages\framework-arduinoasrmicro650x\cores\asr650x\projects\CubeCellLib.a(timeServer.o)
                0x0000000000002dd8                TimerGetCurrentTime
 .text.TimerGetElapsedTime
                0x0000000000002de8       0x10 C:\Users\Marcus\.platformio\packages\framework-arduinoasrmicro650x\cores\asr650x\projects\CubeCellLib.a(timeServer.o)
                0x0000000000002de8                TimerGetElapsedTime
 .text.get_timer_context
                0x0000000000002df8        0xc C:\Users\Marcus\.platformio\packages\framework-arduinoasrmicro650x\cores\asr650x\projects\CubeCellLib.a(lorawan_port.o)
 .text.set_timer_val
                0x0000000000002e04        0xc C:\Users\Marcus\.platformio\packages\framework-arduinoasrmicro650x\cores\asr650x\projects\CubeCellLib.a(lorawan_port.o)
 .text.radio_rw_dis
                0x0000000000002e10        0x2 C:\Users\Marcus\.platformio\packages\framework-arduinoasrmicro650x\cores\asr650x\projects\CubeCellLib.a(lorawan_port.o)
 .text.radio_rw
                0x0000000000002e12        0x4 C:\Users\Marcus\.platformio\packages\framework-arduinoasrmicro650x\cores\asr650x\projects\CubeCellLib.a(lorawan_port.o)
 *fill*         0x0000000000002e16        0x2 
 .text.RTC_Update_ASR
                0x0000000000002e18       0x28 C:\Users\Marcus\.platformio\packages\framework-arduinoasrmicro650x\cores\asr650x\projects\CubeCellLib.a(lorawan_port.o)
                0x0000000000002e18                RTC_Update_ASR
 .text.get_current_time
                0x0000000000002e40       0x54 C:\Users\Marcus\.platformio\packages\framework-arduinoasrmicro650x\cores\asr650x\projects\CubeCellLib.a(lorawan_port.o)
                0x0000000000002e40                get_current_time
 .text.get_sys_time
                0x0000000000002e94       0x28 C:\Users\Marcus\.platformio\packages\framework-arduinoasrmicro650x\cores\asr650x\projects\CubeCellLib.a(lorawan_port.o)
                0x0000000000002e94                get_sys_time
 .text.set_sys_time
                0x0000000000002ebc       0x44 C:\Users\Marcus\.platformio\packages\framework-arduinoasrmicro650x\cores\asr650x\projects\CubeCellLib.a(lorawan_port.o)
                0x0000000000002ebc                set_sys_time
 .text.compute_elapsed_time
                0x0000000000002f00       0x10 C:\Users\Marcus\.platformio\packages\framework-arduinoasrmicro650x\cores\asr650x\projects\CubeCellLib.a(lorawan_port.o)
 .text.get_timer_elapsed_time
                0x0000000000002f10       0x14 C:\Users\Marcus\.platformio\packages\framework-arduinoasrmicro650x\cores\asr650x\projects\CubeCellLib.a(lorawan_port.o)
 .text.set_timer_context
                0x0000000000002f24       0x14 C:\Users\Marcus\.platformio\packages\framework-arduinoasrmicro650x\cores\asr650x\projects\CubeCellLib.a(lorawan_port.o)
 .text.enter_sleep_mode
                0x0000000000002f38        0x8 C:\Users\Marcus\.platformio\packages\framework-arduinoasrmicro650x\cores\asr650x\projects\CubeCellLib.a(lorawan_port.o)
 .text.set_alarm
                0x0000000000002f40       0x20 C:\Users\Marcus\.platformio\packages\framework-arduinoasrmicro650x\cores\asr650x\projects\CubeCellLib.a(lorawan_port.o)
 .text.set_timeout
                0x0000000000002f60       0x2e C:\Users\Marcus\.platformio\packages\framework-arduinoasrmicro650x\cores\asr650x\projects\CubeCellLib.a(lorawan_port.o)
 .text.AlarmBackHandler
                0x0000000000002f8e        0x8 C:\Users\Marcus\.platformio\packages\framework-arduinoasrmicro650x\cores\asr650x\projects\CubeCellLib.a(lorawan_port.o)
 .text.stop_alarm
                0x0000000000002f96        0x8 C:\Users\Marcus\.platformio\packages\framework-arduinoasrmicro650x\cores\asr650x\projects\CubeCellLib.a(lorawan_port.o)
 .text.delay_ms
                0x0000000000002f9e        0x8 C:\Users\Marcus\.platformio\packages\framework-arduinoasrmicro650x\cores\asr650x\projects\CubeCellLib.a(lorawan_port.o)
 .text.get_mft_baud
                0x0000000000002fa6        0x8 C:\Users\Marcus\.platformio\packages\framework-arduinoasrmicro650x\cores\asr650x\projects\CubeCellLib.a(lorawan_port.o)
 .text.set_mft_baud
                0x0000000000002fae        0x8 C:\Users\Marcus\.platformio\packages\framework-arduinoasrmicro650x\cores\asr650x\projects\CubeCellLib.a(lorawan_port.o)
 .text.get_mft_sn
                0x0000000000002fb6        0x8 C:\Users\Marcus\.platformio\packages\framework-arduinoasrmicro650x\cores\asr650x\projects\CubeCellLib.a(lorawan_port.o)
 .text.get_mft_rev
                0x0000000000002fbe        0x8 C:\Users\Marcus\.platformio\packages\framework-arduinoasrmicro650x\cores\asr650x\projects\CubeCellLib.a(lorawan_port.o)
 .text.get_mft_model
                0x0000000000002fc6        0x8 C:\Users\Marcus\.platformio\packages\framework-arduinoasrmicro650x\cores\asr650x\projects\CubeCellLib.a(lorawan_port.o)
 .text.get_mft_id
                0x0000000000002fce        0x8 C:\Users\Marcus\.platformio\packages\framework-arduinoasrmicro650x\cores\asr650x\projects\CubeCellLib.a(lorawan_port.o)
 .text.radio_rw_en
                0x0000000000002fd6        0x2 C:\Users\Marcus\.platformio\packages\framework-arduinoasrmicro650x\cores\asr650x\projects\CubeCellLib.a(lorawan_port.o)
 .text.exit_stop_mode
                0x0000000000002fd8        0x2 C:\Users\Marcus\.platformio\packages\framework-arduinoasrmicro650x\cores\asr650x\projects\CubeCellLib.a(lorawan_port.o)
 .text.set_uc_wakeup_time
                0x0000000000002fda        0x2 C:\Users\Marcus\.platformio\packages\framework-arduinoasrmicro650x\cores\asr650x\projects\CubeCellLib.a(lorawan_port.o)
 .text.radio_reset
                0x0000000000002fdc        0x2 C:\Users\Marcus\.platformio\packages\framework-arduinoasrmicro650x\cores\asr650x\projects\CubeCellLib.a(lorawan_port.o)
 .text.radio_reset_cfg_input
                0x0000000000002fde        0x2 C:\Users\Marcus\.platformio\packages\framework-arduinoasrmicro650x\cores\asr650x\projects\CubeCellLib.a(lorawan_port.o)
 .text.BackupGpioDriveMode
                0x0000000000002fe0      0x114 C:\Users\Marcus\.platformio\packages\framework-arduinoasrmicro650x\cores\asr650x\projects\CubeCellLib.a(lorawan_port.o)
                0x0000000000002fe0                BackupGpioDriveMode
 .text.RestoreGpioDriveMode
                0x00000000000030f4      0x118 C:\Users\Marcus\.platformio\packages\framework-arduinoasrmicro650x\cores\asr650x\projects\CubeCellLib.a(lorawan_port.o)
                0x00000000000030f4                RestoreGpioDriveMode
 .text.SetPinHIZ
                0x000000000000320c       0x2e C:\Users\Marcus\.platformio\packages\framework-arduinoasrmicro650x\cores\asr650x\projects\CubeCellLib.a(lorawan_port.o)
                0x000000000000320c                SetPinHIZ
 .text.UartDeepsleep
                0x000000000000323a       0x28 C:\Users\Marcus\.platformio\packages\framework-arduinoasrmicro650x\cores\asr650x\projects\CubeCellLib.a(lorawan_port.o)
                0x000000000000323a                UartDeepsleep
 *fill*         0x0000000000003262        0x2 
 .text.enter_stop_mode
                0x0000000000003264       0x3c C:\Users\Marcus\.platformio\packages\framework-arduinoasrmicro650x\cores\asr650x\projects\CubeCellLib.a(lorawan_port.o)
 .text.RtcInit  0x00000000000032a0       0x3c C:\Users\Marcus\.platformio\packages\framework-arduinoasrmicro650x\cores\asr650x\projects\CubeCellLib.a(lorawan_port.o)
                0x00000000000032a0                RtcInit
 .text.Asr_Timer_RegisterAlarmCallback
                0x00000000000032dc       0x10 C:\Users\Marcus\.platformio\packages\framework-arduinoasrmicro650x\cores\asr650x\projects\CubeCellLib.a(asr_timer.o)
                0x00000000000032dc                Asr_Timer_RegisterAlarmCallback
 .text.Asr_SetTimeout
                0x00000000000032ec       0xc4 C:\Users\Marcus\.platformio\packages\framework-arduinoasrmicro650x\cores\asr650x\projects\CubeCellLib.a(asr_timer.o)
                0x00000000000032ec                Asr_SetTimeout
 .text.Asr_Timer_Init
                0x00000000000033b0       0x68 C:\Users\Marcus\.platformio\packages\framework-arduinoasrmicro650x\cores\asr650x\projects\CubeCellLib.a(asr_timer.o)
                0x00000000000033b0                Asr_Timer_Init
 .text.Asr_Timer_Disable
                0x0000000000003418       0x18 C:\Users\Marcus\.platformio\packages\framework-arduinoasrmicro650x\cores\asr650x\projects\CubeCellLib.a(asr_timer.o)
                0x0000000000003418                Asr_Timer_Disable
 .text.Timer0IsrCallback
                0x0000000000003430       0x1c C:\Users\Marcus\.platformio\packages\framework-arduinoasrmicro650x\cores\asr650x\projects\CubeCellLib.a(asr_timer.o)
                0x0000000000003430                Timer0IsrCallback
 .text.Timer1IsrCallback
                0x000000000000344c       0x28 C:\Users\Marcus\.platformio\packages\framework-arduinoasrmicro650x\cores\asr650x\projects\CubeCellLib.a(asr_timer.o)
                0x000000000000344c                Timer1IsrCallback
 .text.globalGpioIsrEntry
                0x0000000000003474       0x58 C:\Users\Marcus\.platformio\packages\framework-arduinoasrmicro650x\cores\asr650x\projects\CubeCellLib.a(ASR_Arduino.o)
                0x0000000000003474                globalGpioIsrEntry
 .text.getID    0x00000000000034cc       0x18 C:\Users\Marcus\.platformio\packages\framework-arduinoasrmicro650x\cores\asr650x\projects\CubeCellLib.a(ASR_Arduino.o)
                0x00000000000034cc                getID
 .text.license_check
                0x00000000000034e4      0x268 C:\Users\Marcus\.platformio\packages\framework-arduinoasrmicro650x\cores\asr650x\projects\CubeCellLib.a(ASR_Arduino.o)
                0x00000000000034e4                license_check
 .text.pinMode  0x000000000000374c       0x6c C:\Users\Marcus\.platformio\packages\framework-arduinoasrmicro650x\cores\asr650x\projects\CubeCellLib.a(ASR_Arduino.o)
                0x000000000000374c                pinMode
 .text.digitalWrite
                0x00000000000037b8       0x68 C:\Users\Marcus\.platformio\packages\framework-arduinoasrmicro650x\cores\asr650x\projects\CubeCellLib.a(ASR_Arduino.o)
                0x00000000000037b8                digitalWrite
 .text.digitalRead
                0x0000000000003820       0x20 C:\Users\Marcus\.platformio\packages\framework-arduinoasrmicro650x\cores\asr650x\projects\CubeCellLib.a(ASR_Arduino.o)
                0x0000000000003820                digitalRead
 .text.ClearPinInterrupt
                0x0000000000003840       0x1c C:\Users\Marcus\.platformio\packages\framework-arduinoasrmicro650x\cores\asr650x\projects\CubeCellLib.a(ASR_Arduino.o)
                0x0000000000003840                ClearPinInterrupt
 .text.attachInterrupt
                0x000000000000385c       0x7c C:\Users\Marcus\.platformio\packages\framework-arduinoasrmicro650x\cores\asr650x\projects\CubeCellLib.a(ASR_Arduino.o)
                0x000000000000385c                attachInterrupt
 .text.detachInterrupt
                0x00000000000038d8       0x6c C:\Users\Marcus\.platformio\packages\framework-arduinoasrmicro650x\cores\asr650x\projects\CubeCellLib.a(ASR_Arduino.o)
                0x00000000000038d8                detachInterrupt
 .text.analogRead
                0x0000000000003944       0x70 C:\Users\Marcus\.platformio\packages\framework-arduinoasrmicro650x\cores\asr650x\projects\CubeCellLib.a(ASR_Arduino.o)
                0x0000000000003944                analogRead
 .text.delay    0x00000000000039b4        0x8 C:\Users\Marcus\.platformio\packages\framework-arduinoasrmicro650x\cores\asr650x\projects\CubeCellLib.a(ASR_Arduino.o)
                0x00000000000039b4                delay
 .text.delayMicroseconds
                0x00000000000039bc        0x8 C:\Users\Marcus\.platformio\packages\framework-arduinoasrmicro650x\cores\asr650x\projects\CubeCellLib.a(ASR_Arduino.o)
                0x00000000000039bc                delayMicroseconds
 .text.millis   0x00000000000039c4        0xc C:\Users\Marcus\.platformio\packages\framework-arduinoasrmicro650x\cores\asr650x\projects\CubeCellLib.a(ASR_Arduino.o)
                0x00000000000039c4                millis
 .text.SPI_BUSY_SetDriveMode
                0x00000000000039d0        0x2 C:\Users\Marcus\.platformio\packages\framework-arduinoasrmicro650x\cores\asr650x\projects\CubeCellLib.a(ASR_Arduino.o)
                0x00000000000039d0                SPI_BUSY_SetDriveMode
 .text.SPI_NRESET_SetDriveMode
                0x00000000000039d2        0x2 C:\Users\Marcus\.platformio\packages\framework-arduinoasrmicro650x\cores\asr650x\projects\CubeCellLib.a(ASR_Arduino.o)
                0x00000000000039d2                SPI_NRESET_SetDriveMode
 .text.antpow_SetDriveMode
                0x00000000000039d4        0x2 C:\Users\Marcus\.platformio\packages\framework-arduinoasrmicro650x\cores\asr650x\projects\CubeCellLib.a(ASR_Arduino.o)
                0x00000000000039d4                antpow_SetDriveMode
 .text.SPI_1_miso_m_SetDriveMode
                0x00000000000039d6        0x2 C:\Users\Marcus\.platformio\packages\framework-arduinoasrmicro650x\cores\asr650x\projects\CubeCellLib.a(ASR_Arduino.o)
                0x00000000000039d6                SPI_1_miso_m_SetDriveMode
 .text.SPI_1_mosi_m_SetDriveMode
                0x00000000000039d8        0x2 C:\Users\Marcus\.platformio\packages\framework-arduinoasrmicro650x\cores\asr650x\projects\CubeCellLib.a(ASR_Arduino.o)
                0x00000000000039d8                SPI_1_mosi_m_SetDriveMode
 .text.SPI_1_sclk_m_SetDriveMode
                0x00000000000039da        0x2 C:\Users\Marcus\.platformio\packages\framework-arduinoasrmicro650x\cores\asr650x\projects\CubeCellLib.a(ASR_Arduino.o)
                0x00000000000039da                SPI_1_sclk_m_SetDriveMode
 .text.systemTimer
                0x00000000000039dc       0x10 C:\Users\Marcus\.platformio\packages\framework-arduinoasrmicro650x\cores\asr650x\projects\CubeCellLib.a(cyfitter_cfg.o)
                0x00000000000039dc                systemTimer
 .text.SetAnalogRoutingPumps
                0x00000000000039ec       0x1c C:\Users\Marcus\.platformio\packages\framework-arduinoasrmicro650x\cores\asr650x\projects\CubeCellLib.a(cyfitter_cfg.o)
                0x00000000000039ec                SetAnalogRoutingPumps
 .text.turnOnRGB
                0x0000000000003a08       0x50 .pio\build\cubecell_board\liba3c\libLoRa.a(LoRaWan_APP.cpp.o)
                0x0000000000003a08                turnOnRGB
 .text.turnOffRGB
                0x0000000000003a58       0x14 .pio\build\cubecell_board\liba3c\libLoRa.a(LoRaWan_APP.cpp.o)
                0x0000000000003a58                turnOffRGB
 .text.getBatteryVoltage
                0x0000000000003a6c       0x28 .pio\build\cubecell_board\liba3c\libLoRa.a(LoRaWan_APP.cpp.o)
                0x0000000000003a6c                getBatteryVoltage
 .text.startup._GLOBAL__sub_I_pixels
                0x0000000000003a94       0x2c .pio\build\cubecell_board\liba3c\libLoRa.a(LoRaWan_APP.cpp.o)
 .text._ZN6Stream9readBytesEPhj
                0x0000000000003ac0        0xa .pio\build\cubecell_board\libFrameworkArduino.a(HardwareSerial.cpp.o)
                0x0000000000003ac0                Stream::readBytes(unsigned char*, unsigned int)
 .text._ZN14HardwareSerial4peekEv
                0x0000000000003aca        0x4 .pio\build\cubecell_board\libFrameworkArduino.a(HardwareSerial.cpp.o)
                0x0000000000003aca                HardwareSerial::peek()
 .text._ZN14HardwareSerialD2Ev
                0x0000000000003ace        0x2 .pio\build\cubecell_board\libFrameworkArduino.a(HardwareSerial.cpp.o)
                0x0000000000003ace                HardwareSerial::~HardwareSerial()
                0x0000000000003ace                HardwareSerial::~HardwareSerial()
 .text._ZN14HardwareSerial9availableEv
                0x0000000000003ad0       0x16 .pio\build\cubecell_board\libFrameworkArduino.a(HardwareSerial.cpp.o)
                0x0000000000003ad0                HardwareSerial::available()
 .text._ZN14HardwareSerial4readEv
                0x0000000000003ae6       0x26 .pio\build\cubecell_board\libFrameworkArduino.a(HardwareSerial.cpp.o)
                0x0000000000003ae6                HardwareSerial::read()
 .text._ZN14HardwareSerial5writeEh
                0x0000000000003b0c       0x1a .pio\build\cubecell_board\libFrameworkArduino.a(HardwareSerial.cpp.o)
                0x0000000000003b0c                HardwareSerial::write(unsigned char)
 .text._ZN14HardwareSerial5writeEPKhj
                0x0000000000003b26       0x28 .pio\build\cubecell_board\libFrameworkArduino.a(HardwareSerial.cpp.o)
                0x0000000000003b26                HardwareSerial::write(unsigned char const*, unsigned int)
 .text._ZN14HardwareSerialD0Ev
                0x0000000000003b4e        0xe .pio\build\cubecell_board\libFrameworkArduino.a(HardwareSerial.cpp.o)
                0x0000000000003b4e                HardwareSerial::~HardwareSerial()
 .text._ZN14HardwareSerial5flushEv
                0x0000000000003b5c       0x2c .pio\build\cubecell_board\libFrameworkArduino.a(HardwareSerial.cpp.o)
                0x0000000000003b5c                HardwareSerial::flush()
 .text._ZN14HardwareSerial5beginEmmabm
                0x0000000000003b88      0x124 .pio\build\cubecell_board\libFrameworkArduino.a(HardwareSerial.cpp.o)
                0x0000000000003b88                HardwareSerial::begin(unsigned long, unsigned long, signed char, bool, unsigned long)
 .text.startup._GLOBAL__sub_I_Serial
                0x0000000000003cac       0x5c .pio\build\cubecell_board\libFrameworkArduino.a(HardwareSerial.cpp.o)
 .text.SX126xIoInit
                0x0000000000003d08       0x44 .pio\build\cubecell_board\libFrameworkArduino.a(asr_board.c.o)
                0x0000000000003d08                SX126xIoInit
 .text.SX126xIoIrqInit
                0x0000000000003d4c       0x14 .pio\build\cubecell_board\libFrameworkArduino.a(asr_board.c.o)
                0x0000000000003d4c                SX126xIoIrqInit
 .text.SX126xGetBoardTcxoWakeupTime
                0x0000000000003d60        0x4 .pio\build\cubecell_board\libFrameworkArduino.a(asr_board.c.o)
                0x0000000000003d60                SX126xGetBoardTcxoWakeupTime
 .text.SX126xReset
                0x0000000000003d64       0x50 .pio\build\cubecell_board\libFrameworkArduino.a(asr_board.c.o)
                0x0000000000003d64                SX126xReset
 .text.SX126xWaitOnBusy
                0x0000000000003db4       0x14 .pio\build\cubecell_board\libFrameworkArduino.a(asr_board.c.o)
                0x0000000000003db4                SX126xWaitOnBusy
 .text.SX126xWakeup
                0x0000000000003dc8       0x38 .pio\build\cubecell_board\libFrameworkArduino.a(asr_board.c.o)
                0x0000000000003dc8                SX126xWakeup
 .text.SX126xWriteCommand
                0x0000000000003e00       0x50 .pio\build\cubecell_board\libFrameworkArduino.a(asr_board.c.o)
                0x0000000000003e00                SX126xWriteCommand
 .text.SX126xReadCommand
                0x0000000000003e50       0x54 .pio\build\cubecell_board\libFrameworkArduino.a(asr_board.c.o)
                0x0000000000003e50                SX126xReadCommand
 .text.SX126xWriteRegisters
                0x0000000000003ea4       0x5c .pio\build\cubecell_board\libFrameworkArduino.a(asr_board.c.o)
                0x0000000000003ea4                SX126xWriteRegisters
 .text.SX126xWriteRegister
                0x0000000000003f00       0x12 .pio\build\cubecell_board\libFrameworkArduino.a(asr_board.c.o)
                0x0000000000003f00                SX126xWriteRegister
 *fill*         0x0000000000003f12        0x2 
 .text.SX126xReadRegisters
                0x0000000000003f14       0x64 .pio\build\cubecell_board\libFrameworkArduino.a(asr_board.c.o)
                0x0000000000003f14                SX126xReadRegisters
 .text.SX126xReadRegister
                0x0000000000003f78       0x12 .pio\build\cubecell_board\libFrameworkArduino.a(asr_board.c.o)
                0x0000000000003f78                SX126xReadRegister
 *fill*         0x0000000000003f8a        0x2 
 .text.SX126xWriteBuffer
                0x0000000000003f8c       0x54 .pio\build\cubecell_board\libFrameworkArduino.a(asr_board.c.o)
                0x0000000000003f8c                SX126xWriteBuffer
 .text.SX126xReadBuffer
                0x0000000000003fe0       0x5c .pio\build\cubecell_board\libFrameworkArduino.a(asr_board.c.o)
                0x0000000000003fe0                SX126xReadBuffer
 .text.SX126xSetRfTxPower
                0x000000000000403c        0xa .pio\build\cubecell_board\libFrameworkArduino.a(asr_board.c.o)
                0x000000000000403c                SX126xSetRfTxPower
 .text.SX126xGetPaSelect
                0x0000000000004046        0x4 .pio\build\cubecell_board\libFrameworkArduino.a(asr_board.c.o)
                0x0000000000004046                SX126xGetPaSelect
 .text.SX126xAntSwOn
                0x000000000000404a        0x2 .pio\build\cubecell_board\libFrameworkArduino.a(asr_board.c.o)
                0x000000000000404a                SX126xAntSwOn
 .text.SX126xAntSwOff
                0x000000000000404c        0x2 .pio\build\cubecell_board\libFrameworkArduino.a(asr_board.c.o)
                0x000000000000404c                SX126xAntSwOff
 .text.BoardDisableIrq
                0x000000000000404e        0x4 .pio\build\cubecell_board\libFrameworkArduino.a(asr_board.c.o)
                0x000000000000404e                BoardDisableIrq
 .text.BoardEnableIrq
                0x0000000000004052        0x4 .pio\build\cubecell_board\libFrameworkArduino.a(asr_board.c.o)
                0x0000000000004052                BoardEnableIrq
 *fill*         0x0000000000004056        0x2 
 .text.boardInitMcu
                0x0000000000004058       0x4c .pio\build\cubecell_board\libFrameworkArduino.a(asr_board.c.o)
                0x0000000000004058                boardInitMcu
 .text.HW_Get_MFT_ID
                0x00000000000040a4        0x8 .pio\build\cubecell_board\libFrameworkArduino.a(asr_board.c.o)
                0x00000000000040a4                HW_Get_MFT_ID
 .text.HW_Get_MFT_Model
                0x00000000000040ac        0x8 .pio\build\cubecell_board\libFrameworkArduino.a(asr_board.c.o)
                0x00000000000040ac                HW_Get_MFT_Model
 .text.HW_Get_MFT_Rev
                0x00000000000040b4        0x8 .pio\build\cubecell_board\libFrameworkArduino.a(asr_board.c.o)
                0x00000000000040b4                HW_Get_MFT_Rev
 .text.HW_Get_MFT_SN
                0x00000000000040bc       0x24 .pio\build\cubecell_board\libFrameworkArduino.a(asr_board.c.o)
                0x00000000000040bc                HW_Get_MFT_SN
 .text.HW_Set_MFT_Baud
                0x00000000000040e0       0x64 .pio\build\cubecell_board\libFrameworkArduino.a(asr_board.c.o)
                0x00000000000040e0                HW_Set_MFT_Baud
 .text.HW_Get_MFT_Baud
                0x0000000000004144        0xc .pio\build\cubecell_board\libFrameworkArduino.a(asr_board.c.o)
                0x0000000000004144                HW_Get_MFT_Baud
 .text.GpioInit
                0x0000000000004150       0x12 .pio\build\cubecell_board\libFrameworkArduino.a(gpio.c.o)
                0x0000000000004150                GpioInit
 .text.GpioSetInterrupt
                0x0000000000004162        0x8 .pio\build\cubecell_board\libFrameworkArduino.a(gpio.c.o)
                0x0000000000004162                GpioSetInterrupt
 .text.GpioWrite
                0x000000000000416a        0x8 .pio\build\cubecell_board\libFrameworkArduino.a(gpio.c.o)
                0x000000000000416a                GpioWrite
 .text.GpioRead
                0x0000000000004172        0x8 .pio\build\cubecell_board\libFrameworkArduino.a(gpio.c.o)
                0x0000000000004172                GpioRead
 .text.SpiInit  0x000000000000417a        0x8 .pio\build\cubecell_board\libFrameworkArduino.a(spi-board.c.o)
                0x000000000000417a                SpiInit
 *fill*         0x0000000000004182        0x2 
 .text.SpiInOut
                0x0000000000004184       0x34 .pio\build\cubecell_board\libFrameworkArduino.a(spi-board.c.o)
                0x0000000000004184                SpiInOut
 .text.ADC_SAR_Seq_Init
                0x00000000000041b8       0xd8 .pio\build\cubecell_board\libFrameworkArduino.a(ADC_SAR_Seq.c.o)
                0x00000000000041b8                ADC_SAR_Seq_Init
 .text.ADC_SAR_Seq_Enable
                0x0000000000004290       0x2c .pio\build\cubecell_board\libFrameworkArduino.a(ADC_SAR_Seq.c.o)
                0x0000000000004290                ADC_SAR_Seq_Enable
 .text.ADC_SAR_Seq_Start
                0x00000000000042bc       0x1c .pio\build\cubecell_board\libFrameworkArduino.a(ADC_SAR_Seq.c.o)
                0x00000000000042bc                ADC_SAR_Seq_Start
 .text.ADC_SAR_Seq_Stop
                0x00000000000042d8       0x10 .pio\build\cubecell_board\libFrameworkArduino.a(ADC_SAR_Seq.c.o)
                0x00000000000042d8                ADC_SAR_Seq_Stop
 .text.ADC_SAR_Seq_StartConvert
                0x00000000000042e8        0xc .pio\build\cubecell_board\libFrameworkArduino.a(ADC_SAR_Seq.c.o)
                0x00000000000042e8                ADC_SAR_Seq_StartConvert
 .text.ADC_SAR_Seq_StopConvert
                0x00000000000042f4        0x2 .pio\build\cubecell_board\libFrameworkArduino.a(ADC_SAR_Seq.c.o)
                0x00000000000042f4                ADC_SAR_Seq_StopConvert
 *fill*         0x00000000000042f6        0x2 
 .text.ADC_SAR_Seq_IsEndConversion
                0x00000000000042f8       0x2c .pio\build\cubecell_board\libFrameworkArduino.a(ADC_SAR_Seq.c.o)
                0x00000000000042f8                ADC_SAR_Seq_IsEndConversion
 .text.ADC_SAR_Seq_GetResult16
                0x0000000000004324       0x20 .pio\build\cubecell_board\libFrameworkArduino.a(ADC_SAR_Seq.c.o)
                0x0000000000004324                ADC_SAR_Seq_GetResult16
 .text.ADC_SAR_Seq_CountsTo_mVolts
                0x0000000000004344       0x50 .pio\build\cubecell_board\libFrameworkArduino.a(ADC_SAR_Seq.c.o)
                0x0000000000004344                ADC_SAR_Seq_CountsTo_mVolts
 .text.ADC_SAR_Seq_ISR
                0x0000000000004394        0xc .pio\build\cubecell_board\libFrameworkArduino.a(ADC_SAR_Seq_INT.c.o)
                0x0000000000004394                ADC_SAR_Seq_ISR
 .text.PWM1_Stop
                0x00000000000043a0       0x34 .pio\build\cubecell_board\libFrameworkArduino.a(PWM1.c.o)
                0x00000000000043a0                PWM1_Stop
 .text.PWM2_Stop
                0x00000000000043d4       0x34 .pio\build\cubecell_board\libFrameworkArduino.a(PWM2.c.o)
                0x00000000000043d4                PWM2_Stop
 .text._ZN5Print6printfEPKcz
                0x0000000000004408       0x5a .pio\build\cubecell_board\libFrameworkArduino.a(Print.cpp.o)
                0x0000000000004408                Print::printf(char const*, ...)
 .text._ZN6Stream9timedReadEv
                0x0000000000004462       0x2a .pio\build\cubecell_board\libFrameworkArduino.a(Stream.cpp.o)
                0x0000000000004462                Stream::timedRead()
 .text._ZN6Stream9readBytesEPcj
                0x000000000000448c       0x22 .pio\build\cubecell_board\libFrameworkArduino.a(Stream.cpp.o)
                0x000000000000448c                Stream::readBytes(char*, unsigned int)
 *fill*         0x00000000000044ae        0x2 
 .text._ZN6Stream10readStringEv
                0x00000000000044b0       0x28 .pio\build\cubecell_board\libFrameworkArduino.a(Stream.cpp.o)
                0x00000000000044b0                Stream::readString()
 .text._ZN6String10invalidateEv
                0x00000000000044d8       0x18 .pio\build\cubecell_board\libFrameworkArduino.a(WString.cpp.o)
                0x00000000000044d8                String::invalidate()
 .text._ZN6String12changeBufferEj
                0x00000000000044f0       0x3a .pio\build\cubecell_board\libFrameworkArduino.a(WString.cpp.o)
                0x00000000000044f0                String::changeBuffer(unsigned int)
 .text._ZN6String7reserveEj
                0x000000000000452a       0x2a .pio\build\cubecell_board\libFrameworkArduino.a(WString.cpp.o)
                0x000000000000452a                String::reserve(unsigned int)
 .text._ZN6String4copyEPKcj
                0x0000000000004554       0x28 .pio\build\cubecell_board\libFrameworkArduino.a(WString.cpp.o)
                0x0000000000004554                String::copy(char const*, unsigned int)
 .text._ZN6StringC2EPKc
                0x000000000000457c       0x26 .pio\build\cubecell_board\libFrameworkArduino.a(WString.cpp.o)
                0x000000000000457c                String::String(char const*)
                0x000000000000457c                String::String(char const*)
 .text._ZN6String6concatEPKcj
                0x00000000000045a2       0x32 .pio\build\cubecell_board\libFrameworkArduino.a(WString.cpp.o)
                0x00000000000045a2                String::concat(char const*, unsigned int)
 .text._ZN6String6concatEc
                0x00000000000045d4       0x16 .pio\build\cubecell_board\libFrameworkArduino.a(WString.cpp.o)
                0x00000000000045d4                String::concat(char)
 *fill*         0x00000000000045ea        0x2 
 .text.global_irq_SetPriority
                0x00000000000045ec       0x20 .pio\build\cubecell_board\libFrameworkArduino.a(irq.c.o)
                0x00000000000045ec                global_irq_SetPriority
 .text.global_irq_StartEx
                0x000000000000460c       0x24 .pio\build\cubecell_board\libFrameworkArduino.a(irq.c.o)
                0x000000000000460c                global_irq_StartEx
 .text.global_irq_Disable
                0x0000000000004630        0xc .pio\build\cubecell_board\libFrameworkArduino.a(irq.c.o)
                0x0000000000004630                global_irq_Disable
 .text.RadioCheckRfFrequency
                0x000000000000463c        0x4 .pio\build\cubecell_board\libFrameworkArduino.a(radio.c.o)
                0x000000000000463c                RadioCheckRfFrequency
 .text.RadioOnDioIrq
                0x0000000000004640        0xc .pio\build\cubecell_board\libFrameworkArduino.a(radio.c.o)
                0x0000000000004640                RadioOnDioIrq
 .text.RadioStandby
                0x000000000000464c        0xa .pio\build\cubecell_board\libFrameworkArduino.a(radio.c.o)
                0x000000000000464c                RadioStandby
 *fill*         0x0000000000004656        0x2 
 .text.RadioInit
                0x0000000000004658       0x6c .pio\build\cubecell_board\libFrameworkArduino.a(radio.c.o)
                0x0000000000004658                RadioInit
 .text.RadioGetStatus
                0x00000000000046c4       0x1a .pio\build\cubecell_board\libFrameworkArduino.a(radio.c.o)
                0x00000000000046c4                RadioGetStatus
 .text.RadioSetChannel
                0x00000000000046de        0x8 .pio\build\cubecell_board\libFrameworkArduino.a(radio.c.o)
                0x00000000000046de                RadioSetChannel
 .text.RadioRssi
                0x00000000000046e6        0xa .pio\build\cubecell_board\libFrameworkArduino.a(radio.c.o)
                0x00000000000046e6                RadioRssi
 .text.RadioSyncWord
                0x00000000000046f0       0x10 .pio\build\cubecell_board\libFrameworkArduino.a(radio.c.o)
                0x00000000000046f0                RadioSyncWord
 .text.RadioSend
                0x0000000000004700       0x58 .pio\build\cubecell_board\libFrameworkArduino.a(radio.c.o)
                0x0000000000004700                RadioSend
 .text.RadioSleep
                0x0000000000004758       0x10 .pio\build\cubecell_board\libFrameworkArduino.a(radio.c.o)
                0x0000000000004758                RadioSleep
 .text.RadioSetRxDutyCycle
                0x0000000000004768        0x8 .pio\build\cubecell_board\libFrameworkArduino.a(radio.c.o)
                0x0000000000004768                RadioSetRxDutyCycle
 .text.RadioStartCad
                0x0000000000004770       0x64 .pio\build\cubecell_board\libFrameworkArduino.a(radio.c.o)
                0x0000000000004770                RadioStartCad
 .text.RadioSetTxContinuousWave
                0x00000000000047d4       0x44 .pio\build\cubecell_board\libFrameworkArduino.a(radio.c.o)
                0x00000000000047d4                RadioSetTxContinuousWave
 .text.RadioWrite
                0x0000000000004818        0x8 .pio\build\cubecell_board\libFrameworkArduino.a(radio.c.o)
                0x0000000000004818                RadioWrite
 .text.RadioRead
                0x0000000000004820        0x8 .pio\build\cubecell_board\libFrameworkArduino.a(radio.c.o)
                0x0000000000004820                RadioRead
 .text.RadioWriteBuffer
                0x0000000000004828        0x8 .pio\build\cubecell_board\libFrameworkArduino.a(radio.c.o)
                0x0000000000004828                RadioWriteBuffer
 .text.RadioReadBuffer
                0x0000000000004830        0x8 .pio\build\cubecell_board\libFrameworkArduino.a(radio.c.o)
                0x0000000000004830                RadioReadBuffer
 .text.RadioGetWakeupTime
                0x0000000000004838        0xa .pio\build\cubecell_board\libFrameworkArduino.a(radio.c.o)
                0x0000000000004838                RadioGetWakeupTime
 *fill*         0x0000000000004842        0x2 
 .text.RadioOnTxTimeoutIrq
                0x0000000000004844       0x20 .pio\build\cubecell_board\libFrameworkArduino.a(radio.c.o)
                0x0000000000004844                RadioOnTxTimeoutIrq
 .text.RadioOnRxTimeoutIrq
                0x0000000000004864       0x20 .pio\build\cubecell_board\libFrameworkArduino.a(radio.c.o)
                0x0000000000004864                RadioOnRxTimeoutIrq
 .text.RadioOnCadTimeoutIrq
                0x0000000000004884       0x20 .pio\build\cubecell_board\libFrameworkArduino.a(radio.c.o)
                0x0000000000004884                RadioOnCadTimeoutIrq
 .text.RadioGetFskBandwidthRegValue
                0x00000000000048a4       0x34 .pio\build\cubecell_board\libFrameworkArduino.a(radio.c.o)
 .text.RadioSetMaxPayloadLength
                0x00000000000048d8       0x38 .pio\build\cubecell_board\libFrameworkArduino.a(radio.c.o)
                0x00000000000048d8                RadioSetMaxPayloadLength
 .text.RadioRx  0x0000000000004910       0x54 .pio\build\cubecell_board\libFrameworkArduino.a(radio.c.o)
                0x0000000000004910                RadioRx
 .text.RadioRxBoosted
                0x0000000000004964       0x48 .pio\build\cubecell_board\libFrameworkArduino.a(radio.c.o)
                0x0000000000004964                RadioRxBoosted
 .text.RadioIrqProcess
                0x00000000000049ac      0x13c .pio\build\cubecell_board\libFrameworkArduino.a(radio.c.o)
                0x00000000000049ac                RadioIrqProcess
 .text.RadioSetPublicNetwork
                0x0000000000004ae8       0x40 .pio\build\cubecell_board\libFrameworkArduino.a(radio.c.o)
                0x0000000000004ae8                RadioSetPublicNetwork
 .text.RadioSetModem.part.0
                0x0000000000004b28       0x20 .pio\build\cubecell_board\libFrameworkArduino.a(radio.c.o)
 .text.RadioSetModem
                0x0000000000004b48       0x20 .pio\build\cubecell_board\libFrameworkArduino.a(radio.c.o)
                0x0000000000004b48                RadioSetModem
 .text.RadioIsChannelFree
                0x0000000000004b68       0x50 .pio\build\cubecell_board\libFrameworkArduino.a(radio.c.o)
                0x0000000000004b68                RadioIsChannelFree
 .text.RadioRandom
                0x0000000000004bb8       0x38 .pio\build\cubecell_board\libFrameworkArduino.a(radio.c.o)
                0x0000000000004bb8                RadioRandom
 .text.RadioSymbTime
                0x0000000000004bf0       0x2c .pio\build\cubecell_board\libFrameworkArduino.a(radio.c.o)
                0x0000000000004bf0                RadioSymbTime
 .text.RadioSetRxConfig
                0x0000000000004c1c      0x21c .pio\build\cubecell_board\libFrameworkArduino.a(radio.c.o)
                0x0000000000004c1c                RadioSetRxConfig
 .text.RadioSetTxConfig
                0x0000000000004e38      0x1a0 .pio\build\cubecell_board\libFrameworkArduino.a(radio.c.o)
                0x0000000000004e38                RadioSetTxConfig
 .text.RadioTimeOnAir
                0x0000000000004fd8      0x198 .pio\build\cubecell_board\libFrameworkArduino.a(radio.c.o)
                0x0000000000004fd8                RadioTimeOnAir
 .text.SX126xGetOperatingMode
                0x0000000000005170        0xc .pio\build\cubecell_board\libFrameworkArduino.a(sx126x.c.o)
                0x0000000000005170                SX126xGetOperatingMode
 .text.SX126xSetOperatingMode
                0x000000000000517c        0xc .pio\build\cubecell_board\libFrameworkArduino.a(sx126x.c.o)
                0x000000000000517c                SX126xSetOperatingMode
 .text.SX126xCheckDeviceReady
                0x0000000000005188       0x24 .pio\build\cubecell_board\libFrameworkArduino.a(sx126x.c.o)
                0x0000000000005188                SX126xCheckDeviceReady
 .text.SX126xSetPayload
                0x00000000000051ac        0xe .pio\build\cubecell_board\libFrameworkArduino.a(sx126x.c.o)
                0x00000000000051ac                SX126xSetPayload
 *fill*         0x00000000000051ba        0x2 
 .text.SX126xSetSyncWord
                0x00000000000051bc       0x3c .pio\build\cubecell_board\libFrameworkArduino.a(sx126x.c.o)
                0x00000000000051bc                SX126xSetSyncWord
 .text.SX126xSetCrcSeed
                0x00000000000051f8       0x24 .pio\build\cubecell_board\libFrameworkArduino.a(sx126x.c.o)
                0x00000000000051f8                SX126xSetCrcSeed
 .text.SX126xSetCrcPolynomial
                0x000000000000521c       0x24 .pio\build\cubecell_board\libFrameworkArduino.a(sx126x.c.o)
                0x000000000000521c                SX126xSetCrcPolynomial
 .text.SX126xSetWhiteningSeed
                0x0000000000005240       0x3c .pio\build\cubecell_board\libFrameworkArduino.a(sx126x.c.o)
                0x0000000000005240                SX126xSetWhiteningSeed
 .text.SX126xSetSleep
                0x000000000000527c       0x20 .pio\build\cubecell_board\libFrameworkArduino.a(sx126x.c.o)
                0x000000000000527c                SX126xSetSleep
 .text.SX126xSetStandby
                0x000000000000529c       0x28 .pio\build\cubecell_board\libFrameworkArduino.a(sx126x.c.o)
                0x000000000000529c                SX126xSetStandby
 .text.SX126xSetTx
                0x00000000000052c4       0x24 .pio\build\cubecell_board\libFrameworkArduino.a(sx126x.c.o)
                0x00000000000052c4                SX126xSetTx
 .text.SX126xSendPayload
                0x00000000000052e8       0x10 .pio\build\cubecell_board\libFrameworkArduino.a(sx126x.c.o)
                0x00000000000052e8                SX126xSendPayload
 .text.SX126xSetRx
                0x00000000000052f8       0x24 .pio\build\cubecell_board\libFrameworkArduino.a(sx126x.c.o)
                0x00000000000052f8                SX126xSetRx
 .text.SX126xSetRxBoosted
                0x000000000000531c       0x30 .pio\build\cubecell_board\libFrameworkArduino.a(sx126x.c.o)
                0x000000000000531c                SX126xSetRxBoosted
 .text.SX126xSetRxDutyCycle
                0x000000000000534c       0x2c .pio\build\cubecell_board\libFrameworkArduino.a(sx126x.c.o)
                0x000000000000534c                SX126xSetRxDutyCycle
 .text.SX126xSetCad
                0x0000000000005378       0x18 .pio\build\cubecell_board\libFrameworkArduino.a(sx126x.c.o)
                0x0000000000005378                SX126xSetCad
 .text.SX126xSetTxContinuousWave
                0x0000000000005390        0xe .pio\build\cubecell_board\libFrameworkArduino.a(sx126x.c.o)
                0x0000000000005390                SX126xSetTxContinuousWave
 .text.SX126xSetStopRxTimerOnPreambleDetect
                0x000000000000539e       0x12 .pio\build\cubecell_board\libFrameworkArduino.a(sx126x.c.o)
                0x000000000000539e                SX126xSetStopRxTimerOnPreambleDetect
 .text.SX126xSetLoRaSymbNumTimeout
                0x00000000000053b0       0x12 .pio\build\cubecell_board\libFrameworkArduino.a(sx126x.c.o)
                0x00000000000053b0                SX126xSetLoRaSymbNumTimeout
 .text.SX126xSetRegulatorMode
                0x00000000000053c2       0x12 .pio\build\cubecell_board\libFrameworkArduino.a(sx126x.c.o)
                0x00000000000053c2                SX126xSetRegulatorMode
 .text.SX126xCalibrate
                0x00000000000053d4       0x10 .pio\build\cubecell_board\libFrameworkArduino.a(sx126x.c.o)
                0x00000000000053d4                SX126xCalibrate
 .text.SX126xCalibrateImage
                0x00000000000053e4       0x68 .pio\build\cubecell_board\libFrameworkArduino.a(sx126x.c.o)
                0x00000000000053e4                SX126xCalibrateImage
 .text.SX126xSetPaConfig
                0x000000000000544c       0x18 .pio\build\cubecell_board\libFrameworkArduino.a(sx126x.c.o)
                0x000000000000544c                SX126xSetPaConfig
 .text.SX126xSetDioIrqParams
                0x0000000000005464       0x20 .pio\build\cubecell_board\libFrameworkArduino.a(sx126x.c.o)
                0x0000000000005464                SX126xSetDioIrqParams
 .text.SX126xGetIrqStatus
                0x0000000000005484       0x1a .pio\build\cubecell_board\libFrameworkArduino.a(sx126x.c.o)
                0x0000000000005484                SX126xGetIrqStatus
 .text.SX126xSetDio2AsRfSwitchCtrl
                0x000000000000549e       0x12 .pio\build\cubecell_board\libFrameworkArduino.a(sx126x.c.o)
                0x000000000000549e                SX126xSetDio2AsRfSwitchCtrl
 .text.SX126xSetDio3AsTcxoCtrl
                0x00000000000054b0       0x1e .pio\build\cubecell_board\libFrameworkArduino.a(sx126x.c.o)
                0x00000000000054b0                SX126xSetDio3AsTcxoCtrl
 *fill*         0x00000000000054ce        0x2 
 .text.SX126xInit
                0x00000000000054d0       0x4c .pio\build\cubecell_board\libFrameworkArduino.a(sx126x.c.o)
                0x00000000000054d0                SX126xInit
 .text.SX126xSetRfFrequency
                0x000000000000551c       0x40 .pio\build\cubecell_board\libFrameworkArduino.a(sx126x.c.o)
                0x000000000000551c                SX126xSetRfFrequency
 .text.SX126xSetPacketType
                0x000000000000555c       0x1c .pio\build\cubecell_board\libFrameworkArduino.a(sx126x.c.o)
                0x000000000000555c                SX126xSetPacketType
 .text.SX126xGetPacketType
                0x0000000000005578        0xc .pio\build\cubecell_board\libFrameworkArduino.a(sx126x.c.o)
                0x0000000000005578                SX126xGetPacketType
 .text.SX126xSetTxParams
                0x0000000000005584       0xb4 .pio\build\cubecell_board\libFrameworkArduino.a(sx126x.c.o)
                0x0000000000005584                SX126xSetTxParams
 .text.SX126xSetModulationParams
                0x0000000000005638       0xa0 .pio\build\cubecell_board\libFrameworkArduino.a(sx126x.c.o)
                0x0000000000005638                SX126xSetModulationParams
 .text.SX126xSetPacketParams
                0x00000000000056d8       0xa8 .pio\build\cubecell_board\libFrameworkArduino.a(sx126x.c.o)
                0x00000000000056d8                SX126xSetPacketParams
 .text.SX126xSetCadParams
                0x0000000000005780       0x30 .pio\build\cubecell_board\libFrameworkArduino.a(sx126x.c.o)
                0x0000000000005780                SX126xSetCadParams
 .text.SX126xSetBufferBaseAddress
                0x00000000000057b0       0x14 .pio\build\cubecell_board\libFrameworkArduino.a(sx126x.c.o)
                0x00000000000057b0                SX126xSetBufferBaseAddress
 .text.SX126xGetRssiInst
                0x00000000000057c4       0x16 .pio\build\cubecell_board\libFrameworkArduino.a(sx126x.c.o)
                0x00000000000057c4                SX126xGetRssiInst
 *fill*         0x00000000000057da        0x2 
 .text.SX126xGetRxBufferStatus
                0x00000000000057dc       0x4c .pio\build\cubecell_board\libFrameworkArduino.a(sx126x.c.o)
                0x00000000000057dc                SX126xGetRxBufferStatus
 .text.SX126xGetPayload
                0x0000000000005828       0x2c .pio\build\cubecell_board\libFrameworkArduino.a(sx126x.c.o)
                0x0000000000005828                SX126xGetPayload
 .text.SX126xGetPacketStatus
                0x0000000000005854       0x78 .pio\build\cubecell_board\libFrameworkArduino.a(sx126x.c.o)
                0x0000000000005854                SX126xGetPacketStatus
 .text.SX126xClearIrqStatus
                0x00000000000058cc       0x12 .pio\build\cubecell_board\libFrameworkArduino.a(sx126x.c.o)
                0x00000000000058cc                SX126xClearIrqStatus
 *fill*         0x00000000000058de        0x2 
 .text.DelayMs  0x00000000000058e0       0x10 .pio\build\cubecell_board\libFrameworkArduino.a(delay.c.o)
                0x00000000000058e0                DelayMs
 .text.lowPowerHandler
                0x00000000000058f0       0x6c .pio\build\cubecell_board\libFrameworkArduino.a(low_power.c.o)
                0x00000000000058f0                lowPowerHandler
 .text.rand1    0x000000000000595c       0x2c .pio\build\cubecell_board\libFrameworkArduino.a(utilities.c.o)
                0x000000000000595c                rand1
 .text.startup.main
                0x0000000000005988       0x10 .pio\build\cubecell_board\libFrameworkArduino.a(main.cpp.o)
                0x0000000000005988                main
 .text          0x0000000000005998       0x28 .pio\build\cubecell_board\libFrameworkArduino.a(port_s.S.o)
                0x0000000000005998                cpu_intrpt_save
                0x00000000000059a0                cpu_intrpt_restore
                0x00000000000059a6                cpu_task_switch
                0x00000000000059ae                cpu_intrpt_switch
 .text.printchar
                0x00000000000059c0       0x26 .pio\build\cubecell_board\libFrameworkArduino.a(printf.c.o)
 .text.prints   0x00000000000059e6       0x8e .pio\build\cubecell_board\libFrameworkArduino.a(printf.c.o)
 .text.printi   0x0000000000005a74       0xfc .pio\build\cubecell_board\libFrameworkArduino.a(printf.c.o)
 .text.tiny_print
                0x0000000000005b70      0x1d8 .pio\build\cubecell_board\libFrameworkArduino.a(printf.c.o)
 .text.__wrap_sprintf
                0x0000000000005d48       0x1c .pio\build\cubecell_board\libFrameworkArduino.a(printf.c.o)
                0x0000000000005d48                __wrap_sprintf
 .text.uart_pre_deepsleep
                0x0000000000005d64       0x78 .pio\build\cubecell_board\libFrameworkArduino.a(uart_port.c.o)
                0x0000000000005d64                uart_pre_deepsleep
 .text.IntDefaultHandler
                0x0000000000005ddc       0x10 .pio\build\cubecell_board\libFrameworkArduino.a(Cm0plusStart.c.o)
                0x0000000000005ddc                IntDefaultHandler
 .text._exit    0x0000000000005dec        0xa .pio\build\cubecell_board\libFrameworkArduino.a(Cm0plusStart.c.o)
                0x0000000000005dec                _exit
 *fill*         0x0000000000005df6        0x2 
 .text._sbrk    0x0000000000005df8       0x30 .pio\build\cubecell_board\libFrameworkArduino.a(Cm0plusStart.c.o)
                0x0000000000005df8                _sbrk
 .text.Start_c  0x0000000000005e28       0x48 .pio\build\cubecell_board\libFrameworkArduino.a(Cm0plusStart.c.o)
                0x0000000000005e28                Start_c
 .text.startup.initialize_psoc
                0x0000000000005e70       0x48 .pio\build\cubecell_board\libFrameworkArduino.a(Cm0plusStart.c.o)
                0x0000000000005e70                initialize_psoc
 .text          0x0000000000005eb8       0x20 .pio\build\cubecell_board\libFrameworkArduino.a(CyBootAsmGnu.S.o)
                0x0000000000005eb8                CyDelayCycles
                0x0000000000005eca                CyEnterCriticalSection
                0x0000000000005ed2                CyExitCriticalSection
 .text.CySysFlashSetWaitCycles
                0x0000000000005ed8       0x54 .pio\build\cubecell_board\libFrameworkArduino.a(CyFlash.c.o)
                0x0000000000005ed8                CySysFlashSetWaitCycles
 .text.CySysClkWcoSetHighPowerMode
                0x0000000000005f2c       0x38 .pio\build\cubecell_board\libFrameworkArduino.a(CyLFClk.c.o)
 .text.CySysClkWcoStart
                0x0000000000005f64       0x18 .pio\build\cubecell_board\libFrameworkArduino.a(CyLFClk.c.o)
                0x0000000000005f64                CySysClkWcoStart
 .text.CySysClkWcoEnabled
                0x0000000000005f7c        0xc .pio\build\cubecell_board\libFrameworkArduino.a(CyLFClk.c.o)
                0x0000000000005f7c                CySysClkWcoEnabled
 .text.CySysWdtDisable
                0x0000000000005f88       0x10 .pio\build\cubecell_board\libFrameworkArduino.a(CyLFClk.c.o)
                0x0000000000005f88                CySysWdtDisable
 .text.CySysClkSetTimerSource
                0x0000000000005f98       0x60 .pio\build\cubecell_board\libFrameworkArduino.a(CyLFClk.c.o)
                0x0000000000005f98                CySysClkSetTimerSource
 .text.CySysTimerGetEnabledStatus
                0x0000000000005ff8       0x24 .pio\build\cubecell_board\libFrameworkArduino.a(CyLFClk.c.o)
                0x0000000000005ff8                CySysTimerGetEnabledStatus
 .text.CySysTimerSetMode
                0x000000000000601c       0x40 .pio\build\cubecell_board\libFrameworkArduino.a(CyLFClk.c.o)
                0x000000000000601c                CySysTimerSetMode
 .text.CySysTimerSetClearOnMatch
                0x000000000000605c       0x34 .pio\build\cubecell_board\libFrameworkArduino.a(CyLFClk.c.o)
                0x000000000000605c                CySysTimerSetClearOnMatch
 .text.CySysTimerEnable
                0x0000000000006090       0x38 .pio\build\cubecell_board\libFrameworkArduino.a(CyLFClk.c.o)
                0x0000000000006090                CySysTimerEnable
 .text.CySysTimerDisable
                0x00000000000060c8       0x38 .pio\build\cubecell_board\libFrameworkArduino.a(CyLFClk.c.o)
                0x00000000000060c8                CySysTimerDisable
 .text.CySysTimerSetCascade
                0x0000000000006100       0x34 .pio\build\cubecell_board\libFrameworkArduino.a(CyLFClk.c.o)
                0x0000000000006100                CySysTimerSetCascade
 .text.CySysTimerSetMatch
                0x0000000000006134       0x50 .pio\build\cubecell_board\libFrameworkArduino.a(CyLFClk.c.o)
                0x0000000000006134                CySysTimerSetMatch
 .text.CySysTimerSetToggleBit
                0x0000000000006184       0x2c .pio\build\cubecell_board\libFrameworkArduino.a(CyLFClk.c.o)
                0x0000000000006184                CySysTimerSetToggleBit
 .text.CySysTimerGetCount
                0x00000000000061b0       0x38 .pio\build\cubecell_board\libFrameworkArduino.a(CyLFClk.c.o)
                0x00000000000061b0                CySysTimerGetCount
 .text.CySysTimerClearInterrupt
                0x00000000000061e8       0x2c .pio\build\cubecell_board\libFrameworkArduino.a(CyLFClk.c.o)
                0x00000000000061e8                CySysTimerClearInterrupt
 .text.CySysTimerSetInterruptCallback
                0x0000000000006214       0x24 .pio\build\cubecell_board\libFrameworkArduino.a(CyLFClk.c.o)
                0x0000000000006214                CySysTimerSetInterruptCallback
 .text.CySysTimerEnableIsr
                0x0000000000006238       0x34 .pio\build\cubecell_board\libFrameworkArduino.a(CyLFClk.c.o)
                0x0000000000006238                CySysTimerEnableIsr
 .text.CySysTimerDisableIsr
                0x000000000000626c       0x28 .pio\build\cubecell_board\libFrameworkArduino.a(CyLFClk.c.o)
                0x000000000000626c                CySysTimerDisableIsr
 .text.CySysTimerIsr
                0x0000000000006294       0xa0 .pio\build\cubecell_board\libFrameworkArduino.a(CyLFClk.c.o)
                0x0000000000006294                CySysTimerIsr
 .text.CySysTimerResetCounters
                0x0000000000006334       0x1c .pio\build\cubecell_board\libFrameworkArduino.a(CyLFClk.c.o)
                0x0000000000006334                CySysTimerResetCounters
 .text.CySysClkImoDisableWcoLock
                0x0000000000006350       0x14 .pio\build\cubecell_board\libFrameworkArduino.a(CyLib.c.o)
                0x0000000000006350                CySysClkImoDisableWcoLock
 .text.CySysClkImoGetWcoLock
                0x0000000000006364       0x10 .pio\build\cubecell_board\libFrameworkArduino.a(CyLib.c.o)
                0x0000000000006364                CySysClkImoGetWcoLock
 .text.CySysClkWriteHfclkDirect
                0x0000000000006374       0x74 .pio\build\cubecell_board\libFrameworkArduino.a(CyLib.c.o)
                0x0000000000006374                CySysClkWriteHfclkDirect
 .text.CyIntSetVector
                0x00000000000063e8       0x18 .pio\build\cubecell_board\libFrameworkArduino.a(CyLib.c.o)
                0x00000000000063e8                CyIntSetVector
 .text.CyIntSetPriority
                0x0000000000006400       0x40 .pio\build\cubecell_board\libFrameworkArduino.a(CyLib.c.o)
                0x0000000000006400                CyIntSetPriority
 .text.CyIntEnable
                0x0000000000006440       0x14 .pio\build\cubecell_board\libFrameworkArduino.a(CyLib.c.o)
                0x0000000000006440                CyIntEnable
 .text.CyIntDisable
                0x0000000000006454       0x14 .pio\build\cubecell_board\libFrameworkArduino.a(CyLib.c.o)
                0x0000000000006454                CyIntDisable
 .text.CyIntClearPending
                0x0000000000006468       0x14 .pio\build\cubecell_board\libFrameworkArduino.a(CyLib.c.o)
                0x0000000000006468                CyIntClearPending
 .text.CyHalt   0x000000000000647c        0x4 .pio\build\cubecell_board\libFrameworkArduino.a(CyLib.c.o)
                0x000000000000647c                CyHalt
 .text.CyDelay  0x0000000000006480       0x2c .pio\build\cubecell_board\libFrameworkArduino.a(CyLib.c.o)
                0x0000000000006480                CyDelay
 .text.CySysClkImoEnableWcoLock
                0x00000000000064ac       0xbc .pio\build\cubecell_board\libFrameworkArduino.a(CyLib.c.o)
                0x00000000000064ac                CySysClkImoEnableWcoLock
 .text.CySysClkWriteImoFreq
                0x0000000000006568       0xb8 .pio\build\cubecell_board\libFrameworkArduino.a(CyLib.c.o)
                0x0000000000006568                CySysClkWriteImoFreq
 .text.CyDelayUs
                0x0000000000006620       0x14 .pio\build\cubecell_board\libFrameworkArduino.a(CyLib.c.o)
                0x0000000000006620                CyDelayUs
 .text.CySysTickInit
                0x0000000000006634       0x54 .pio\build\cubecell_board\libFrameworkArduino.a(CyLib.c.o)
                0x0000000000006634                CySysTickInit
 .text.CySysTickStop
                0x0000000000006688       0x10 .pio\build\cubecell_board\libFrameworkArduino.a(CyLib.c.o)
                0x0000000000006688                CySysTickStop
 .text.CySysTickEnableInterrupt
                0x0000000000006698       0x10 .pio\build\cubecell_board\libFrameworkArduino.a(CyLib.c.o)
                0x0000000000006698                CySysTickEnableInterrupt
 .text.CySysTickEnable
                0x00000000000066a8       0x18 .pio\build\cubecell_board\libFrameworkArduino.a(CyLib.c.o)
                0x00000000000066a8                CySysTickEnable
 .text.CySysTickStart
                0x00000000000066c0       0x1c .pio\build\cubecell_board\libFrameworkArduino.a(CyLib.c.o)
                0x00000000000066c0                CySysTickStart
 .text.CySysTickDisableInterrupt
                0x00000000000066dc       0x10 .pio\build\cubecell_board\libFrameworkArduino.a(CyLib.c.o)
                0x00000000000066dc                CySysTickDisableInterrupt
 .text.CySysTickGetCountFlag
                0x00000000000066ec       0x10 .pio\build\cubecell_board\libFrameworkArduino.a(CyLib.c.o)
                0x00000000000066ec                CySysTickGetCountFlag
 .text.CySysTickServiceCallbacks
                0x00000000000066fc       0x24 .pio\build\cubecell_board\libFrameworkArduino.a(CyLib.c.o)
 .text.CySysTickSetCallback
                0x0000000000006720       0x10 .pio\build\cubecell_board\libFrameworkArduino.a(CyLib.c.o)
                0x0000000000006720                CySysTickSetCallback
 .text.CyGetUniqueId
                0x0000000000006730       0x70 .pio\build\cubecell_board\libFrameworkArduino.a(CyLib.c.o)
                0x0000000000006730                CyGetUniqueId
 .text.SPI_1_Enable
                0x00000000000067a0       0x18 .pio\build\cubecell_board\libFrameworkArduino.a(SPI_1.c.o)
                0x00000000000067a0                SPI_1_Enable
 .text.SPI_1_Start
                0x00000000000067b8       0x1c .pio\build\cubecell_board\libFrameworkArduino.a(SPI_1.c.o)
                0x00000000000067b8                SPI_1_Start
 .text.SPI_1_Stop
                0x00000000000067d4       0x20 .pio\build\cubecell_board\libFrameworkArduino.a(SPI_1.c.o)
                0x00000000000067d4                SPI_1_Stop
 .text.SPI_1_Sleep
                0x00000000000067f4       0x20 .pio\build\cubecell_board\libFrameworkArduino.a(SPI_1_PM.c.o)
                0x00000000000067f4                SPI_1_Sleep
 .text.SPI_1_Wakeup
                0x0000000000006814       0x14 .pio\build\cubecell_board\libFrameworkArduino.a(SPI_1_PM.c.o)
                0x0000000000006814                SPI_1_Wakeup
 .text.SPI_1_SpiPostEnable
                0x0000000000006828       0x14 .pio\build\cubecell_board\libFrameworkArduino.a(SPI_1_SPI.c.o)
                0x0000000000006828                SPI_1_SpiPostEnable
 .text.SPI_1_SpiStop
                0x000000000000683c       0x18 .pio\build\cubecell_board\libFrameworkArduino.a(SPI_1_SPI.c.o)
                0x000000000000683c                SPI_1_SpiStop
 .text.SPI_1_SpiSetActiveSlaveSelect
                0x0000000000006854       0x20 .pio\build\cubecell_board\libFrameworkArduino.a(SPI_1_SPI.c.o)
                0x0000000000006854                SPI_1_SpiSetActiveSlaveSelect
 .text.SPI_1_SpiInit
                0x0000000000006874       0x88 .pio\build\cubecell_board\libFrameworkArduino.a(SPI_1_SPI.c.o)
                0x0000000000006874                SPI_1_SpiInit
 .text.SPI_1_SpiUartReadRxData
                0x00000000000068fc        0xc .pio\build\cubecell_board\libFrameworkArduino.a(SPI_1_SPI_UART.c.o)
                0x00000000000068fc                SPI_1_SpiUartReadRxData
 .text.SPI_1_SpiUartGetRxBufferSize
                0x0000000000006908       0x10 .pio\build\cubecell_board\libFrameworkArduino.a(SPI_1_SPI_UART.c.o)
                0x0000000000006908                SPI_1_SpiUartGetRxBufferSize
 .text.SPI_1_SpiUartWriteTxData
                0x0000000000006918       0x1c .pio\build\cubecell_board\libFrameworkArduino.a(SPI_1_SPI_UART.c.o)
                0x0000000000006918                SPI_1_SpiUartWriteTxData
 .text.SPI_1_SpiUartGetTxBufferSize
                0x0000000000006934       0x10 .pio\build\cubecell_board\libFrameworkArduino.a(SPI_1_SPI_UART.c.o)
                0x0000000000006934                SPI_1_SpiUartGetTxBufferSize
 .text.UART_1_Sleep
                0x0000000000006944        0x8 .pio\build\cubecell_board\libFrameworkArduino.a(UART_1_PM.c.o)
                0x0000000000006944                UART_1_Sleep
 .text.UART_1_Wakeup
                0x000000000000694c        0x8 .pio\build\cubecell_board\libFrameworkArduino.a(UART_1_PM.c.o)
                0x000000000000694c                UART_1_Wakeup
 .text.UART_1_SpiUartReadRxData
                0x0000000000006954        0xc .pio\build\cubecell_board\libFrameworkArduino.a(UART_1_SPI_UART.c.o)
                0x0000000000006954                UART_1_SpiUartReadRxData
 .text.UART_1_SpiUartGetRxBufferSize
                0x0000000000006960       0x10 .pio\build\cubecell_board\libFrameworkArduino.a(UART_1_SPI_UART.c.o)
                0x0000000000006960                UART_1_SpiUartGetRxBufferSize
 .text.UART_1_SpiUartClearRxBuffer
                0x0000000000006970       0x20 .pio\build\cubecell_board\libFrameworkArduino.a(UART_1_SPI_UART.c.o)
                0x0000000000006970                UART_1_SpiUartClearRxBuffer
 .text.UART_1_SpiUartWriteTxData
                0x0000000000006990       0x1c .pio\build\cubecell_board\libFrameworkArduino.a(UART_1_SPI_UART.c.o)
                0x0000000000006990                UART_1_SpiUartWriteTxData
 .text.UART_1_SpiUartGetTxBufferSize
                0x00000000000069ac       0x10 .pio\build\cubecell_board\libFrameworkArduino.a(UART_1_SPI_UART.c.o)
                0x00000000000069ac                UART_1_SpiUartGetTxBufferSize
 .text.UART_1_SpiUartClearTxBuffer
                0x00000000000069bc       0x20 .pio\build\cubecell_board\libFrameworkArduino.a(UART_1_SPI_UART.c.o)
                0x00000000000069bc                UART_1_SpiUartClearTxBuffer
 .text.UART_1_UART_WAKEUP_ISR
                0x00000000000069dc        0x8 .pio\build\cubecell_board\libFrameworkArduino.a(UART_1_UART.c.o)
                0x00000000000069dc                UART_1_UART_WAKEUP_ISR
 .text.UART_1_UartInit
                0x00000000000069e4       0xdc .pio\build\cubecell_board\libFrameworkArduino.a(UART_1_UART.c.o)
                0x00000000000069e4                UART_1_UartInit
 .text.UART_1_UartPostEnable
                0x0000000000006ac0       0x28 .pio\build\cubecell_board\libFrameworkArduino.a(UART_1_UART.c.o)
                0x0000000000006ac0                UART_1_UartPostEnable
 .text.UART_1_UartGetByte
                0x0000000000006ae8       0x34 .pio\build\cubecell_board\libFrameworkArduino.a(UART_1_UART.c.o)
                0x0000000000006ae8                UART_1_UartGetByte
 .text.UART_1_UartSaveConfig
                0x0000000000006b1c       0x3c .pio\build\cubecell_board\libFrameworkArduino.a(UART_1_UART.c.o)
                0x0000000000006b1c                UART_1_UartSaveConfig
 .text.UART_1_UartRestoreConfig
                0x0000000000006b58        0xa .pio\build\cubecell_board\libFrameworkArduino.a(UART_1_UART.c.o)
                0x0000000000006b58                UART_1_UartRestoreConfig
 *fill*         0x0000000000006b62        0x2 
 .text.UART_1_rx_wake_ClearInterrupt
                0x0000000000006b64       0x10 .pio\build\cubecell_board\libFrameworkArduino.a(UART_1_rx_wake.c.o)
                0x0000000000006b64                UART_1_rx_wake_ClearInterrupt
 .text.UART_1_tx_SetDriveMode
                0x0000000000006b74       0x14 .pio\build\cubecell_board\libFrameworkArduino.a(UART_1_tx.c.o)
                0x0000000000006b74                UART_1_tx_SetDriveMode
 .text.UART_2_SpiUartReadRxData
                0x0000000000006b88        0xc .pio\build\cubecell_board\libFrameworkArduino.a(UART_2_SPI_UART.c.o)
                0x0000000000006b88                UART_2_SpiUartReadRxData
 .text.UART_2_SpiUartGetRxBufferSize
                0x0000000000006b94       0x10 .pio\build\cubecell_board\libFrameworkArduino.a(UART_2_SPI_UART.c.o)
                0x0000000000006b94                UART_2_SpiUartGetRxBufferSize
 .text.UART_2_SpiUartClearRxBuffer
                0x0000000000006ba4       0x20 .pio\build\cubecell_board\libFrameworkArduino.a(UART_2_SPI_UART.c.o)
                0x0000000000006ba4                UART_2_SpiUartClearRxBuffer
 .text.UART_2_SpiUartWriteTxData
                0x0000000000006bc4       0x1c .pio\build\cubecell_board\libFrameworkArduino.a(UART_2_SPI_UART.c.o)
                0x0000000000006bc4                UART_2_SpiUartWriteTxData
 .text.UART_2_SpiUartGetTxBufferSize
                0x0000000000006be0       0x10 .pio\build\cubecell_board\libFrameworkArduino.a(UART_2_SPI_UART.c.o)
                0x0000000000006be0                UART_2_SpiUartGetTxBufferSize
 .text.UART_2_SpiUartClearTxBuffer
                0x0000000000006bf0       0x20 .pio\build\cubecell_board\libFrameworkArduino.a(UART_2_SPI_UART.c.o)
                0x0000000000006bf0                UART_2_SpiUartClearTxBuffer
 .text.UART_2_UartInit
                0x0000000000006c10       0xc0 .pio\build\cubecell_board\libFrameworkArduino.a(UART_2_UART.c.o)
                0x0000000000006c10                UART_2_UartInit
 .text.UART_2_UartPostEnable
                0x0000000000006cd0       0x14 .pio\build\cubecell_board\libFrameworkArduino.a(UART_2_UART.c.o)
                0x0000000000006cd0                UART_2_UartPostEnable
 .text.UART_2_UartGetByte
                0x0000000000006ce4       0x34 .pio\build\cubecell_board\libFrameworkArduino.a(UART_2_UART.c.o)
                0x0000000000006ce4                UART_2_UartGetByte
 .text.CySysPmSleep
                0x0000000000006d18       0x1c .pio\build\cubecell_board\libFrameworkArduino.a(cyPm.c.o)
                0x0000000000006d18                CySysPmSleep
 .text.CySysPmDeepSleep
                0x0000000000006d34       0x60 .pio\build\cubecell_board\libFrameworkArduino.a(cyPm.c.o)
                0x0000000000006d34                CySysPmDeepSleep
 .text.GpioMcuSetInterrupt
                0x0000000000006d94        0xe .pio\build\cubecell_board\libFrameworkArduino.a(gpio-board.c.o)
                0x0000000000006d94                GpioMcuSetInterrupt
 .text.GpioMcuWrite
                0x0000000000006da2       0x14 .pio\build\cubecell_board\libFrameworkArduino.a(gpio-board.c.o)
                0x0000000000006da2                GpioMcuWrite
 .text.GpioMcuInit
                0x0000000000006db6       0x1e .pio\build\cubecell_board\libFrameworkArduino.a(gpio-board.c.o)
                0x0000000000006db6                GpioMcuInit
 .text.GpioMcuRead
                0x0000000000006dd4       0x14 .pio\build\cubecell_board\libFrameworkArduino.a(gpio-board.c.o)
                0x0000000000006dd4                GpioMcuRead
 .text.UART_1_SPI_UART_ISR
                0x0000000000006de8       0x14 .pio\build\cubecell_board\libFrameworkArduino.a(UART_1_SPI_UART_INT.c.o)
                0x0000000000006de8                UART_1_SPI_UART_ISR
 .text.UART_2_SPI_UART_ISR
                0x0000000000006dfc       0x14 .pio\build\cubecell_board\libFrameworkArduino.a(UART_2_SPI_UART_INT.c.o)
                0x0000000000006dfc                UART_2_SPI_UART_ISR
 .text.__aeabi_atexit
                0x0000000000006e10        0xe c:/users/marcus/.platformio/packages/toolchain-gccarmnoneeabi/bin/../lib/gcc/arm-none-eabi/9.2.1/../../../../arm-none-eabi/lib/thumb/v6-m/nofp\libstdc++_nano.a(atexit_arm.o)
                0x0000000000006e10                __aeabi_atexit
 .text._ZdlPvj  0x0000000000006e1e        0x8 c:/users/marcus/.platformio/packages/toolchain-gccarmnoneeabi/bin/../lib/gcc/arm-none-eabi/9.2.1/../../../../arm-none-eabi/lib/thumb/v6-m/nofp\libstdc++_nano.a(del_ops.o)
                0x0000000000006e1e                operator delete(void*, unsigned int)
 .text._ZdaPv   0x0000000000006e26        0x8 c:/users/marcus/.platformio/packages/toolchain-gccarmnoneeabi/bin/../lib/gcc/arm-none-eabi/9.2.1/../../../../arm-none-eabi/lib/thumb/v6-m/nofp\libstdc++_nano.a(del_opv.o)
                0x0000000000006e26                operator delete[](void*)
 .text._Znaj    0x0000000000006e2e        0x8 c:/users/marcus/.platformio/packages/toolchain-gccarmnoneeabi/bin/../lib/gcc/arm-none-eabi/9.2.1/../../../../arm-none-eabi/lib/thumb/v6-m/nofp\libstdc++_nano.a(new_opv.o)
                0x0000000000006e2e                operator new[](unsigned int)
 .text._ZdlPv   0x0000000000006e36        0x8 c:/users/marcus/.platformio/packages/toolchain-gccarmnoneeabi/bin/../lib/gcc/arm-none-eabi/9.2.1/../../../../arm-none-eabi/lib/thumb/v6-m/nofp\libstdc++_nano.a(del_op.o)
                0x0000000000006e36                operator delete(void*)
 .text._Znwj    0x0000000000006e3e       0x24 c:/users/marcus/.platformio/packages/toolchain-gccarmnoneeabi/bin/../lib/gcc/arm-none-eabi/9.2.1/../../../../arm-none-eabi/lib/thumb/v6-m/nofp\libstdc++_nano.a(new_op.o)
                0x0000000000006e3e                operator new(unsigned int)
 *fill*         0x0000000000006e62        0x2 
 .text._ZSt15get_new_handlerv
                0x0000000000006e64        0xc c:/users/marcus/.platformio/packages/toolchain-gccarmnoneeabi/bin/../lib/gcc/arm-none-eabi/9.2.1/../../../../arm-none-eabi/lib/thumb/v6-m/nofp\libstdc++_nano.a(new_handler.o)
                0x0000000000006e64                std::get_new_handler()
 .text.UART_2_Enable
                0x0000000000006e70       0x20 C:\Users\Marcus\.platformio\packages\framework-arduinoasrmicro650x\cores\asr650x\projects\CubeCellLib.a(UART_2.o)
                0x0000000000006e70                UART_2_Enable
 .text.UART_2_Start
                0x0000000000006e90       0x64 C:\Users\Marcus\.platformio\packages\framework-arduinoasrmicro650x\cores\asr650x\projects\CubeCellLib.a(UART_2.o)
                0x0000000000006e90                UART_2_Start
 .text.UART_1_Enable
                0x0000000000006ef4       0x20 C:\Users\Marcus\.platformio\packages\framework-arduinoasrmicro650x\cores\asr650x\projects\CubeCellLib.a(UART_1.o)
                0x0000000000006ef4                UART_1_Enable
 .text.UART_1_Start
                0x0000000000006f14       0x54 C:\Users\Marcus\.platformio\packages\framework-arduinoasrmicro650x\cores\asr650x\projects\CubeCellLib.a(UART_1.o)
                0x0000000000006f14                UART_1_Start
 .text._ZN17CubeCell_NeoPixelD2Ev
                0x0000000000006f68       0x1e .pio\build\cubecell_board\lib443\libRGB.a(CubeCell_NeoPixel.cpp.o)
                0x0000000000006f68                CubeCell_NeoPixel::~CubeCell_NeoPixel()
                0x0000000000006f68                CubeCell_NeoPixel::~CubeCell_NeoPixel()
 .text._ZN17CubeCell_NeoPixel5beginEv
                0x0000000000006f86       0x22 .pio\build\cubecell_board\lib443\libRGB.a(CubeCell_NeoPixel.cpp.o)
                0x0000000000006f86                CubeCell_NeoPixel::begin()
 .text._ZN17CubeCell_NeoPixel12updateLengthEt
                0x0000000000006fa8       0x3c .pio\build\cubecell_board\lib443\libRGB.a(CubeCell_NeoPixel.cpp.o)
                0x0000000000006fa8                CubeCell_NeoPixel::updateLength(unsigned short)
 .text._ZN17CubeCell_NeoPixel10updateTypeEt
                0x0000000000006fe4       0x46 .pio\build\cubecell_board\lib443\libRGB.a(CubeCell_NeoPixel.cpp.o)
                0x0000000000006fe4                CubeCell_NeoPixel::updateType(unsigned short)
 .text._ZN17CubeCell_NeoPixel4showEv
                0x000000000000702a       0x1c .pio\build\cubecell_board\lib443\libRGB.a(CubeCell_NeoPixel.cpp.o)
                0x000000000000702a                CubeCell_NeoPixel::show()
 .text._ZN17CubeCell_NeoPixel6setPinEh
                0x0000000000007046       0x36 .pio\build\cubecell_board\lib443\libRGB.a(CubeCell_NeoPixel.cpp.o)
                0x0000000000007046                CubeCell_NeoPixel::setPin(unsigned char)
 .text._ZN17CubeCell_NeoPixelC2Etht
                0x000000000000707c       0x2e .pio\build\cubecell_board\lib443\libRGB.a(CubeCell_NeoPixel.cpp.o)
                0x000000000000707c                CubeCell_NeoPixel::CubeCell_NeoPixel(unsigned short, unsigned char, unsigned short)
                0x000000000000707c                CubeCell_NeoPixel::CubeCell_NeoPixel(unsigned short, unsigned char, unsigned short)
 .text._ZN17CubeCell_NeoPixel13setPixelColorEtm
                0x00000000000070aa       0x6c .pio\build\cubecell_board\lib443\libRGB.a(CubeCell_NeoPixel.cpp.o)
                0x00000000000070aa                CubeCell_NeoPixel::setPixelColor(unsigned short, unsigned long)
 .text._ZN17CubeCell_NeoPixel5clearEv
                0x0000000000007116        0xe .pio\build\cubecell_board\lib443\libRGB.a(CubeCell_NeoPixel.cpp.o)
                0x0000000000007116                CubeCell_NeoPixel::clear()
 .text.UART_1_SCB_IRQ_Stop
                0x0000000000007124       0x1c .pio\build\cubecell_board\libFrameworkArduino.a(UART_1_SCB_IRQ.c.o)
                0x0000000000007124                UART_1_SCB_IRQ_Stop
 .text.UART_2_SCB_IRQ_Stop
                0x0000000000007140       0x1c .pio\build\cubecell_board\libFrameworkArduino.a(UART_2_SCB_IRQ.c.o)
                0x0000000000007140                UART_2_SCB_IRQ_Stop
 .text.ASR_NeoPixelShow
                0x000000000000715c       0x94 C:\Users\Marcus\.platformio\packages\framework-arduinoasrmicro650x\cores\asr650x\projects\CubeCellLib.a(asr_NeoPixel.o)
                0x000000000000715c                ASR_NeoPixelShow
 .text.ceil     0x00000000000071f0      0x118 c:/users/marcus/.platformio/packages/toolchain-gccarmnoneeabi/bin/../lib/gcc/arm-none-eabi/9.2.1/../../../../arm-none-eabi/lib/thumb/v6-m/nofp\libm.a(lib_a-s_ceil.o)
                0x00000000000071f0                ceil
 .text.floor    0x0000000000007308      0x128 c:/users/marcus/.platformio/packages/toolchain-gccarmnoneeabi/bin/../lib/gcc/arm-none-eabi/9.2.1/../../../../arm-none-eabi/lib/thumb/v6-m/nofp\libm.a(lib_a-s_floor.o)
                0x0000000000007308                floor
 .text.rint     0x0000000000007430      0x120 c:/users/marcus/.platformio/packages/toolchain-gccarmnoneeabi/bin/../lib/gcc/arm-none-eabi/9.2.1/../../../../arm-none-eabi/lib/thumb/v6-m/nofp\libm.a(lib_a-s_rint.o)
                0x0000000000007430                rint
 .text          0x0000000000007550       0x14 c:/users/marcus/.platformio/packages/toolchain-gccarmnoneeabi/bin/../lib/gcc/arm-none-eabi/9.2.1/thumb/v6-m/nofp\libgcc.a(_thumb1_case_shi.o)
                0x0000000000007550                __gnu_thumb1_case_shi
 .text          0x0000000000007564      0x114 c:/users/marcus/.platformio/packages/toolchain-gccarmnoneeabi/bin/../lib/gcc/arm-none-eabi/9.2.1/thumb/v6-m/nofp\libgcc.a(_udivsi3.o)
                0x0000000000007564                __aeabi_uidiv
                0x0000000000007564                __udivsi3
                0x0000000000007670                __aeabi_uidivmod
 .text          0x0000000000007678      0x1d4 c:/users/marcus/.platformio/packages/toolchain-gccarmnoneeabi/bin/../lib/gcc/arm-none-eabi/9.2.1/thumb/v6-m/nofp\libgcc.a(_divsi3.o)
                0x0000000000007678                __divsi3
                0x0000000000007678                __aeabi_idiv
                0x0000000000007844                __aeabi_idivmod
 .text          0x000000000000784c        0x4 c:/users/marcus/.platformio/packages/toolchain-gccarmnoneeabi/bin/../lib/gcc/arm-none-eabi/9.2.1/thumb/v6-m/nofp\libgcc.a(_dvmd_tls.o)
                0x000000000000784c                __aeabi_idiv0
                0x000000000000784c                __aeabi_ldiv0
 .text          0x0000000000007850       0x7c c:/users/marcus/.platformio/packages/toolchain-gccarmnoneeabi/bin/../lib/gcc/arm-none-eabi/9.2.1/thumb/v6-m/nofp\libgcc.a(_arm_cmpdf2.o)
                0x0000000000007850                __aeabi_cdrcmple
                0x0000000000007860                __aeabi_cdcmple
                0x0000000000007860                __aeabi_cdcmpeq
                0x0000000000007870                __aeabi_dcmpeq
                0x000000000000787c                __aeabi_dcmplt
                0x0000000000007890                __aeabi_dcmple
                0x00000000000078a4                __aeabi_dcmpgt
                0x00000000000078b8                __aeabi_dcmpge
 .text          0x00000000000078cc       0x40 c:/users/marcus/.platformio/packages/toolchain-gccarmnoneeabi/bin/../lib/gcc/arm-none-eabi/9.2.1/thumb/v6-m/nofp\libgcc.a(_aeabi_uldivmod.o)
                0x00000000000078cc                __aeabi_uldivmod
 .text.__muldi3
                0x000000000000790c       0x50 c:/users/marcus/.platformio/packages/toolchain-gccarmnoneeabi/bin/../lib/gcc/arm-none-eabi/9.2.1/thumb/v6-m/nofp\libgcc.a(_muldi3.o)
                0x000000000000790c                __muldi3
                0x000000000000790c                __aeabi_lmul
 .text.__fixunsdfsi
                0x000000000000795c       0x3c c:/users/marcus/.platformio/packages/toolchain-gccarmnoneeabi/bin/../lib/gcc/arm-none-eabi/9.2.1/thumb/v6-m/nofp\libgcc.a(_fixunsdfsi.o)
                0x000000000000795c                __aeabi_d2uiz
                0x000000000000795c                __fixunsdfsi
 .text.__udivmoddi4
                0x0000000000007998      0x198 c:/users/marcus/.platformio/packages/toolchain-gccarmnoneeabi/bin/../lib/gcc/arm-none-eabi/9.2.1/thumb/v6-m/nofp\libgcc.a(_udivmoddi4.o)
                0x0000000000007998                __udivmoddi4
 .text.__aeabi_fdiv
                0x0000000000007b30      0x218 c:/users/marcus/.platformio/packages/toolchain-gccarmnoneeabi/bin/../lib/gcc/arm-none-eabi/9.2.1/thumb/v6-m/nofp\libgcc.a(divsf3.o)
                0x0000000000007b30                __aeabi_fdiv
 .text.__aeabi_fmul
                0x0000000000007d48      0x234 c:/users/marcus/.platformio/packages/toolchain-gccarmnoneeabi/bin/../lib/gcc/arm-none-eabi/9.2.1/thumb/v6-m/nofp\libgcc.a(mulsf3.o)
                0x0000000000007d48                __aeabi_fmul
 .text.__aeabi_f2iz
                0x0000000000007f7c       0x40 c:/users/marcus/.platformio/packages/toolchain-gccarmnoneeabi/bin/../lib/gcc/arm-none-eabi/9.2.1/thumb/v6-m/nofp\libgcc.a(fixsfsi.o)
                0x0000000000007f7c                __aeabi_f2iz
 .text.__aeabi_ui2f
                0x0000000000007fbc       0x78 c:/users/marcus/.platformio/packages/toolchain-gccarmnoneeabi/bin/../lib/gcc/arm-none-eabi/9.2.1/thumb/v6-m/nofp\libgcc.a(floatunsisf.o)
                0x0000000000007fbc                __aeabi_ui2f
 .text.__aeabi_dadd
                0x0000000000008034      0x6d4 c:/users/marcus/.platformio/packages/toolchain-gccarmnoneeabi/bin/../lib/gcc/arm-none-eabi/9.2.1/thumb/v6-m/nofp\libgcc.a(adddf3.o)
                0x0000000000008034                __aeabi_dadd
 .text.__aeabi_ddiv
                0x0000000000008708      0x5d0 c:/users/marcus/.platformio/packages/toolchain-gccarmnoneeabi/bin/../lib/gcc/arm-none-eabi/9.2.1/thumb/v6-m/nofp\libgcc.a(divdf3.o)
                0x0000000000008708                __aeabi_ddiv
 .text.__eqdf2  0x0000000000008cd8       0x78 c:/users/marcus/.platformio/packages/toolchain-gccarmnoneeabi/bin/../lib/gcc/arm-none-eabi/9.2.1/thumb/v6-m/nofp\libgcc.a(eqdf2.o)
                0x0000000000008cd8                __nedf2
                0x0000000000008cd8                __eqdf2
 .text.__gedf2  0x0000000000008d50       0xe4 c:/users/marcus/.platformio/packages/toolchain-gccarmnoneeabi/bin/../lib/gcc/arm-none-eabi/9.2.1/thumb/v6-m/nofp\libgcc.a(gedf2.o)
                0x0000000000008d50                __gedf2
                0x0000000000008d50                __gtdf2