Archive member included to satisfy reference by file (symbol)

C:\Users\Marcus\.platformio\packages\framework-arduinoasrmicro650x\cores\asr650x\projects\CubeCellLib.a(timeServer.o)
                              .pio\build\cubecell_board\src\main.cpp.o (TimerInit)
C:\Users\Marcus\.platformio\packages\framework-arduinoasrmicro650x\cores\asr650x\projects\CubeCellLib.a(lorawan_port.o)
                              C:\Users\Marcus\.platformio\packages\framework-arduinoasrmicro650x\cores\asr650x\projects\CubeCellLib.a(timeServer.o) (aos_lrwan_time_itf)
C:\Users\Marcus\.platformio\packages\framework-arduinoasrmicro650x\cores\asr650x\projects\CubeCellLib.a(asr_timer.o)
                              C:\Users\Marcus\.platformio\packages\framework-arduinoasrmicro650x\cores\asr650x\projects\CubeCellLib.a(lorawan_port.o) (Asr_Timer_RegisterAlarmCallback)
C:\Users\Marcus\.platformio\packages\framework-arduinoasrmicro650x\cores\asr650x\projects\CubeCellLib.a(ASR_Arduino.o)
                              .pio\build\cubecell_board\src\main.cpp.o (getID)
C:\Users\Marcus\.platformio\packages\framework-arduinoasrmicro650x\cores\asr650x\projects\CubeCellLib.a(cyfitter_cfg.o)
                              C:\Users\Marcus\.platformio\packages\framework-arduinoasrmicro650x\cores\asr650x\projects\CubeCellLib.a(ASR_Arduino.o) (systime)
.pio\build\cubecell_board\lib36d\libCayenneLPP.a(CayenneLPP.cpp.o)
                              .pio\build\cubecell_board\src\main.cpp.o (CayenneLPP::CayenneLPP(unsigned char))
.pio\build\cubecell_board\liba3c\libLoRa.a(LoRaWan_APP.cpp.o)
                              .pio\build\cubecell_board\src\main.cpp.o (turnOnRGB)
.pio\build\cubecell_board\libFrameworkArduino.a(HardwareSerial.cpp.o)
                              .pio\build\cubecell_board\src\main.cpp.o (HardwareSerial::begin(unsigned long, unsigned long, signed char, bool, unsigned long))
.pio\build\cubecell_board\libFrameworkArduino.a(asr_board.c.o)
                              .pio\build\cubecell_board\src\main.cpp.o (boardInitMcu)
.pio\build\cubecell_board\libFrameworkArduino.a(gpio.c.o)
                              .pio\build\cubecell_board\libFrameworkArduino.a(asr_board.c.o) (GpioInit)
.pio\build\cubecell_board\libFrameworkArduino.a(spi-board.c.o)
                              .pio\build\cubecell_board\libFrameworkArduino.a(asr_board.c.o) (SpiInit)
.pio\build\cubecell_board\libFrameworkArduino.a(ADC_SAR_Seq.c.o)
                              C:\Users\Marcus\.platformio\packages\framework-arduinoasrmicro650x\cores\asr650x\projects\CubeCellLib.a(ASR_Arduino.o) (ADC_SAR_Seq_Start)
.pio\build\cubecell_board\libFrameworkArduino.a(ADC_SAR_Seq_INT.c.o)
                              .pio\build\cubecell_board\libFrameworkArduino.a(ADC_SAR_Seq.c.o) (ADC_SAR_Seq_ISR)
.pio\build\cubecell_board\libFrameworkArduino.a(PWM1.c.o)
                              C:\Users\Marcus\.platformio\packages\framework-arduinoasrmicro650x\cores\asr650x\projects\CubeCellLib.a(ASR_Arduino.o) (PWM1_Stop)
.pio\build\cubecell_board\libFrameworkArduino.a(PWM2.c.o)
                              C:\Users\Marcus\.platformio\packages\framework-arduinoasrmicro650x\cores\asr650x\projects\CubeCellLib.a(ASR_Arduino.o) (PWM2_Stop)
.pio\build\cubecell_board\libFrameworkArduino.a(Print.cpp.o)
                              .pio\build\cubecell_board\src\AT85ADC.cpp.o (Print::printf(char const*, ...))
.pio\build\cubecell_board\libFrameworkArduino.a(Stream.cpp.o)
                              .pio\build\cubecell_board\libFrameworkArduino.a(HardwareSerial.cpp.o) (Stream::readBytes(char*, unsigned int))
.pio\build\cubecell_board\libFrameworkArduino.a(WString.cpp.o)
                              .pio\build\cubecell_board\lib36d\libCayenneLPP.a(CayenneLPP.cpp.o) (String::~String())
.pio\build\cubecell_board\libFrameworkArduino.a(irq.c.o)
                              C:\Users\Marcus\.platformio\packages\framework-arduinoasrmicro650x\cores\asr650x\projects\CubeCellLib.a(ASR_Arduino.o) (global_irq_StartEx)
.pio\build\cubecell_board\libFrameworkArduino.a(stdlib_noniso.c.o)
                              .pio\build\cubecell_board\libFrameworkArduino.a(WString.cpp.o) (ltoa)
.pio\build\cubecell_board\libFrameworkArduino.a(radio.c.o)
                              .pio\build\cubecell_board\libFrameworkArduino.a(asr_board.c.o) (SX126x)
.pio\build\cubecell_board\libFrameworkArduino.a(sx126x.c.o)
                              .pio\build\cubecell_board\libFrameworkArduino.a(radio.c.o) (SX126xGetOperatingMode)
.pio\build\cubecell_board\libFrameworkArduino.a(LoRaMac.c.o)
                              .pio\build\cubecell_board\liba3c\libLoRa.a(LoRaWan_APP.cpp.o) (LoRaMacInitialization)
.pio\build\cubecell_board\libFrameworkArduino.a(LoRaMacClassB.c.o)
                              .pio\build\cubecell_board\libFrameworkArduino.a(LoRaMac.c.o) (LoRaMacClassBInit)
.pio\build\cubecell_board\libFrameworkArduino.a(LoRaMacConfirmQueue.c.o)
[...]
Memory Configuration

Name             Origin             Length             Attributes
rom              0x0000000000000000 0x0000000000020000 xr
ram              0x0000000020000000 0x0000000000004000 xrw
*default*        0x0000000000000000 0xffffffffffffffff

Linker script and memory map

LOAD c:/users/marcus/.platformio/packages/toolchain-gccarmnoneeabi/bin/../lib/gcc/arm-none-eabi/9.2.1/thumb/v6-m/nofp/crti.o
LOAD c:/users/marcus/.platformio/packages/toolchain-gccarmnoneeabi/bin/../lib/gcc/arm-none-eabi/9.2.1/thumb/v6-m/nofp/crtbegin.o
LOAD c:/users/marcus/.platformio/packages/toolchain-gccarmnoneeabi/bin/../lib/gcc/arm-none-eabi/9.2.1/../../../../arm-none-eabi/lib/thumb/v6-m/nofp/crt0.o
LOAD .pio\build\cubecell_board\src\AT85ADC.cpp.o
LOAD .pio\build\cubecell_board\src\DS18X20.cpp.o
LOAD .pio\build\cubecell_board\src\OneWire.cpp.o
LOAD .pio\build\cubecell_board\src\main.cpp.o
START GROUP
LOAD C:\Users\Marcus\.platformio\packages\framework-arduinoasrmicro650x\cores\asr650x\projects\CubeCellLib.a
LOAD .pio\build\cubecell_board\lib78c\libArduinoJson.a
LOAD .pio\build\cubecell_board\lib36d\libCayenneLPP.a
LOAD .pio\build\cubecell_board\lib37c\libOneWire.a
LOAD .pio\build\cubecell_board\lib443\libRGB.a
LOAD .pio\build\cubecell_board\lib793\libOLED.a
LOAD .pio\build\cubecell_board\liba3c\libLoRa.a
LOAD .pio\build\cubecell_board\libFrameworkArduinoVariant.a
LOAD .pio\build\cubecell_board\libFrameworkArduino.a
LOAD c:/users/marcus/.platformio/packages/toolchain-gccarmnoneeabi/bin/../lib/gcc/arm-none-eabi/9.2.1/../../../../arm-none-eabi/lib/thumb/v6-m/nofp\libstdc++_nano.a
END GROUP
LOAD c:/users/marcus/.platformio/packages/toolchain-gccarmnoneeabi/bin/../lib/gcc/arm-none-eabi/9.2.1/../../../../arm-none-eabi/lib/thumb/v6-m/nofp\libstdc++_nano.a
LOAD c:/users/marcus/.platformio/packages/toolchain-gccarmnoneeabi/bin/../lib/gcc/arm-none-eabi/9.2.1/../../../../arm-none-eabi/lib/thumb/v6-m/nofp\libm.a
START GROUP
LOAD c:/users/marcus/.platformio/packages/toolchain-gccarmnoneeabi/bin/../lib/gcc/arm-none-eabi/9.2.1/thumb/v6-m/nofp\libgcc.a
LOAD c:/users/marcus/.platformio/packages/toolchain-gccarmnoneeabi/bin/../lib/gcc/arm-none-eabi/9.2.1/../../../../arm-none-eabi/lib/thumb/v6-m/nofp\libc_nano.a
END GROUP
START GROUP
LOAD c:/users/marcus/.platformio/packages/toolchain-gccarmnoneeabi/bin/../lib/gcc/arm-none-eabi/9.2.1/thumb/v6-m/nofp\libgcc.a
LOAD c:/users/marcus/.platformio/packages/toolchain-gccarmnoneeabi/bin/../lib/gcc/arm-none-eabi/9.2.1/../../../../arm-none-eabi/lib/thumb/v6-m/nofp\libc_nano.a
END GROUP
LOAD c:/users/marcus/.platformio/packages/toolchain-gccarmnoneeabi/bin/../lib/gcc/arm-none-eabi/9.2.1/thumb/v6-m/nofp/crtend.o
LOAD c:/users/marcus/.platformio/packages/toolchain-gccarmnoneeabi/bin/../lib/gcc/arm-none-eabi/9.2.1/thumb/v6-m/nofp/crtn.o
START GROUP
LOAD c:/users/marcus/.platformio/packages/toolchain-gccarmnoneeabi/bin/../lib/gcc/arm-none-eabi/9.2.1/thumb/v6-m/nofp\libgcc.a
LOAD c:/users/marcus/.platformio/packages/toolchain-gccarmnoneeabi/bin/../lib/gcc/arm-none-eabi/9.2.1/../../../../arm-none-eabi/lib/thumb/v6-m/nofp\libc.a
LOAD c:/users/marcus/.platformio/packages/toolchain-gccarmnoneeabi/bin/../lib/gcc/arm-none-eabi/9.2.1/../../../../arm-none-eabi/lib/thumb/v6-m/nofp\libnosys.a
END GROUP
                0x0000000000000000                CY_APPL_ORIGIN = 0x0
                0x0000000000000100                CY_FLASH_ROW_SIZE = 0x100
                0x0000000000000001                CY_APPL_NUM = 0x1
                0x0000000000000001                CY_APPL_MAX = 0x1
                0x0000000000000040                CY_METADATA_SIZE = 0x40
                0x0000000000000001                CY_APPL_LOADABLE = 0x1
                0x0000000000000000                CY_CHECKSUM_EXCLUDE_SIZE = ALIGN (0x0, CY_FLASH_ROW_SIZE)
                0x0000000000000000                CY_APP_FOR_STACK_AND_COPIER = 0x0
                [!provide]                        PROVIDE (__cy_heap_start = _end)
                0x0000000000000001                PROVIDE (__cy_region_num = ((__cy_regions_end - __cy_regions) / 0x10))
                0x0000000020004000                PROVIDE (__cy_stack = (ORIGIN (ram) + LENGTH (ram)))
                [!provide]                        PROVIDE (__cy_heap_end = (__cy_stack - 0x800))

.cybootloader   0x0000000000000000     0x2200
 *(.cybootloader)
 .cybootloader  0x0000000000000000     0x2200 .pio\build\cubecell_board\libFrameworkArduino.a(cybootloader.c.o)
                0x0000000000000000                cy_bootloader
                0x0000000000002200                appl1_start = CY_APPL_ORIGIN?CY_APPL_ORIGIN:ALIGN (CY_FLASH_ROW_SIZE)
                0x0000000000011000                appl2_start = (appl1_start + ALIGN ((((LENGTH (rom) - appl1_start) - (0x2 * CY_FLASH_ROW_SIZE)) / 0x2), CY_FLASH_ROW_SIZE))
                0x0000000000002200                appl_start = (CY_APPL_NUM == 0x1)?appl1_start:appl2_start
                0x0000000000000000                cy_project_type_bootloader = (appl_start == 0x0)?0x1:0x0
                0x0000000000000000                cy_project_type_app_for_stack_and_copier = (CY_APP_FOR_STACK_AND_COPIER == 0x1)?0x1:0x0

.text           0x0000000000002200     0x944c
 CREATE_OBJECT_SYMBOLS
                0x0000000000002200                PROVIDE (__cy_interrupt_vector = RomVectors)
 *(.romvectors)
 .romvectors    0x0000000000002200       0x10 .pio\build\cubecell_board\libFrameworkArduino.a(Cm0plusStart.c.o)
                0x0000000000002200                RomVectors
                0x0000000000000001                ASSERT ((. != __cy_interrupt_vector), No interrupt vector)
                0x0000000000000001                ASSERT (CY_APPL_ORIGIN?(SIZEOF (.cybootloader) <= CY_APPL_ORIGIN):0x1, Wrong image location)
                0x0000000000002210                PROVIDE (__cy_reset = Reset)
 *(.text.Reset)
 .text.Reset    0x0000000000002210       0x18 .pio\build\cubecell_board\libFrameworkArduino.a(Cm0plusStart.c.o)
                0x0000000000002210                Reset
                0x0000000000000001                ASSERT ((. != __cy_reset), No reset code)
 *(.psocinit)
 .psocinit      0x0000000000002228      0x1b4 C:\Users\Marcus\.platformio\packages\framework-arduinoasrmicro650x\cores\asr650x\projects\CubeCellLib.a(cyfitter_cfg.o)
                0x0000000000002228                cyfitter_cfg
                0x00000000000023dc                . = MAX (., 0x100)
 *(.text .text.* .gnu.linkonce.t.*)
 .text.__do_global_dtors_aux
                0x00000000000023dc       0x28 c:/users/marcus/.platformio/packages/toolchain-gccarmnoneeabi/bin/../lib/gcc/arm-none-eabi/9.2.1/thumb/v6-m/nofp/crtbegin.o
 .text.frame_dummy
                0x0000000000002404       0x20 c:/users/marcus/.platformio/packages/toolchain-gccarmnoneeabi/bin/../lib/gcc/arm-none-eabi/9.2.1/thumb/v6-m/nofp/crtbegin.o
 .text._ZN7AT85ADCC2Eh
                0x0000000000002424        0xc .pio\build\cubecell_board\src\AT85ADC.cpp.o
                0x0000000000002424                AT85ADC::AT85ADC(unsigned char)
                0x0000000000002424                AT85ADC::AT85ADC(unsigned char)
 .text._ZN7AT85ADC6searchEv
                0x0000000000002430       0x60 .pio\build\cubecell_board\src\AT85ADC.cpp.o
                0x0000000000002430                AT85ADC::search()
 .text._ZN7AT85ADC17performConversionEhm
                0x0000000000002490       0x88 .pio\build\cubecell_board\src\AT85ADC.cpp.o
                0x0000000000002490                AT85ADC::performConversion(unsigned char, unsigned long)
 .text._ZN7AT85ADC10performAdcEh
                0x0000000000002518        0xa .pio\build\cubecell_board\src\AT85ADC.cpp.o
                0x0000000000002518                AT85ADC::performAdc(unsigned char)
 .text._ZN7DS18X20C2Eh
                0x0000000000002522        0xc .pio\build\cubecell_board\src\DS18X20.cpp.o
                0x0000000000002522                DS18X20::DS18X20(unsigned char)
                0x0000000000002522                DS18X20::DS18X20(unsigned char)
 *fill*         0x000000000000252e        0x2 
 .text._ZN7DS18X206searchEv
                0x0000000000002530       0x58 .pio\build\cubecell_board\src\DS18X20.cpp.o
                0x0000000000002530                DS18X20::search()
 .text._ZN7DS18X207getTempEv
                0x0000000000002588       0xa4 .pio\build\cubecell_board\src\DS18X20.cpp.o
                0x0000000000002588                DS18X20::getTemp()
 .text._ZN7OneWire5resetEv
                0x000000000000262c       0xa4 .pio\build\cubecell_board\src\OneWire.cpp.o
                0x000000000000262c                OneWire::reset()
 .text._ZN7OneWire9write_bitEh
                0x00000000000026d0       0x74 .pio\build\cubecell_board\src\OneWire.cpp.o
                0x00000000000026d0                OneWire::write_bit(unsigned char)
 .text._ZN7OneWire8read_bitEv
                0x0000000000002744       0x64 .pio\build\cubecell_board\src\OneWire.cpp.o
                0x0000000000002744                OneWire::read_bit()
 .text._ZN7OneWire5writeEhh
                0x00000000000027a8       0x70 .pio\build\cubecell_board\src\OneWire.cpp.o
                0x00000000000027a8                OneWire::write(unsigned char, unsigned char)
 .text._ZN7OneWire4readEv
                0x0000000000002818       0x24 .pio\build\cubecell_board\src\OneWire.cpp.o
                0x0000000000002818                OneWire::read()
 .text._ZN7OneWire6selectEPKh
                0x000000000000283c       0x24 .pio\build\cubecell_board\src\OneWire.cpp.o
                0x000000000000283c                OneWire::select(unsigned char const*)
 .text._ZN7OneWire7depowerEv
                0x0000000000002860       0x2c .pio\build\cubecell_board\src\OneWire.cpp.o
                0x0000000000002860                OneWire::depower()
 .text._ZN7OneWire12reset_searchEv
                0x000000000000288c        0xc .pio\build\cubecell_board\src\OneWire.cpp.o
                0x000000000000288c                OneWire::reset_search()
 .text._ZN7OneWire5beginEh
                0x0000000000002898       0x1c .pio\build\cubecell_board\src\OneWire.cpp.o
                0x0000000000002898                OneWire::begin(unsigned char)
 .text._ZN7OneWire13target_searchEh
                0x00000000000028b4       0x12 .pio\build\cubecell_board\src\OneWire.cpp.o
                0x00000000000028b4                OneWire::target_search(unsigned char)
 .text._ZN7OneWire6searchEPhb
                0x00000000000028c6       0xe6 .pio\build\cubecell_board\src\OneWire.cpp.o
                0x00000000000028c6                OneWire::search(unsigned char*, bool)
 .text._ZN7OneWire4crc8EPKhh
                0x00000000000029ac       0x2c .pio\build\cubecell_board\src\OneWire.cpp.o
                0x00000000000029ac                OneWire::crc8(unsigned char const*, unsigned char)
 .text._Z8onWakeUpv
                0x00000000000029d8        0xc .pio\build\cubecell_board\src\main.cpp.o
                0x00000000000029d8                onWakeUp()
 .text._Z8OnRxDonePhtsa
                0x00000000000029e4       0x20 .pio\build\cubecell_board\src\main.cpp.o
                0x00000000000029e4                OnRxDone(unsigned char*, unsigned short, short, signed char)
 .text._Z7isDebugv
                0x0000000000002a04       0x10 .pio\build\cubecell_board\src\main.cpp.o
                0x0000000000002a04                isDebug()
 .text._Z5flashmm
                0x0000000000002a14       0x24 .pio\build\cubecell_board\src\main.cpp.o
                0x0000000000002a14                flash(unsigned long, unsigned long)
 .text._Z5setupv
                0x0000000000002a38       0xcc .pio\build\cubecell_board\src\main.cpp.o
                0x0000000000002a38                setup()
 .text._Z10SendPacketf
                0x0000000000002b04      0x1d8 .pio\build\cubecell_board\src\main.cpp.o
                0x0000000000002b04                SendPacket(float)
 .text._Z7onSleepm
                0x0000000000002cdc       0x2c .pio\build\cubecell_board\src\main.cpp.o
                0x0000000000002cdc                onSleep(unsigned long)
 .text._Z13onSleepNormalv
                0x0000000000002d08       0x2c .pio\build\cubecell_board\src\main.cpp.o
                0x0000000000002d08                onSleepNormal()
 .text._Z8OnTxDonev
                0x0000000000002d34       0x24 .pio\build\cubecell_board\src\main.cpp.o
                0x0000000000002d34                OnTxDone()
 .text._Z11OnTxTimeoutv
                0x0000000000002d58       0x24 .pio\build\cubecell_board\src\main.cpp.o
                0x0000000000002d58                OnTxTimeout()
 .text._Z4loopv
                0x0000000000002d7c       0x88 .pio\build\cubecell_board\src\main.cpp.o
                0x0000000000002d7c                loop()
 .text.startup._GLOBAL__sub_I__bandwidth
                0x0000000000002e04       0x20 .pio\build\cubecell_board\src\main.cpp.o
 .text.TimeStampsUpdate
                0x0000000000002e24       0x38 C:\Users\Marcus\.platformio\packages\framework-arduinoasrmicro650x\cores\asr650x\projects\CubeCellLib.a(timeServer.o)
 .text.TimerSetTimeout
                0x0000000000002e5c       0x10 C:\Users\Marcus\.platformio\packages\framework-arduinoasrmicro650x\cores\asr650x\projects\CubeCellLib.a(timeServer.o)
 .text.TimerInsertNewHeadTimer
                0x0000000000002e6c       0x1c C:\Users\Marcus\.platformio\packages\framework-arduinoasrmicro650x\cores\asr650x\projects\CubeCellLib.a(timeServer.o)
 .text.TimerInit
                0x0000000000002e88        0xe C:\Users\Marcus\.platformio\packages\framework-arduinoasrmicro650x\cores\asr650x\projects\CubeCellLib.a(timeServer.o)
                0x0000000000002e88                TimerInit
 *fill*         0x0000000000002e96        0x2 
 .text.TimerStart
                0x0000000000002e98       0x88 C:\Users\Marcus\.platformio\packages\framework-arduinoasrmicro650x\cores\asr650x\projects\CubeCellLib.a(timeServer.o)
                0x0000000000002e98                TimerStart
 .text.TimerIrqHandler
                0x0000000000002f20       0x70 C:\Users\Marcus\.platformio\packages\framework-arduinoasrmicro650x\cores\asr650x\projects\CubeCellLib.a(timeServer.o)
                0x0000000000002f20                TimerIrqHandler
 .text.TimerStop
                0x0000000000002f90       0x68 C:\Users\Marcus\.platformio\packages\framework-arduinoasrmicro650x\cores\asr650x\projects\CubeCellLib.a(timeServer.o)
                0x0000000000002f90                TimerStop
 .text.TimerSetValue
                0x0000000000002ff8       0x1c C:\Users\Marcus\.platformio\packages\framework-arduinoasrmicro650x\cores\asr650x\projects\CubeCellLib.a(timeServer.o)
                0x0000000000002ff8                TimerSetValue
 .text.TimerGetCurrentTime
                0x0000000000003014       0x10 C:\Users\Marcus\.platformio\packages\framework-arduinoasrmicro650x\cores\asr650x\projects\CubeCellLib.a(timeServer.o)
                0x0000000000003014                TimerGetCurrentTime
 .text.TimerGetElapsedTime
                0x0000000000003024       0x10 C:\Users\Marcus\.platformio\packages\framework-arduinoasrmicro650x\cores\asr650x\projects\CubeCellLib.a(timeServer.o)
                0x0000000000003024                TimerGetElapsedTime
 .text.get_timer_context
                0x0000000000003034        0xc C:\Users\Marcus\.platformio\packages\framework-arduinoasrmicro650x\cores\asr650x\projects\CubeCellLib.a(lorawan_port.o)
 .text.set_timer_val
                0x0000000000003040        0xc C:\Users\Marcus\.platformio\packages\framework-arduinoasrmicro650x\cores\asr650x\projects\CubeCellLib.a(lorawan_port.o)
 .text.radio_rw_dis
                0x000000000000304c        0x2 C:\Users\Marcus\.platformio\packages\framework-arduinoasrmicro650x\cores\asr650x\projects\CubeCellLib.a(lorawan_port.o)
 .text.radio_rw
                0x000000000000304e        0x4 C:\Users\Marcus\.platformio\packages\framework-arduinoasrmicro650x\cores\asr650x\projects\CubeCellLib.a(lorawan_port.o)
 *fill*         0x0000000000003052        0x2 
 .text.RTC_Update_ASR
                0x0000000000003054       0x28 C:\Users\Marcus\.platformio\packages\framework-arduinoasrmicro650x\cores\asr650x\projects\CubeCellLib.a(lorawan_port.o)
                0x0000000000003054                RTC_Update_ASR
 .text.get_current_time
                0x000000000000307c       0x54 C:\Users\Marcus\.platformio\packages\framework-arduinoasrmicro650x\cores\asr650x\projects\CubeCellLib.a(lorawan_port.o)
                0x000000000000307c                get_current_time
 .text.get_sys_time
                0x00000000000030d0       0x28 C:\Users\Marcus\.platformio\packages\framework-arduinoasrmicro650x\cores\asr650x\projects\CubeCellLib.a(lorawan_port.o)
                0x00000000000030d0                get_sys_time
 .text.set_sys_time
                0x00000000000030f8       0x44 C:\Users\Marcus\.platformio\packages\framework-arduinoasrmicro650x\cores\asr650x\projects\CubeCellLib.a(lorawan_port.o)
                0x00000000000030f8                set_sys_time
 .text.compute_elapsed_time
                0x000000000000313c       0x10 C:\Users\Marcus\.platformio\packages\framework-arduinoasrmicro650x\cores\asr650x\projects\CubeCellLib.a(lorawan_port.o)
 .text.get_timer_elapsed_time
                0x000000000000314c       0x14 C:\Users\Marcus\.platformio\packages\framework-arduinoasrmicro650x\cores\asr650x\projects\CubeCellLib.a(lorawan_port.o)
 .text.set_timer_context
                0x0000000000003160       0x14 C:\Users\Marcus\.platformio\packages\framework-arduinoasrmicro650x\cores\asr650x\projects\CubeCellLib.a(lorawan_port.o)
 .text.enter_sleep_mode
                0x0000000000003174        0x8 C:\Users\Marcus\.platformio\packages\framework-arduinoasrmicro650x\cores\asr650x\projects\CubeCellLib.a(lorawan_port.o)
 .text.set_alarm
                0x000000000000317c       0x20 C:\Users\Marcus\.platformio\packages\framework-arduinoasrmicro650x\cores\asr650x\projects\CubeCellLib.a(lorawan_port.o)
 .text.set_timeout
                0x000000000000319c       0x2e C:\Users\Marcus\.platformio\packages\framework-arduinoasrmicro650x\cores\asr650x\projects\CubeCellLib.a(lorawan_port.o)
 .text.AlarmBackHandler
                0x00000000000031ca        0x8 C:\Users\Marcus\.platformio\packages\framework-arduinoasrmicro650x\cores\asr650x\projects\CubeCellLib.a(lorawan_port.o)
 .text.stop_alarm
                0x00000000000031d2        0x8 C:\Users\Marcus\.platformio\packages\framework-arduinoasrmicro650x\cores\asr650x\projects\CubeCellLib.a(lorawan_port.o)
 .text.delay_ms
                0x00000000000031da        0x8 C:\Users\Marcus\.platformio\packages\framework-arduinoasrmicro650x\cores\asr650x\projects\CubeCellLib.a(lorawan_port.o)
 .text.get_mft_baud
                0x00000000000031e2        0x8 C:\Users\Marcus\.platformio\packages\framework-arduinoasrmicro650x\cores\asr650x\projects\CubeCellLib.a(lorawan_port.o)
 .text.set_mft_baud
                0x00000000000031ea        0x8 C:\Users\Marcus\.platformio\packages\framework-arduinoasrmicro650x\cores\asr650x\projects\CubeCellLib.a(lorawan_port.o)
 .text.get_mft_sn
                0x00000000000031f2        0x8 C:\Users\Marcus\.platformio\packages\framework-arduinoasrmicro650x\cores\asr650x\projects\CubeCellLib.a(lorawan_port.o)
 .text.get_mft_rev
                0x00000000000031fa        0x8 C:\Users\Marcus\.platformio\packages\framework-arduinoasrmicro650x\cores\asr650x\projects\CubeCellLib.a(lorawan_port.o)
 .text.get_mft_model
                0x0000000000003202        0x8 C:\Users\Marcus\.platformio\packages\framework-arduinoasrmicro650x\cores\asr650x\projects\CubeCellLib.a(lorawan_port.o)
 .text.get_mft_id
                0x000000000000320a        0x8 C:\Users\Marcus\.platformio\packages\framework-arduinoasrmicro650x\cores\asr650x\projects\CubeCellLib.a(lorawan_port.o)
 .text.radio_rw_en
                0x0000000000003212        0x2 C:\Users\Marcus\.platformio\packages\framework-arduinoasrmicro650x\cores\asr650x\projects\CubeCellLib.a(lorawan_port.o)
 .text.exit_stop_mode
                0x0000000000003214        0x2 C:\Users\Marcus\.platformio\packages\framework-arduinoasrmicro650x\cores\asr650x\projects\CubeCellLib.a(lorawan_port.o)
 .text.set_uc_wakeup_time
                0x0000000000003216        0x2 C:\Users\Marcus\.platformio\packages\framework-arduinoasrmicro650x\cores\asr650x\projects\CubeCellLib.a(lorawan_port.o)
 .text.radio_reset
                0x0000000000003218        0x2 C:\Users\Marcus\.platformio\packages\framework-arduinoasrmicro650x\cores\asr650x\projects\CubeCellLib.a(lorawan_port.o)
 .text.radio_reset_cfg_input
                0x000000000000321a        0x2 C:\Users\Marcus\.platformio\packages\framework-arduinoasrmicro650x\cores\asr650x\projects\CubeCellLib.a(lorawan_port.o)
 .text.BackupGpioDriveMode
                0x000000000000321c      0x114 C:\Users\Marcus\.platformio\packages\framework-arduinoasrmicro650x\cores\asr650x\projects\CubeCellLib.a(lorawan_port.o)
                0x000000000000321c                BackupGpioDriveMode
 .text.RestoreGpioDriveMode
                0x0000000000003330      0x118 C:\Users\Marcus\.platformio\packages\framework-arduinoasrmicro650x\cores\asr650x\projects\CubeCellLib.a(lorawan_port.o)
                0x0000000000003330                RestoreGpioDriveMode
 .text.SetPinHIZ
                0x0000000000003448       0x2e C:\Users\Marcus\.platformio\packages\framework-arduinoasrmicro650x\cores\asr650x\projects\CubeCellLib.a(lorawan_port.o)
                0x0000000000003448                SetPinHIZ
 .text.UartDeepsleep
                0x0000000000003476       0x28 C:\Users\Marcus\.platformio\packages\framework-arduinoasrmicro650x\cores\asr650x\projects\CubeCellLib.a(lorawan_port.o)
                0x0000000000003476                UartDeepsleep
 *fill*         0x000000000000349e        0x2 
 .text.enter_stop_mode
                0x00000000000034a0       0x3c C:\Users\Marcus\.platformio\packages\framework-arduinoasrmicro650x\cores\asr650x\projects\CubeCellLib.a(lorawan_port.o)
 .text.RtcInit  0x00000000000034dc       0x3c C:\Users\Marcus\.platformio\packages\framework-arduinoasrmicro650x\cores\asr650x\projects\CubeCellLib.a(lorawan_port.o)
                0x00000000000034dc                RtcInit
 .text.Asr_Timer_RegisterAlarmCallback
                0x0000000000003518       0x10 C:\Users\Marcus\.platformio\packages\framework-arduinoasrmicro650x\cores\asr650x\projects\CubeCellLib.a(asr_timer.o)
                0x0000000000003518                Asr_Timer_RegisterAlarmCallback
 .text.Asr_SetTimeout
                0x0000000000003528       0xc4 C:\Users\Marcus\.platformio\packages\framework-arduinoasrmicro650x\cores\asr650x\projects\CubeCellLib.a(asr_timer.o)
                0x0000000000003528                Asr_SetTimeout
 .text.Asr_Timer_Init
                0x00000000000035ec       0x68 C:\Users\Marcus\.platformio\packages\framework-arduinoasrmicro650x\cores\asr650x\projects\CubeCellLib.a(asr_timer.o)
                0x00000000000035ec                Asr_Timer_Init
 .text.Asr_Timer_Disable
                0x0000000000003654       0x18 C:\Users\Marcus\.platformio\packages\framework-arduinoasrmicro650x\cores\asr650x\projects\CubeCellLib.a(asr_timer.o)
                0x0000000000003654                Asr_Timer_Disable
 .text.Timer0IsrCallback
                0x000000000000366c       0x1c C:\Users\Marcus\.platformio\packages\framework-arduinoasrmicro650x\cores\asr650x\projects\CubeCellLib.a(asr_timer.o)
                0x000000000000366c                Timer0IsrCallback
 .text.Timer1IsrCallback
                0x0000000000003688       0x28 C:\Users\Marcus\.platformio\packages\framework-arduinoasrmicro650x\cores\asr650x\projects\CubeCellLib.a(asr_timer.o)
                0x0000000000003688                Timer1IsrCallback
 .text.globalGpioIsrEntry
                0x00000000000036b0       0x58 C:\Users\Marcus\.platformio\packages\framework-arduinoasrmicro650x\cores\asr650x\projects\CubeCellLib.a(ASR_Arduino.o)
                0x00000000000036b0                globalGpioIsrEntry
 .text.getID    0x0000000000003708       0x18 C:\Users\Marcus\.platformio\packages\framework-arduinoasrmicro650x\cores\asr650x\projects\CubeCellLib.a(ASR_Arduino.o)
                0x0000000000003708                getID
 .text.license_check
                0x0000000000003720      0x268 C:\Users\Marcus\.platformio\packages\framework-arduinoasrmicro650x\cores\asr650x\projects\CubeCellLib.a(ASR_Arduino.o)
                0x0000000000003720                license_check
 .text.pinMode  0x0000000000003988       0x6c C:\Users\Marcus\.platformio\packages\framework-arduinoasrmicro650x\cores\asr650x\projects\CubeCellLib.a(ASR_Arduino.o)
                0x0000000000003988                pinMode
 .text.digitalWrite
                0x00000000000039f4       0x68 C:\Users\Marcus\.platformio\packages\framework-arduinoasrmicro650x\cores\asr650x\projects\CubeCellLib.a(ASR_Arduino.o)
                0x00000000000039f4                digitalWrite
 .text.digitalRead
                0x0000000000003a5c       0x20 C:\Users\Marcus\.platformio\packages\framework-arduinoasrmicro650x\cores\asr650x\projects\CubeCellLib.a(ASR_Arduino.o)
                0x0000000000003a5c                digitalRead
 .text.ClearPinInterrupt
                0x0000000000003a7c       0x1c C:\Users\Marcus\.platformio\packages\framework-arduinoasrmicro650x\cores\asr650x\projects\CubeCellLib.a(ASR_Arduino.o)
                0x0000000000003a7c                ClearPinInterrupt
 .text.attachInterrupt
                0x0000000000003a98       0x7c C:\Users\Marcus\.platformio\packages\framework-arduinoasrmicro650x\cores\asr650x\projects\CubeCellLib.a(ASR_Arduino.o)
                0x0000000000003a98                attachInterrupt
 .text.detachInterrupt
                0x0000000000003b14       0x6c C:\Users\Marcus\.platformio\packages\framework-arduinoasrmicro650x\cores\asr650x\projects\CubeCellLib.a(ASR_Arduino.o)
                0x0000000000003b14                detachInterrupt
 .text.analogRead
                0x0000000000003b80       0x70 C:\Users\Marcus\.platformio\packages\framework-arduinoasrmicro650x\cores\asr650x\projects\CubeCellLib.a(ASR_Arduino.o)
                0x0000000000003b80                analogRead
 .text.delay    0x0000000000003bf0        0x8 C:\Users\Marcus\.platformio\packages\framework-arduinoasrmicro650x\cores\asr650x\projects\CubeCellLib.a(ASR_Arduino.o)
                0x0000000000003bf0                delay
 .text.delayMicroseconds
                0x0000000000003bf8        0x8 C:\Users\Marcus\.platformio\packages\framework-arduinoasrmicro650x\cores\asr650x\projects\CubeCellLib.a(ASR_Arduino.o)
                0x0000000000003bf8                delayMicroseconds
 .text.millis   0x0000000000003c00        0xc C:\Users\Marcus\.platformio\packages\framework-arduinoasrmicro650x\cores\asr650x\projects\CubeCellLib.a(ASR_Arduino.o)
                0x0000000000003c00                millis
 .text.SPI_BUSY_SetDriveMode
                0x0000000000003c0c        0x2 C:\Users\Marcus\.platformio\packages\framework-arduinoasrmicro650x\cores\asr650x\projects\CubeCellLib.a(ASR_Arduino.o)
                0x0000000000003c0c                SPI_BUSY_SetDriveMode
 .text.SPI_NRESET_SetDriveMode
                0x0000000000003c0e        0x2 C:\Users\Marcus\.platformio\packages\framework-arduinoasrmicro650x\cores\asr650x\projects\CubeCellLib.a(ASR_Arduino.o)
                0x0000000000003c0e                SPI_NRESET_SetDriveMode
 .text.antpow_SetDriveMode
                0x0000000000003c10        0x2 C:\Users\Marcus\.platformio\packages\framework-arduinoasrmicro650x\cores\asr650x\projects\CubeCellLib.a(ASR_Arduino.o)
                0x0000000000003c10                antpow_SetDriveMode
 .text.SPI_1_miso_m_SetDriveMode
                0x0000000000003c12        0x2 C:\Users\Marcus\.platformio\packages\framework-arduinoasrmicro650x\cores\asr650x\projects\CubeCellLib.a(ASR_Arduino.o)
                0x0000000000003c12                SPI_1_miso_m_SetDriveMode
 .text.SPI_1_mosi_m_SetDriveMode
                0x0000000000003c14        0x2 C:\Users\Marcus\.platformio\packages\framework-arduinoasrmicro650x\cores\asr650x\projects\CubeCellLib.a(ASR_Arduino.o)
                0x0000000000003c14                SPI_1_mosi_m_SetDriveMode
 .text.SPI_1_sclk_m_SetDriveMode
                0x0000000000003c16        0x2 C:\Users\Marcus\.platformio\packages\framework-arduinoasrmicro650x\cores\asr650x\projects\CubeCellLib.a(ASR_Arduino.o)
                0x0000000000003c16                SPI_1_sclk_m_SetDriveMode
 .text.systemTimer
                0x0000000000003c18       0x10 C:\Users\Marcus\.platformio\packages\framework-arduinoasrmicro650x\cores\asr650x\projects\CubeCellLib.a(cyfitter_cfg.o)
                0x0000000000003c18                systemTimer
 .text.SetAnalogRoutingPumps
                0x0000000000003c28       0x1c C:\Users\Marcus\.platformio\packages\framework-arduinoasrmicro650x\cores\asr650x\projects\CubeCellLib.a(cyfitter_cfg.o)
                0x0000000000003c28                SetAnalogRoutingPumps
 .text._ZN10CayenneLPPC2Eh
                0x0000000000003c44       0x18 .pio\build\cubecell_board\lib36d\libCayenneLPP.a(CayenneLPP.cpp.o)
                0x0000000000003c44                CayenneLPP::CayenneLPP(unsigned char)
                0x0000000000003c44                CayenneLPP::CayenneLPP(unsigned char)
 .text._ZN10CayenneLPPD2Ev
                0x0000000000003c5c        0xe .pio\build\cubecell_board\lib36d\libCayenneLPP.a(CayenneLPP.cpp.o)
                0x0000000000003c5c                CayenneLPP::~CayenneLPP()
                0x0000000000003c5c                CayenneLPP::~CayenneLPP()
 .text._ZN10CayenneLPP5resetEv
                0x0000000000003c6a        0x6 .pio\build\cubecell_board\lib36d\libCayenneLPP.a(CayenneLPP.cpp.o)
                0x0000000000003c6a                CayenneLPP::reset()
 .text._ZN10CayenneLPP7getSizeEv
                0x0000000000003c70        0x4 .pio\build\cubecell_board\lib36d\libCayenneLPP.a(CayenneLPP.cpp.o)
                0x0000000000003c70                CayenneLPP::getSize()
 .text._ZN10CayenneLPP9getBufferEv
                0x0000000000003c74        0x4 .pio\build\cubecell_board\lib36d\libCayenneLPP.a(CayenneLPP.cpp.o)
                0x0000000000003c74                CayenneLPP::getBuffer()
 .text._ZN10CayenneLPP6isTypeEh
                0x0000000000003c78       0x38 .pio\build\cubecell_board\lib36d\libCayenneLPP.a(CayenneLPP.cpp.o)
                0x0000000000003c78                CayenneLPP::isType(unsigned char)
 .text._ZN10CayenneLPP11getTypeSizeEh
                0x0000000000003cb0       0x88 .pio\build\cubecell_board\lib36d\libCayenneLPP.a(CayenneLPP.cpp.o)
                0x0000000000003cb0                CayenneLPP::getTypeSize(unsigned char)
 .text._ZN10CayenneLPP17getTypeMultiplierEh
                0x0000000000003d38       0x88 .pio\build\cubecell_board\lib36d\libCayenneLPP.a(CayenneLPP.cpp.o)
                0x0000000000003d38                CayenneLPP::getTypeMultiplier(unsigned char)
 .text._ZN10CayenneLPP13getTypeSignedEh
                0x0000000000003dc0       0x24 .pio\build\cubecell_board\lib36d\libCayenneLPP.a(CayenneLPP.cpp.o)
                0x0000000000003dc0                CayenneLPP::getTypeSigned(unsigned char)
 .text._ZN10CayenneLPP8addFieldImEEhhhT_
                0x0000000000003de4       0x74 .pio\build\cubecell_board\lib36d\libCayenneLPP.a(CayenneLPP.cpp.o)
                0x0000000000003de4                unsigned char CayenneLPP::addField<unsigned long>(unsigned char, unsigned char, unsigned long)
 .text._ZN10CayenneLPP11addPresenceEhm
                0x0000000000003e58        0xe .pio\build\cubecell_board\lib36d\libCayenneLPP.a(CayenneLPP.cpp.o)
                0x0000000000003e58                CayenneLPP::addPresence(unsigned char, unsigned long)
 .text._ZN10CayenneLPP8addFieldIfEEhhhT_
                0x0000000000003e66       0xca .pio\build\cubecell_board\lib36d\libCayenneLPP.a(CayenneLPP.cpp.o)
                0x0000000000003e66                unsigned char CayenneLPP::addField<float>(unsigned char, unsigned char, float)
 .text._ZN10CayenneLPP16addGenericSensorEhf
                0x0000000000003f30        0xe .pio\build\cubecell_board\lib36d\libCayenneLPP.a(CayenneLPP.cpp.o)
                0x0000000000003f30                CayenneLPP::addGenericSensor(unsigned char, float)
 .text._ZN10CayenneLPP14addTemperatureEhf
                0x0000000000003f3e        0xe .pio\build\cubecell_board\lib36d\libCayenneLPP.a(CayenneLPP.cpp.o)
                0x0000000000003f3e                CayenneLPP::addTemperature(unsigned char, float)
 .text._ZN10CayenneLPP10addVoltageEhf
                0x0000000000003f4c        0xe .pio\build\cubecell_board\lib36d\libCayenneLPP.a(CayenneLPP.cpp.o)
                0x0000000000003f4c                CayenneLPP::addVoltage(unsigned char, float)
 *fill*         0x0000000000003f5a        0x2 
 .text.turnOnRGB
                0x0000000000003f5c       0x50 .pio\build\cubecell_board\liba3c\libLoRa.a(LoRaWan_APP.cpp.o)
                0x0000000000003f5c                turnOnRGB
 .text.turnOffRGB
                0x0000000000003fac       0x14 .pio\build\cubecell_board\liba3c\libLoRa.a(LoRaWan_APP.cpp.o)
                0x0000000000003fac                turnOffRGB
 .text.getBatteryVoltage
                0x0000000000003fc0       0x28 .pio\build\cubecell_board\liba3c\libLoRa.a(LoRaWan_APP.cpp.o)
                0x0000000000003fc0                getBatteryVoltage
 .text.startup._GLOBAL__sub_I_pixels
                0x0000000000003fe8       0x2c .pio\build\cubecell_board\liba3c\libLoRa.a(LoRaWan_APP.cpp.o)
 .text._ZN6Stream9readBytesEPhj
                0x0000000000004014        0xa .pio\build\cubecell_board\libFrameworkArduino.a(HardwareSerial.cpp.o)
                0x0000000000004014                Stream::readBytes(unsigned char*, unsigned int)
 .text._ZN14HardwareSerial4peekEv
                0x000000000000401e        0x4 .pio\build\cubecell_board\libFrameworkArduino.a(HardwareSerial.cpp.o)
                0x000000000000401e                HardwareSerial::peek()
 .text._ZN14HardwareSerialD2Ev
                0x0000000000004022        0x2 .pio\build\cubecell_board\libFrameworkArduino.a(HardwareSerial.cpp.o)
                0x0000000000004022                HardwareSerial::~HardwareSerial()
                0x0000000000004022                HardwareSerial::~HardwareSerial()
 .text._ZN14HardwareSerial9availableEv
                0x0000000000004024       0x16 .pio\build\cubecell_board\libFrameworkArduino.a(HardwareSerial.cpp.o)
                0x0000000000004024                HardwareSerial::available()
 .text._ZN14HardwareSerial4readEv
                0x000000000000403a       0x26 .pio\build\cubecell_board\libFrameworkArduino.a(HardwareSerial.cpp.o)
                0x000000000000403a                HardwareSerial::read()
 .text._ZN14HardwareSerial5writeEh
                0x0000000000004060       0x1a .pio\build\cubecell_board\libFrameworkArduino.a(HardwareSerial.cpp.o)
                0x0000000000004060                HardwareSerial::write(unsigned char)
 .text._ZN14HardwareSerial5writeEPKhj
                0x000000000000407a       0x28 .pio\build\cubecell_board\libFrameworkArduino.a(HardwareSerial.cpp.o)
                0x000000000000407a                HardwareSerial::write(unsigned char const*, unsigned int)
 .text._ZN14HardwareSerialD0Ev
                0x00000000000040a2        0xe .pio\build\cubecell_board\libFrameworkArduino.a(HardwareSerial.cpp.o)
                0x00000000000040a2                HardwareSerial::~HardwareSerial()
 .text._ZN14HardwareSerial5flushEv
                0x00000000000040b0       0x2c .pio\build\cubecell_board\libFrameworkArduino.a(HardwareSerial.cpp.o)
                0x00000000000040b0                HardwareSerial::flush()
 .text._ZN14HardwareSerial5beginEmmabm
                0x00000000000040dc      0x124 .pio\build\cubecell_board\libFrameworkArduino.a(HardwareSerial.cpp.o)
                0x00000000000040dc                HardwareSerial::begin(unsigned long, unsigned long, signed char, bool, unsigned long)
 .text.startup._GLOBAL__sub_I_Serial
                0x0000000000004200       0x5c .pio\build\cubecell_board\libFrameworkArduino.a(HardwareSerial.cpp.o)
 .text.SX126xIoInit
                0x000000000000425c       0x44 .pio\build\cubecell_board\libFrameworkArduino.a(asr_board.c.o)
                0x000000000000425c                SX126xIoInit
 .text.SX126xIoIrqInit
                0x00000000000042a0       0x14 .pio\build\cubecell_board\libFrameworkArduino.a(asr_board.c.o)
                0x00000000000042a0                SX126xIoIrqInit
 .text.SX126xGetBoardTcxoWakeupTime
                0x00000000000042b4        0x4 .pio\build\cubecell_board\libFrameworkArduino.a(asr_board.c.o)
                0x00000000000042b4                SX126xGetBoardTcxoWakeupTime
 .text.SX126xReset
                0x00000000000042b8       0x50 .pio\build\cubecell_board\libFrameworkArduino.a(asr_board.c.o)
                0x00000000000042b8                SX126xReset
 .text.SX126xWaitOnBusy
                0x0000000000004308       0x14 .pio\build\cubecell_board\libFrameworkArduino.a(asr_board.c.o)
                0x0000000000004308                SX126xWaitOnBusy
 .text.SX126xWakeup
                0x000000000000431c       0x38 .pio\build\cubecell_board\libFrameworkArduino.a(asr_board.c.o)
                0x000000000000431c                SX126xWakeup
 .text.SX126xWriteCommand
                0x0000000000004354       0x50 .pio\build\cubecell_board\libFrameworkArduino.a(asr_board.c.o)
                0x0000000000004354                SX126xWriteCommand
 .text.SX126xReadCommand
                0x00000000000043a4       0x54 .pio\build\cubecell_board\libFrameworkArduino.a(asr_board.c.o)
                0x00000000000043a4                SX126xReadCommand
 .text.SX126xWriteRegisters
                0x00000000000043f8       0x5c .pio\build\cubecell_board\libFrameworkArduino.a(asr_board.c.o)
                0x00000000000043f8                SX126xWriteRegisters
 .text.SX126xWriteRegister
                0x0000000000004454       0x12 .pio\build\cubecell_board\libFrameworkArduino.a(asr_board.c.o)
                0x0000000000004454                SX126xWriteRegister
 *fill*         0x0000000000004466        0x2 
 .text.SX126xReadRegisters
                0x0000000000004468       0x64 .pio\build\cubecell_board\libFrameworkArduino.a(asr_board.c.o)
                0x0000000000004468                SX126xReadRegisters
 .text.SX126xReadRegister
                0x00000000000044cc       0x12 .pio\build\cubecell_board\libFrameworkArduino.a(asr_board.c.o)
                0x00000000000044cc                SX126xReadRegister
 *fill*         0x00000000000044de        0x2 
 .text.SX126xWriteBuffer
                0x00000000000044e0       0x54 .pio\build\cubecell_board\libFrameworkArduino.a(asr_board.c.o)
                0x00000000000044e0                SX126xWriteBuffer
 .text.SX126xReadBuffer
                0x0000000000004534       0x5c .pio\build\cubecell_board\libFrameworkArduino.a(asr_board.c.o)
                0x0000000000004534                SX126xReadBuffer
 .text.SX126xSetRfTxPower
                0x0000000000004590        0xa .pio\build\cubecell_board\libFrameworkArduino.a(asr_board.c.o)
                0x0000000000004590                SX126xSetRfTxPower
 .text.SX126xGetPaSelect
                0x000000000000459a        0x4 .pio\build\cubecell_board\libFrameworkArduino.a(asr_board.c.o)
                0x000000000000459a                SX126xGetPaSelect
 .text.SX126xAntSwOn
                0x000000000000459e        0x2 .pio\build\cubecell_board\libFrameworkArduino.a(asr_board.c.o)
                0x000000000000459e                SX126xAntSwOn
 .text.SX126xAntSwOff
                0x00000000000045a0        0x2 .pio\build\cubecell_board\libFrameworkArduino.a(asr_board.c.o)
                0x00000000000045a0                SX126xAntSwOff
 .text.BoardDisableIrq
                0x00000000000045a2        0x4 .pio\build\cubecell_board\libFrameworkArduino.a(asr_board.c.o)
                0x00000000000045a2                BoardDisableIrq
 .text.BoardEnableIrq
                0x00000000000045a6        0x4 .pio\build\cubecell_board\libFrameworkArduino.a(asr_board.c.o)
                0x00000000000045a6                BoardEnableIrq
 *fill*         0x00000000000045aa        0x2 
 .text.boardInitMcu
                0x00000000000045ac       0x4c .pio\build\cubecell_board\libFrameworkArduino.a(asr_board.c.o)
                0x00000000000045ac                boardInitMcu
 .text.HW_Get_MFT_ID
                0x00000000000045f8        0x8 .pio\build\cubecell_board\libFrameworkArduino.a(asr_board.c.o)
                0x00000000000045f8                HW_Get_MFT_ID
 .text.HW_Get_MFT_Model
                0x0000000000004600        0x8 .pio\build\cubecell_board\libFrameworkArduino.a(asr_board.c.o)
                0x0000000000004600                HW_Get_MFT_Model
 .text.HW_Get_MFT_Rev
                0x0000000000004608        0x8 .pio\build\cubecell_board\libFrameworkArduino.a(asr_board.c.o)
                0x0000000000004608                HW_Get_MFT_Rev
 .text.HW_Get_MFT_SN
                0x0000000000004610       0x24 .pio\build\cubecell_board\libFrameworkArduino.a(asr_board.c.o)
                0x0000000000004610                HW_Get_MFT_SN
 .text.HW_Set_MFT_Baud
                0x0000000000004634       0x64 .pio\build\cubecell_board\libFrameworkArduino.a(asr_board.c.o)
                0x0000000000004634                HW_Set_MFT_Baud
 .text.HW_Get_MFT_Baud
                0x0000000000004698        0xc .pio\build\cubecell_board\libFrameworkArduino.a(asr_board.c.o)
                0x0000000000004698                HW_Get_MFT_Baud
 .text.GpioInit
                0x00000000000046a4       0x12 .pio\build\cubecell_board\libFrameworkArduino.a(gpio.c.o)
                0x00000000000046a4                GpioInit
 .text.GpioSetInterrupt
                0x00000000000046b6        0x8 .pio\build\cubecell_board\libFrameworkArduino.a(gpio.c.o)
                0x00000000000046b6                GpioSetInterrupt
 .text.GpioWrite
                0x00000000000046be        0x8 .pio\build\cubecell_board\libFrameworkArduino.a(gpio.c.o)
                0x00000000000046be                GpioWrite
 .text.GpioRead
                0x00000000000046c6        0x8 .pio\build\cubecell_board\libFrameworkArduino.a(gpio.c.o)
                0x00000000000046c6                GpioRead
 .text.SpiInit  0x00000000000046ce        0x8 .pio\build\cubecell_board\libFrameworkArduino.a(spi-board.c.o)
                0x00000000000046ce                SpiInit
 *fill*         0x00000000000046d6        0x2 
 .text.SpiInOut
                0x00000000000046d8       0x34 .pio\build\cubecell_board\libFrameworkArduino.a(spi-board.c.o)
                0x00000000000046d8                SpiInOut
 .text.ADC_SAR_Seq_Init
                0x000000000000470c       0xd8 .pio\build\cubecell_board\libFrameworkArduino.a(ADC_SAR_Seq.c.o)
                0x000000000000470c                ADC_SAR_Seq_Init
 .text.ADC_SAR_Seq_Enable
                0x00000000000047e4       0x2c .pio\build\cubecell_board\libFrameworkArduino.a(ADC_SAR_Seq.c.o)
                0x00000000000047e4                ADC_SAR_Seq_Enable
 .text.ADC_SAR_Seq_Start
                0x0000000000004810       0x1c .pio\build\cubecell_board\libFrameworkArduino.a(ADC_SAR_Seq.c.o)
                0x0000000000004810                ADC_SAR_Seq_Start
 .text.ADC_SAR_Seq_Stop
                0x000000000000482c       0x10 .pio\build\cubecell_board\libFrameworkArduino.a(ADC_SAR_Seq.c.o)
                0x000000000000482c                ADC_SAR_Seq_Stop
 .text.ADC_SAR_Seq_StartConvert
                0x000000000000483c        0xc .pio\build\cubecell_board\libFrameworkArduino.a(ADC_SAR_Seq.c.o)
                0x000000000000483c                ADC_SAR_Seq_StartConvert
 .text.ADC_SAR_Seq_StopConvert
                0x0000000000004848        0x2 .pio\build\cubecell_board\libFrameworkArduino.a(ADC_SAR_Seq.c.o)
                0x0000000000004848                ADC_SAR_Seq_StopConvert
 *fill*         0x000000000000484a        0x2 
 .text.ADC_SAR_Seq_IsEndConversion
                0x000000000000484c       0x2c .pio\build\cubecell_board\libFrameworkArduino.a(ADC_SAR_Seq.c.o)
                0x000000000000484c                ADC_SAR_Seq_IsEndConversion
 .text.ADC_SAR_Seq_GetResult16
                0x0000000000004878       0x20 .pio\build\cubecell_board\libFrameworkArduino.a(ADC_SAR_Seq.c.o)
                0x0000000000004878                ADC_SAR_Seq_GetResult16
 .text.ADC_SAR_Seq_CountsTo_mVolts
                0x0000000000004898       0x50 .pio\build\cubecell_board\libFrameworkArduino.a(ADC_SAR_Seq.c.o)
                0x0000000000004898                ADC_SAR_Seq_CountsTo_mVolts
 .text.ADC_SAR_Seq_ISR
                0x00000000000048e8        0xc .pio\build\cubecell_board\libFrameworkArduino.a(ADC_SAR_Seq_INT.c.o)
                0x00000000000048e8                ADC_SAR_Seq_ISR
 .text.PWM1_Stop
                0x00000000000048f4       0x34 .pio\build\cubecell_board\libFrameworkArduino.a(PWM1.c.o)
                0x00000000000048f4                PWM1_Stop
 .text.PWM2_Stop
                0x0000000000004928       0x34 .pio\build\cubecell_board\libFrameworkArduino.a(PWM2.c.o)
                0x0000000000004928                PWM2_Stop
 .text._ZN5Print5writeEPKc
                0x000000000000495c       0x1c .pio\build\cubecell_board\libFrameworkArduino.a(Print.cpp.o)
                0x000000000000495c                Print::write(char const*)
 .text._ZN5Print6printfEPKcz
                0x0000000000004978       0x5a .pio\build\cubecell_board\libFrameworkArduino.a(Print.cpp.o)
                0x0000000000004978                Print::printf(char const*, ...)
 .text._ZN5Print5printEc
                0x00000000000049d2        0xa .pio\build\cubecell_board\libFrameworkArduino.a(Print.cpp.o)
                0x00000000000049d2                Print::print(char)
 .text._ZN5Print7printlnEv
                0x00000000000049dc       0x10 .pio\build\cubecell_board\libFrameworkArduino.a(Print.cpp.o)
                0x00000000000049dc                Print::println()
 .text._ZN5Print7printlnEPKc
                0x00000000000049ec       0x14 .pio\build\cubecell_board\libFrameworkArduino.a(Print.cpp.o)
                0x00000000000049ec                Print::println(char const*)
 .text._ZN5Print11printNumberEmh
                0x0000000000004a00       0x4e .pio\build\cubecell_board\libFrameworkArduino.a(Print.cpp.o)
                0x0000000000004a00                Print::printNumber(unsigned long, unsigned char)
 .text._ZN5Print5printEli
                0x0000000000004a4e       0x3e .pio\build\cubecell_board\libFrameworkArduino.a(Print.cpp.o)
                0x0000000000004a4e                Print::print(long, int)
 .text._ZN5Print10printFloatEdh
                0x0000000000004a8c      0x168 .pio\build\cubecell_board\libFrameworkArduino.a(Print.cpp.o)
                0x0000000000004a8c                Print::printFloat(double, unsigned char)
 .text._ZN5Print5printEdi
                0x0000000000004bf4        0xe .pio\build\cubecell_board\libFrameworkArduino.a(Print.cpp.o)
                0x0000000000004bf4                Print::print(double, int)
 .text._ZN6Stream9timedReadEv
                0x0000000000004c02       0x2a .pio\build\cubecell_board\libFrameworkArduino.a(Stream.cpp.o)
                0x0000000000004c02                Stream::timedRead()
 .text._ZN6Stream9readBytesEPcj
                0x0000000000004c2c       0x22 .pio\build\cubecell_board\libFrameworkArduino.a(Stream.cpp.o)
                0x0000000000004c2c                Stream::readBytes(char*, unsigned int)
 *fill*         0x0000000000004c4e        0x2 
 .text._ZN6Stream10readStringEv
                0x0000000000004c50       0x28 .pio\build\cubecell_board\libFrameworkArduino.a(Stream.cpp.o)
                0x0000000000004c50                Stream::readString()
 .text._ZN6String10invalidateEv
                0x0000000000004c78       0x18 .pio\build\cubecell_board\libFrameworkArduino.a(WString.cpp.o)
                0x0000000000004c78                String::invalidate()
 .text._ZN6String12changeBufferEj
                0x0000000000004c90       0x3a .pio\build\cubecell_board\libFrameworkArduino.a(WString.cpp.o)
                0x0000000000004c90                String::changeBuffer(unsigned int)
 .text._ZN6String7reserveEj
                0x0000000000004cca       0x2a .pio\build\cubecell_board\libFrameworkArduino.a(WString.cpp.o)
                0x0000000000004cca                String::reserve(unsigned int)
 .text._ZN6String4copyEPKcj
                0x0000000000004cf4       0x28 .pio\build\cubecell_board\libFrameworkArduino.a(WString.cpp.o)
                0x0000000000004cf4                String::copy(char const*, unsigned int)
 .text._ZN6StringC2EPKc
                0x0000000000004d1c       0x26 .pio\build\cubecell_board\libFrameworkArduino.a(WString.cpp.o)
                0x0000000000004d1c                String::String(char const*)
                0x0000000000004d1c                String::String(char const*)
 .text._ZN6String6concatEPKcj
                0x0000000000004d42       0x32 .pio\build\cubecell_board\libFrameworkArduino.a(WString.cpp.o)
                0x0000000000004d42                String::concat(char const*, unsigned int)
 .text._ZN6String6concatEc
                0x0000000000004d74       0x16 .pio\build\cubecell_board\libFrameworkArduino.a(WString.cpp.o)
                0x0000000000004d74                String::concat(char)
 *fill*         0x0000000000004d8a        0x2 
 .text.global_irq_SetPriority
                0x0000000000004d8c       0x20 .pio\build\cubecell_board\libFrameworkArduino.a(irq.c.o)
                0x0000000000004d8c                global_irq_SetPriority
 .text.global_irq_StartEx
                0x0000000000004dac       0x24 .pio\build\cubecell_board\libFrameworkArduino.a(irq.c.o)
                0x0000000000004dac                global_irq_StartEx
 .text.global_irq_Disable
                0x0000000000004dd0        0xc .pio\build\cubecell_board\libFrameworkArduino.a(irq.c.o)
                0x0000000000004dd0                global_irq_Disable
 .text.RadioCheckRfFrequency
                0x0000000000004ddc        0x4 .pio\build\cubecell_board\libFrameworkArduino.a(radio.c.o)
                0x0000000000004ddc                RadioCheckRfFrequency
 .text.RadioOnDioIrq
                0x0000000000004de0        0xc .pio\build\cubecell_board\libFrameworkArduino.a(radio.c.o)
                0x0000000000004de0                RadioOnDioIrq
 .text.RadioStandby
                0x0000000000004dec        0xa .pio\build\cubecell_board\libFrameworkArduino.a(radio.c.o)
                0x0000000000004dec                RadioStandby
 *fill*         0x0000000000004df6        0x2 
 .text.RadioInit
                0x0000000000004df8       0x6c .pio\build\cubecell_board\libFrameworkArduino.a(radio.c.o)
                0x0000000000004df8                RadioInit
 .text.RadioGetStatus
                0x0000000000004e64       0x1a .pio\build\cubecell_board\libFrameworkArduino.a(radio.c.o)
                0x0000000000004e64                RadioGetStatus
 .text.RadioSetChannel
                0x0000000000004e7e        0x8 .pio\build\cubecell_board\libFrameworkArduino.a(radio.c.o)
                0x0000000000004e7e                RadioSetChannel
 .text.RadioRssi
                0x0000000000004e86        0xa .pio\build\cubecell_board\libFrameworkArduino.a(radio.c.o)
                0x0000000000004e86                RadioRssi
 .text.RadioSyncWord
                0x0000000000004e90       0x10 .pio\build\cubecell_board\libFrameworkArduino.a(radio.c.o)
                0x0000000000004e90                RadioSyncWord
 .text.RadioSend
                0x0000000000004ea0       0x58 .pio\build\cubecell_board\libFrameworkArduino.a(radio.c.o)
                0x0000000000004ea0                RadioSend
 .text.RadioSleep
                0x0000000000004ef8       0x10 .pio\build\cubecell_board\libFrameworkArduino.a(radio.c.o)
                0x0000000000004ef8                RadioSleep
 .text.RadioSetRxDutyCycle
                0x0000000000004f08        0x8 .pio\build\cubecell_board\libFrameworkArduino.a(radio.c.o)
                0x0000000000004f08                RadioSetRxDutyCycle
 .text.RadioStartCad
                0x0000000000004f10       0x64 .pio\build\cubecell_board\libFrameworkArduino.a(radio.c.o)
                0x0000000000004f10                RadioStartCad
 .text.RadioSetTxContinuousWave
                0x0000000000004f74       0x44 .pio\build\cubecell_board\libFrameworkArduino.a(radio.c.o)
                0x0000000000004f74                RadioSetTxContinuousWave
 .text.RadioWrite
                0x0000000000004fb8        0x8 .pio\build\cubecell_board\libFrameworkArduino.a(radio.c.o)
                0x0000000000004fb8                RadioWrite
 .text.RadioRead
                0x0000000000004fc0        0x8 .pio\build\cubecell_board\libFrameworkArduino.a(radio.c.o)
                0x0000000000004fc0                RadioRead
 .text.RadioWriteBuffer
                0x0000000000004fc8        0x8 .pio\build\cubecell_board\libFrameworkArduino.a(radio.c.o)
                0x0000000000004fc8                RadioWriteBuffer
 .text.RadioReadBuffer
                0x0000000000004fd0        0x8 .pio\build\cubecell_board\libFrameworkArduino.a(radio.c.o)
                0x0000000000004fd0                RadioReadBuffer
 .text.RadioGetWakeupTime
                0x0000000000004fd8        0xa .pio\build\cubecell_board\libFrameworkArduino.a(radio.c.o)
                0x0000000000004fd8                RadioGetWakeupTime
 *fill*         0x0000000000004fe2        0x2 
 .text.RadioOnTxTimeoutIrq
                0x0000000000004fe4       0x20 .pio\build\cubecell_board\libFrameworkArduino.a(radio.c.o)
                0x0000000000004fe4                RadioOnTxTimeoutIrq
 .text.RadioOnRxTimeoutIrq
                0x0000000000005004       0x20 .pio\build\cubecell_board\libFrameworkArduino.a(radio.c.o)
                0x0000000000005004                RadioOnRxTimeoutIrq
 .text.RadioOnCadTimeoutIrq
                0x0000000000005024       0x20 .pio\build\cubecell_board\libFrameworkArduino.a(radio.c.o)
                0x0000000000005024                RadioOnCadTimeoutIrq
 .text.RadioGetFskBandwidthRegValue
                0x0000000000005044       0x34 .pio\build\cubecell_board\libFrameworkArduino.a(radio.c.o)
 .text.RadioSetMaxPayloadLength
                0x0000000000005078       0x38 .pio\build\cubecell_board\libFrameworkArduino.a(radio.c.o)
                0x0000000000005078                RadioSetMaxPayloadLength
 .text.RadioRx  0x00000000000050b0       0x54 .pio\build\cubecell_board\libFrameworkArduino.a(radio.c.o)
                0x00000000000050b0                RadioRx
 .text.RadioRxBoosted
                0x0000000000005104       0x48 .pio\build\cubecell_board\libFrameworkArduino.a(radio.c.o)
                0x0000000000005104                RadioRxBoosted
 .text.RadioIrqProcess
                0x000000000000514c      0x13c .pio\build\cubecell_board\libFrameworkArduino.a(radio.c.o)
                0x000000000000514c                RadioIrqProcess
 .text.RadioSetPublicNetwork
                0x0000000000005288       0x40 .pio\build\cubecell_board\libFrameworkArduino.a(radio.c.o)
                0x0000000000005288                RadioSetPublicNetwork
 .text.RadioSetModem.part.0
                0x00000000000052c8       0x20 .pio\build\cubecell_board\libFrameworkArduino.a(radio.c.o)
 .text.RadioSetModem
                0x00000000000052e8       0x20 .pio\build\cubecell_board\libFrameworkArduino.a(radio.c.o)
                0x00000000000052e8                RadioSetModem
 .text.RadioIsChannelFree
                0x0000000000005308       0x50 .pio\build\cubecell_board\libFrameworkArduino.a(radio.c.o)
                0x0000000000005308                RadioIsChannelFree
 .text.RadioRandom
                0x0000000000005358       0x38 .pio\build\cubecell_board\libFrameworkArduino.a(radio.c.o)
                0x0000000000005358                RadioRandom
 .text.RadioSymbTime
                0x0000000000005390       0x2c .pio\build\cubecell_board\libFrameworkArduino.a(radio.c.o)
                0x0000000000005390                RadioSymbTime
 .text.RadioSetRxConfig
                0x00000000000053bc      0x21c .pio\build\cubecell_board\libFrameworkArduino.a(radio.c.o)
                0x00000000000053bc                RadioSetRxConfig
 .text.RadioSetTxConfig
                0x00000000000055d8      0x1a0 .pio\build\cubecell_board\libFrameworkArduino.a(radio.c.o)
                0x00000000000055d8                RadioSetTxConfig
 .text.RadioTimeOnAir
                0x0000000000005778      0x198 .pio\build\cubecell_board\libFrameworkArduino.a(radio.c.o)
                0x0000000000005778                RadioTimeOnAir
 .text.SX126xGetOperatingMode
                0x0000000000005910        0xc .pio\build\cubecell_board\libFrameworkArduino.a(sx126x.c.o)
                0x0000000000005910                SX126xGetOperatingMode
 .text.SX126xSetOperatingMode
                0x000000000000591c        0xc .pio\build\cubecell_board\libFrameworkArduino.a(sx126x.c.o)
                0x000000000000591c                SX126xSetOperatingMode
 .text.SX126xCheckDeviceReady
                0x0000000000005928       0x24 .pio\build\cubecell_board\libFrameworkArduino.a(sx126x.c.o)
                0x0000000000005928                SX126xCheckDeviceReady
 .text.SX126xSetPayload
                0x000000000000594c        0xe .pio\build\cubecell_board\libFrameworkArduino.a(sx126x.c.o)
                0x000000000000594c                SX126xSetPayload
 *fill*         0x000000000000595a        0x2 
 .text.SX126xSetSyncWord
                0x000000000000595c       0x3c .pio\build\cubecell_board\libFrameworkArduino.a(sx126x.c.o)
                0x000000000000595c                SX126xSetSyncWord
 .text.SX126xSetCrcSeed
                0x0000000000005998       0x24 .pio\build\cubecell_board\libFrameworkArduino.a(sx126x.c.o)
                0x0000000000005998                SX126xSetCrcSeed
 .text.SX126xSetCrcPolynomial
                0x00000000000059bc       0x24 .pio\build\cubecell_board\libFrameworkArduino.a(sx126x.c.o)
                0x00000000000059bc                SX126xSetCrcPolynomial
 .text.SX126xSetWhiteningSeed
                0x00000000000059e0       0x3c .pio\build\cubecell_board\libFrameworkArduino.a(sx126x.c.o)
                0x00000000000059e0                SX126xSetWhiteningSeed
 .text.SX126xSetSleep
                0x0000000000005a1c       0x20 .pio\build\cubecell_board\libFrameworkArduino.a(sx126x.c.o)
                0x0000000000005a1c                SX126xSetSleep
 .text.SX126xSetStandby
                0x0000000000005a3c       0x28 .pio\build\cubecell_board\libFrameworkArduino.a(sx126x.c.o)
                0x0000000000005a3c                SX126xSetStandby
 .text.SX126xSetTx
                0x0000000000005a64       0x24 .pio\build\cubecell_board\libFrameworkArduino.a(sx126x.c.o)
                0x0000000000005a64                SX126xSetTx
 .text.SX126xSendPayload
                0x0000000000005a88       0x10 .pio\build\cubecell_board\libFrameworkArduino.a(sx126x.c.o)
                0x0000000000005a88                SX126xSendPayload
 .text.SX126xSetRx
                0x0000000000005a98       0x24 .pio\build\cubecell_board\libFrameworkArduino.a(sx126x.c.o)
                0x0000000000005a98                SX126xSetRx
 .text.SX126xSetRxBoosted
                0x0000000000005abc       0x30 .pio\build\cubecell_board\libFrameworkArduino.a(sx126x.c.o)
                0x0000000000005abc                SX126xSetRxBoosted
 .text.SX126xSetRxDutyCycle
                0x0000000000005aec       0x2c .pio\build\cubecell_board\libFrameworkArduino.a(sx126x.c.o)
                0x0000000000005aec                SX126xSetRxDutyCycle
 .text.SX126xSetCad
                0x0000000000005b18       0x18 .pio\build\cubecell_board\libFrameworkArduino.a(sx126x.c.o)
                0x0000000000005b18                SX126xSetCad
 .text.SX126xSetTxContinuousWave
                0x0000000000005b30        0xe .pio\build\cubecell_board\libFrameworkArduino.a(sx126x.c.o)
                0x0000000000005b30                SX126xSetTxContinuousWave
 .text.SX126xSetStopRxTimerOnPreambleDetect
                0x0000000000005b3e       0x12 .pio\build\cubecell_board\libFrameworkArduino.a(sx126x.c.o)
                0x0000000000005b3e                SX126xSetStopRxTimerOnPreambleDetect
 .text.SX126xSetLoRaSymbNumTimeout
                0x0000000000005b50       0x12 .pio\build\cubecell_board\libFrameworkArduino.a(sx126x.c.o)
                0x0000000000005b50                SX126xSetLoRaSymbNumTimeout
 .text.SX126xSetRegulatorMode
                0x0000000000005b62       0x12 .pio\build\cubecell_board\libFrameworkArduino.a(sx126x.c.o)
                0x0000000000005b62                SX126xSetRegulatorMode
 .text.SX126xCalibrate
                0x0000000000005b74       0x10 .pio\build\cubecell_board\libFrameworkArduino.a(sx126x.c.o)
                0x0000000000005b74                SX126xCalibrate
 .text.SX126xCalibrateImage
                0x0000000000005b84       0x68 .pio\build\cubecell_board\libFrameworkArduino.a(sx126x.c.o)
                0x0000000000005b84                SX126xCalibrateImage
 .text.SX126xSetPaConfig
                0x0000000000005bec       0x18 .pio\build\cubecell_board\libFrameworkArduino.a(sx126x.c.o)
                0x0000000000005bec                SX126xSetPaConfig
 .text.SX126xSetDioIrqParams
                0x0000000000005c04       0x20 .pio\build\cubecell_board\libFrameworkArduino.a(sx126x.c.o)
                0x0000000000005c04                SX126xSetDioIrqParams
 .text.SX126xGetIrqStatus
                0x0000000000005c24       0x1a .pio\build\cubecell_board\libFrameworkArduino.a(sx126x.c.o)
                0x0000000000005c24                SX126xGetIrqStatus
 .text.SX126xSetDio2AsRfSwitchCtrl
                0x0000000000005c3e       0x12 .pio\build\cubecell_board\libFrameworkArduino.a(sx126x.c.o)
                0x0000000000005c3e                SX126xSetDio2AsRfSwitchCtrl
 .text.SX126xSetDio3AsTcxoCtrl
                0x0000000000005c50       0x1e .pio\build\cubecell_board\libFrameworkArduino.a(sx126x.c.o)
                0x0000000000005c50                SX126xSetDio3AsTcxoCtrl
 *fill*         0x0000000000005c6e        0x2 
 .text.SX126xInit
                0x0000000000005c70       0x4c .pio\build\cubecell_board\libFrameworkArduino.a(sx126x.c.o)
                0x0000000000005c70                SX126xInit
 .text.SX126xSetRfFrequency
                0x0000000000005cbc       0x40 .pio\build\cubecell_board\libFrameworkArduino.a(sx126x.c.o)
                0x0000000000005cbc                SX126xSetRfFrequency
 .text.SX126xSetPacketType
                0x0000000000005cfc       0x1c .pio\build\cubecell_board\libFrameworkArduino.a(sx126x.c.o)
                0x0000000000005cfc                SX126xSetPacketType
 .text.SX126xGetPacketType
                0x0000000000005d18        0xc .pio\build\cubecell_board\libFrameworkArduino.a(sx126x.c.o)
                0x0000000000005d18                SX126xGetPacketType
 .text.SX126xSetTxParams
                0x0000000000005d24       0xb4 .pio\build\cubecell_board\libFrameworkArduino.a(sx126x.c.o)
                0x0000000000005d24                SX126xSetTxParams
 .text.SX126xSetModulationParams
                0x0000000000005dd8       0xa0 .pio\build\cubecell_board\libFrameworkArduino.a(sx126x.c.o)
                0x0000000000005dd8                SX126xSetModulationParams
 .text.SX126xSetPacketParams
                0x0000000000005e78       0xa8 .pio\build\cubecell_board\libFrameworkArduino.a(sx126x.c.o)
                0x0000000000005e78                SX126xSetPacketParams
 .text.SX126xSetCadParams
                0x0000000000005f20       0x30 .pio\build\cubecell_board\libFrameworkArduino.a(sx126x.c.o)
                0x0000000000005f20                SX126xSetCadParams
 .text.SX126xSetBufferBaseAddress
                0x0000000000005f50       0x14 .pio\build\cubecell_board\libFrameworkArduino.a(sx126x.c.o)
                0x0000000000005f50                SX126xSetBufferBaseAddress
 .text.SX126xGetRssiInst
                0x0000000000005f64       0x16 .pio\build\cubecell_board\libFrameworkArduino.a(sx126x.c.o)
                0x0000000000005f64                SX126xGetRssiInst
 *fill*         0x0000000000005f7a        0x2 
 .text.SX126xGetRxBufferStatus
                0x0000000000005f7c       0x4c .pio\build\cubecell_board\libFrameworkArduino.a(sx126x.c.o)
                0x0000000000005f7c                SX126xGetRxBufferStatus
 .text.SX126xGetPayload
                0x0000000000005fc8       0x2c .pio\build\cubecell_board\libFrameworkArduino.a(sx126x.c.o)
                0x0000000000005fc8                SX126xGetPayload
 .text.SX126xGetPacketStatus
                0x0000000000005ff4       0x78 .pio\build\cubecell_board\libFrameworkArduino.a(sx126x.c.o)
                0x0000000000005ff4                SX126xGetPacketStatus
 .text.SX126xClearIrqStatus
                0x000000000000606c       0x12 .pio\build\cubecell_board\libFrameworkArduino.a(sx126x.c.o)
                0x000000000000606c                SX126xClearIrqStatus
 *fill*         0x000000000000607e        0x2 
 .text.DelayMs  0x0000000000006080       0x10 .pio\build\cubecell_board\libFrameworkArduino.a(delay.c.o)
                0x0000000000006080                DelayMs
 .text.lowPowerHandler
                0x0000000000006090       0x6c .pio\build\cubecell_board\libFrameworkArduino.a(low_power.c.o)
                0x0000000000006090                lowPowerHandler
 .text.rand1    0x00000000000060fc       0x2c .pio\build\cubecell_board\libFrameworkArduino.a(utilities.c.o)
                0x00000000000060fc                rand1
 .text.startup.main
                0x0000000000006128       0x10 .pio\build\cubecell_board\libFrameworkArduino.a(main.cpp.o)
                0x0000000000006128                main
 .text          0x0000000000006138       0x28 .pio\build\cubecell_board\libFrameworkArduino.a(port_s.S.o)
                0x0000000000006138                cpu_intrpt_save
                0x0000000000006140                cpu_intrpt_restore
                0x0000000000006146                cpu_task_switch
                0x000000000000614e                cpu_intrpt_switch
 .text.printchar
                0x0000000000006160       0x26 .pio\build\cubecell_board\libFrameworkArduino.a(printf.c.o)
 .text.prints   0x0000000000006186       0x8e .pio\build\cubecell_board\libFrameworkArduino.a(printf.c.o)
 .text.printi   0x0000000000006214       0xfc .pio\build\cubecell_board\libFrameworkArduino.a(printf.c.o)
 .text.tiny_print
                0x0000000000006310      0x1d8 .pio\build\cubecell_board\libFrameworkArduino.a(printf.c.o)
 .text.__wrap_sprintf
                0x00000000000064e8       0x1c .pio\build\cubecell_board\libFrameworkArduino.a(printf.c.o)
                0x00000000000064e8                __wrap_sprintf
 .text.uart_pre_deepsleep
                0x0000000000006504       0x78 .pio\build\cubecell_board\libFrameworkArduino.a(uart_port.c.o)
                0x0000000000006504                uart_pre_deepsleep
 .text.IntDefaultHandler
                0x000000000000657c       0x10 .pio\build\cubecell_board\libFrameworkArduino.a(Cm0plusStart.c.o)
                0x000000000000657c                IntDefaultHandler
 .text._exit    0x000000000000658c        0xa .pio\build\cubecell_board\libFrameworkArduino.a(Cm0plusStart.c.o)
                0x000000000000658c                _exit
 *fill*         0x0000000000006596        0x2 
 .text._sbrk    0x0000000000006598       0x30 .pio\build\cubecell_board\libFrameworkArduino.a(Cm0plusStart.c.o)
                0x0000000000006598                _sbrk
 .text.Start_c  0x00000000000065c8       0x48 .pio\build\cubecell_board\libFrameworkArduino.a(Cm0plusStart.c.o)
                0x00000000000065c8                Start_c
 .text.startup.initialize_psoc
                0x0000000000006610       0x48 .pio\build\cubecell_board\libFrameworkArduino.a(Cm0plusStart.c.o)
                0x0000000000006610                initialize_psoc
 .text          0x0000000000006658       0x20 .pio\build\cubecell_board\libFrameworkArduino.a(CyBootAsmGnu.S.o)
                0x0000000000006658                CyDelayCycles
                0x000000000000666a                CyEnterCriticalSection
                0x0000000000006672                CyExitCriticalSection
 .text.CySysFlashSetWaitCycles
                0x0000000000006678       0x54 .pio\build\cubecell_board\libFrameworkArduino.a(CyFlash.c.o)
                0x0000000000006678                CySysFlashSetWaitCycles
 .text.CySysClkWcoSetHighPowerMode
                0x00000000000066cc       0x38 .pio\build\cubecell_board\libFrameworkArduino.a(CyLFClk.c.o)
 .text.CySysClkWcoStart
                0x0000000000006704       0x18 .pio\build\cubecell_board\libFrameworkArduino.a(CyLFClk.c.o)
                0x0000000000006704                CySysClkWcoStart
 .text.CySysClkWcoEnabled
                0x000000000000671c        0xc .pio\build\cubecell_board\libFrameworkArduino.a(CyLFClk.c.o)
                0x000000000000671c                CySysClkWcoEnabled
 .text.CySysWdtDisable
                0x0000000000006728       0x10 .pio\build\cubecell_board\libFrameworkArduino.a(CyLFClk.c.o)
                0x0000000000006728                CySysWdtDisable
 .text.CySysClkSetTimerSource
                0x0000000000006738       0x60 .pio\build\cubecell_board\libFrameworkArduino.a(CyLFClk.c.o)
                0x0000000000006738                CySysClkSetTimerSource
 .text.CySysTimerGetEnabledStatus
                0x0000000000006798       0x24 .pio\build\cubecell_board\libFrameworkArduino.a(CyLFClk.c.o)
                0x0000000000006798                CySysTimerGetEnabledStatus
 .text.CySysTimerSetMode
                0x00000000000067bc       0x40 .pio\build\cubecell_board\libFrameworkArduino.a(CyLFClk.c.o)
                0x00000000000067bc                CySysTimerSetMode
 .text.CySysTimerSetClearOnMatch
                0x00000000000067fc       0x34 .pio\build\cubecell_board\libFrameworkArduino.a(CyLFClk.c.o)
                0x00000000000067fc                CySysTimerSetClearOnMatch
 .text.CySysTimerEnable
                0x0000000000006830       0x38 .pio\build\cubecell_board\libFrameworkArduino.a(CyLFClk.c.o)
                0x0000000000006830                CySysTimerEnable
 .text.CySysTimerDisable
                0x0000000000006868       0x38 .pio\build\cubecell_board\libFrameworkArduino.a(CyLFClk.c.o)
                0x0000000000006868                CySysTimerDisable
 .text.CySysTimerSetCascade
                0x00000000000068a0       0x34 .pio\build\cubecell_board\libFrameworkArduino.a(CyLFClk.c.o)
                0x00000000000068a0                CySysTimerSetCascade
 .text.CySysTimerSetMatch
                0x00000000000068d4       0x50 .pio\build\cubecell_board\libFrameworkArduino.a(CyLFClk.c.o)
                0x00000000000068d4                CySysTimerSetMatch
 .text.CySysTimerSetToggleBit
                0x0000000000006924       0x2c .pio\build\cubecell_board\libFrameworkArduino.a(CyLFClk.c.o)
                0x0000000000006924                CySysTimerSetToggleBit
 .text.CySysTimerGetCount
                0x0000000000006950       0x38 .pio\build\cubecell_board\libFrameworkArduino.a(CyLFClk.c.o)
                0x0000000000006950                CySysTimerGetCount
 .text.CySysTimerClearInterrupt
                0x0000000000006988       0x2c .pio\build\cubecell_board\libFrameworkArduino.a(CyLFClk.c.o)
                0x0000000000006988                CySysTimerClearInterrupt
 .text.CySysTimerSetInterruptCallback
                0x00000000000069b4       0x24 .pio\build\cubecell_board\libFrameworkArduino.a(CyLFClk.c.o)
                0x00000000000069b4                CySysTimerSetInterruptCallback
 .text.CySysTimerEnableIsr
                0x00000000000069d8       0x34 .pio\build\cubecell_board\libFrameworkArduino.a(CyLFClk.c.o)
                0x00000000000069d8                CySysTimerEnableIsr
 .text.CySysTimerDisableIsr
                0x0000000000006a0c       0x28 .pio\build\cubecell_board\libFrameworkArduino.a(CyLFClk.c.o)
                0x0000000000006a0c                CySysTimerDisableIsr
 .text.CySysTimerIsr
                0x0000000000006a34       0xa0 .pio\build\cubecell_board\libFrameworkArduino.a(CyLFClk.c.o)
                0x0000000000006a34                CySysTimerIsr
 .text.CySysTimerResetCounters
                0x0000000000006ad4       0x1c .pio\build\cubecell_board\libFrameworkArduino.a(CyLFClk.c.o)
                0x0000000000006ad4                CySysTimerResetCounters
 .text.CySysClkImoDisableWcoLock
                0x0000000000006af0       0x14 .pio\build\cubecell_board\libFrameworkArduino.a(CyLib.c.o)
                0x0000000000006af0                CySysClkImoDisableWcoLock
 .text.CySysClkImoGetWcoLock
                0x0000000000006b04       0x10 .pio\build\cubecell_board\libFrameworkArduino.a(CyLib.c.o)
                0x0000000000006b04                CySysClkImoGetWcoLock
 .text.CySysClkWriteHfclkDirect
                0x0000000000006b14       0x74 .pio\build\cubecell_board\libFrameworkArduino.a(CyLib.c.o)
                0x0000000000006b14                CySysClkWriteHfclkDirect
 .text.CyIntSetVector
                0x0000000000006b88       0x18 .pio\build\cubecell_board\libFrameworkArduino.a(CyLib.c.o)
                0x0000000000006b88                CyIntSetVector
 .text.CyIntSetPriority
                0x0000000000006ba0       0x40 .pio\build\cubecell_board\libFrameworkArduino.a(CyLib.c.o)
                0x0000000000006ba0                CyIntSetPriority
 .text.CyIntEnable
                0x0000000000006be0       0x14 .pio\build\cubecell_board\libFrameworkArduino.a(CyLib.c.o)
                0x0000000000006be0                CyIntEnable
 .text.CyIntDisable
                0x0000000000006bf4       0x14 .pio\build\cubecell_board\libFrameworkArduino.a(CyLib.c.o)
                0x0000000000006bf4                CyIntDisable
 .text.CyIntClearPending
                0x0000000000006c08       0x14 .pio\build\cubecell_board\libFrameworkArduino.a(CyLib.c.o)
                0x0000000000006c08                CyIntClearPending
 .text.CyHalt   0x0000000000006c1c        0x4 .pio\build\cubecell_board\libFrameworkArduino.a(CyLib.c.o)
                0x0000000000006c1c                CyHalt
 .text.CyDelay  0x0000000000006c20       0x2c .pio\build\cubecell_board\libFrameworkArduino.a(CyLib.c.o)
                0x0000000000006c20                CyDelay
 .text.CySysClkImoEnableWcoLock
                0x0000000000006c4c       0xbc .pio\build\cubecell_board\libFrameworkArduino.a(CyLib.c.o)
                0x0000000000006c4c                CySysClkImoEnableWcoLock
 .text.CySysClkWriteImoFreq
                0x0000000000006d08       0xb8 .pio\build\cubecell_board\libFrameworkArduino.a(CyLib.c.o)
                0x0000000000006d08                CySysClkWriteImoFreq
 .text.CyDelayUs
                0x0000000000006dc0       0x14 .pio\build\cubecell_board\libFrameworkArduino.a(CyLib.c.o)
                0x0000000000006dc0                CyDelayUs
 .text.CySysTickInit
                0x0000000000006dd4       0x54 .pio\build\cubecell_board\libFrameworkArduino.a(CyLib.c.o)
                0x0000000000006dd4                CySysTickInit
 .text.CySysTickStop
                0x0000000000006e28       0x10 .pio\build\cubecell_board\libFrameworkArduino.a(CyLib.c.o)
                0x0000000000006e28                CySysTickStop
 .text.CySysTickEnableInterrupt
                0x0000000000006e38       0x10 .pio\build\cubecell_board\libFrameworkArduino.a(CyLib.c.o)
                0x0000000000006e38                CySysTickEnableInterrupt
 .text.CySysTickEnable
                0x0000000000006e48       0x18 .pio\build\cubecell_board\libFrameworkArduino.a(CyLib.c.o)
                0x0000000000006e48                CySysTickEnable
 .text.CySysTickStart
                0x0000000000006e60       0x1c .pio\build\cubecell_board\libFrameworkArduino.a(CyLib.c.o)
                0x0000000000006e60                CySysTickStart
 .text.CySysTickDisableInterrupt
                0x0000000000006e7c       0x10 .pio\build\cubecell_board\libFrameworkArduino.a(CyLib.c.o)
                0x0000000000006e7c                CySysTickDisableInterrupt
 .text.CySysTickGetCountFlag
                0x0000000000006e8c       0x10 .pio\build\cubecell_board\libFrameworkArduino.a(CyLib.c.o)
                0x0000000000006e8c                CySysTickGetCountFlag
 .text.CySysTickServiceCallbacks
                0x0000000000006e9c       0x24 .pio\build\cubecell_board\libFrameworkArduino.a(CyLib.c.o)
 .text.CySysTickSetCallback
                0x0000000000006ec0       0x10 .pio\build\cubecell_board\libFrameworkArduino.a(CyLib.c.o)
                0x0000000000006ec0                CySysTickSetCallback
 .text.CyGetUniqueId
                0x0000000000006ed0       0x70 .pio\build\cubecell_board\libFrameworkArduino.a(CyLib.c.o)
                0x0000000000006ed0                CyGetUniqueId
 .text.SPI_1_Enable
                0x0000000000006f40       0x18 .pio\build\cubecell_board\libFrameworkArduino.a(SPI_1.c.o)
                0x0000000000006f40                SPI_1_Enable
 .text.SPI_1_Start
                0x0000000000006f58       0x1c .pio\build\cubecell_board\libFrameworkArduino.a(SPI_1.c.o)
                0x0000000000006f58                SPI_1_Start
 .text.SPI_1_Stop
                0x0000000000006f74       0x20 .pio\build\cubecell_board\libFrameworkArduino.a(SPI_1.c.o)
                0x0000000000006f74                SPI_1_Stop
 .text.SPI_1_Sleep
                0x0000000000006f94       0x20 .pio\build\cubecell_board\libFrameworkArduino.a(SPI_1_PM.c.o)
                0x0000000000006f94                SPI_1_Sleep
 .text.SPI_1_Wakeup
                0x0000000000006fb4       0x14 .pio\build\cubecell_board\libFrameworkArduino.a(SPI_1_PM.c.o)
                0x0000000000006fb4                SPI_1_Wakeup
 .text.SPI_1_SpiPostEnable
                0x0000000000006fc8       0x14 .pio\build\cubecell_board\libFrameworkArduino.a(SPI_1_SPI.c.o)
                0x0000000000006fc8                SPI_1_SpiPostEnable
 .text.SPI_1_SpiStop
                0x0000000000006fdc       0x18 .pio\build\cubecell_board\libFrameworkArduino.a(SPI_1_SPI.c.o)
                0x0000000000006fdc                SPI_1_SpiStop
 .text.SPI_1_SpiSetActiveSlaveSelect
                0x0000000000006ff4       0x20 .pio\build\cubecell_board\libFrameworkArduino.a(SPI_1_SPI.c.o)
                0x0000000000006ff4                SPI_1_SpiSetActiveSlaveSelect
 .text.SPI_1_SpiInit
                0x0000000000007014       0x88 .pio\build\cubecell_board\libFrameworkArduino.a(SPI_1_SPI.c.o)
                0x0000000000007014                SPI_1_SpiInit
 .text.SPI_1_SpiUartReadRxData
                0x000000000000709c        0xc .pio\build\cubecell_board\libFrameworkArduino.a(SPI_1_SPI_UART.c.o)
                0x000000000000709c                SPI_1_SpiUartReadRxData
 .text.SPI_1_SpiUartGetRxBufferSize
                0x00000000000070a8       0x10 .pio\build\cubecell_board\libFrameworkArduino.a(SPI_1_SPI_UART.c.o)
                0x00000000000070a8                SPI_1_SpiUartGetRxBufferSize
 .text.SPI_1_SpiUartWriteTxData
                0x00000000000070b8       0x1c .pio\build\cubecell_board\libFrameworkArduino.a(SPI_1_SPI_UART.c.o)
                0x00000000000070b8                SPI_1_SpiUartWriteTxData
 .text.SPI_1_SpiUartGetTxBufferSize
                0x00000000000070d4       0x10 .pio\build\cubecell_board\libFrameworkArduino.a(SPI_1_SPI_UART.c.o)
                0x00000000000070d4                SPI_1_SpiUartGetTxBufferSize
 .text.UART_1_Sleep
                0x00000000000070e4        0x8 .pio\build\cubecell_board\libFrameworkArduino.a(UART_1_PM.c.o)
                0x00000000000070e4                UART_1_Sleep
 .text.UART_1_Wakeup
                0x00000000000070ec        0x8 .pio\build\cubecell_board\libFrameworkArduino.a(UART_1_PM.c.o)
                0x00000000000070ec                UART_1_Wakeup
 .text.UART_1_SpiUartReadRxData
                0x00000000000070f4        0xc .pio\build\cubecell_board\libFrameworkArduino.a(UART_1_SPI_UART.c.o)
                0x00000000000070f4                UART_1_SpiUartReadRxData
 .text.UART_1_SpiUartGetRxBufferSize
                0x0000000000007100       0x10 .pio\build\cubecell_board\libFrameworkArduino.a(UART_1_SPI_UART.c.o)
                0x0000000000007100                UART_1_SpiUartGetRxBufferSize
 .text.UART_1_SpiUartClearRxBuffer
                0x0000000000007110       0x20 .pio\build\cubecell_board\libFrameworkArduino.a(UART_1_SPI_UART.c.o)
                0x0000000000007110                UART_1_SpiUartClearRxBuffer
 .text.UART_1_SpiUartWriteTxData
                0x0000000000007130       0x1c .pio\build\cubecell_board\libFrameworkArduino.a(UART_1_SPI_UART.c.o)
                0x0000000000007130                UART_1_SpiUartWriteTxData
 .text.UART_1_SpiUartGetTxBufferSize
                0x000000000000714c       0x10 .pio\build\cubecell_board\libFrameworkArduino.a(UART_1_SPI_UART.c.o)
                0x000000000000714c                UART_1_SpiUartGetTxBufferSize
 .text.UART_1_SpiUartClearTxBuffer
                0x000000000000715c       0x20 .pio\build\cubecell_board\libFrameworkArduino.a(UART_1_SPI_UART.c.o)
                0x000000000000715c                UART_1_SpiUartClearTxBuffer
 .text.UART_1_UART_WAKEUP_ISR
                0x000000000000717c        0x8 .pio\build\cubecell_board\libFrameworkArduino.a(UART_1_UART.c.o)
                0x000000000000717c                UART_1_UART_WAKEUP_ISR
 .text.UART_1_UartInit
                0x0000000000007184       0xdc .pio\build\cubecell_board\libFrameworkArduino.a(UART_1_UART.c.o)
                0x0000000000007184                UART_1_UartInit
 .text.UART_1_UartPostEnable
                0x0000000000007260       0x28 .pio\build\cubecell_board\libFrameworkArduino.a(UART_1_UART.c.o)
                0x0000000000007260                UART_1_UartPostEnable
 .text.UART_1_UartGetByte
                0x0000000000007288       0x34 .pio\build\cubecell_board\libFrameworkArduino.a(UART_1_UART.c.o)
                0x0000000000007288                UART_1_UartGetByte
 .text.UART_1_UartSaveConfig
                0x00000000000072bc       0x3c .pio\build\cubecell_board\libFrameworkArduino.a(UART_1_UART.c.o)
                0x00000000000072bc                UART_1_UartSaveConfig
 .text.UART_1_UartRestoreConfig
                0x00000000000072f8        0xa .pio\build\cubecell_board\libFrameworkArduino.a(UART_1_UART.c.o)
                0x00000000000072f8                UART_1_UartRestoreConfig
 *fill*         0x0000000000007302        0x2 
 .text.UART_1_rx_wake_ClearInterrupt
                0x0000000000007304       0x10 .pio\build\cubecell_board\libFrameworkArduino.a(UART_1_rx_wake.c.o)
                0x0000000000007304                UART_1_rx_wake_ClearInterrupt
 .text.UART_1_tx_SetDriveMode
                0x0000000000007314       0x14 .pio\build\cubecell_board\libFrameworkArduino.a(UART_1_tx.c.o)
                0x0000000000007314                UART_1_tx_SetDriveMode
 .text.UART_2_SpiUartReadRxData
                0x0000000000007328        0xc .pio\build\cubecell_board\libFrameworkArduino.a(UART_2_SPI_UART.c.o)
                0x0000000000007328                UART_2_SpiUartReadRxData
 .text.UART_2_SpiUartGetRxBufferSize
                0x0000000000007334       0x10 .pio\build\cubecell_board\libFrameworkArduino.a(UART_2_SPI_UART.c.o)
                0x0000000000007334                UART_2_SpiUartGetRxBufferSize
 .text.UART_2_SpiUartClearRxBuffer
                0x0000000000007344       0x20 .pio\build\cubecell_board\libFrameworkArduino.a(UART_2_SPI_UART.c.o)
                0x0000000000007344                UART_2_SpiUartClearRxBuffer
 .text.UART_2_SpiUartWriteTxData
                0x0000000000007364       0x1c .pio\build\cubecell_board\libFrameworkArduino.a(UART_2_SPI_UART.c.o)
                0x0000000000007364                UART_2_SpiUartWriteTxData
 .text.UART_2_SpiUartGetTxBufferSize
                0x0000000000007380       0x10 .pio\build\cubecell_board\libFrameworkArduino.a(UART_2_SPI_UART.c.o)
                0x0000000000007380                UART_2_SpiUartGetTxBufferSize
 .text.UART_2_SpiUartClearTxBuffer
                0x0000000000007390       0x20 .pio\build\cubecell_board\libFrameworkArduino.a(UART_2_SPI_UART.c.o)
                0x0000000000007390                UART_2_SpiUartClearTxBuffer
 .text.UART_2_UartInit
                0x00000000000073b0       0xc0 .pio\build\cubecell_board\libFrameworkArduino.a(UART_2_UART.c.o)
                0x00000000000073b0                UART_2_UartInit
 .text.UART_2_UartPostEnable
                0x0000000000007470       0x14 .pio\build\cubecell_board\libFrameworkArduino.a(UART_2_UART.c.o)
                0x0000000000007470                UART_2_UartPostEnable
 .text.UART_2_UartGetByte
                0x0000000000007484       0x34 .pio\build\cubecell_board\libFrameworkArduino.a(UART_2_UART.c.o)
                0x0000000000007484                UART_2_UartGetByte
 .text.CySysPmSleep
                0x00000000000074b8       0x1c .pio\build\cubecell_board\libFrameworkArduino.a(cyPm.c.o)
                0x00000000000074b8                CySysPmSleep
 .text.CySysPmDeepSleep
                0x00000000000074d4       0x60 .pio\build\cubecell_board\libFrameworkArduino.a(cyPm.c.o)
                0x00000000000074d4                CySysPmDeepSleep
 .text.GpioMcuSetInterrupt
                0x0000000000007534        0xe .pio\build\cubecell_board\libFrameworkArduino.a(gpio-board.c.o)
                0x0000000000007534                GpioMcuSetInterrupt
 .text.GpioMcuWrite
                0x0000000000007542       0x14 .pio\build\cubecell_board\libFrameworkArduino.a(gpio-board.c.o)
                0x0000000000007542                GpioMcuWrite
 .text.GpioMcuInit
                0x0000000000007556       0x1e .pio\build\cubecell_board\libFrameworkArduino.a(gpio-board.c.o)
                0x0000000000007556                GpioMcuInit
 .text.GpioMcuRead
                0x0000000000007574       0x14 .pio\build\cubecell_board\libFrameworkArduino.a(gpio-board.c.o)
                0x0000000000007574                GpioMcuRead
 .text.UART_1_SPI_UART_ISR
                0x0000000000007588       0x14 .pio\build\cubecell_board\libFrameworkArduino.a(UART_1_SPI_UART_INT.c.o)
                0x0000000000007588                UART_1_SPI_UART_ISR
 .text.UART_2_SPI_UART_ISR
                0x000000000000759c       0x14 .pio\build\cubecell_board\libFrameworkArduino.a(UART_2_SPI_UART_INT.c.o)
                0x000000000000759c                UART_2_SPI_UART_ISR
 .text.__aeabi_atexit
                0x00000000000075b0        0xe c:/users/marcus/.platformio/packages/toolchain-gccarmnoneeabi/bin/../lib/gcc/arm-none-eabi/9.2.1/../../../../arm-none-eabi/lib/thumb/v6-m/nofp\libstdc++_nano.a(atexit_arm.o)
                0x00000000000075b0                __aeabi_atexit
 .text._ZdlPvj  0x00000000000075be        0x8 c:/users/marcus/.platformio/packages/toolchain-gccarmnoneeabi/bin/../lib/gcc/arm-none-eabi/9.2.1/../../../../arm-none-eabi/lib/thumb/v6-m/nofp\libstdc++_nano.a(del_ops.o)
                0x00000000000075be                operator delete(void*, unsigned int)
 .text._ZdaPv   0x00000000000075c6        0x8 c:/users/marcus/.platformio/packages/toolchain-gccarmnoneeabi/bin/../lib/gcc/arm-none-eabi/9.2.1/../../../../arm-none-eabi/lib/thumb/v6-m/nofp\libstdc++_nano.a(del_opv.o)
                0x00000000000075c6                operator delete[](void*)
 .text._Znaj    0x00000000000075ce        0x8 c:/users/marcus/.platformio/packages/toolchain-gccarmnoneeabi/bin/../lib/gcc/arm-none-eabi/9.2.1/../../../../arm-none-eabi/lib/thumb/v6-m/nofp\libstdc++_nano.a(new_opv.o)
                0x00000000000075ce                operator new[](unsigned int)
 .text._ZdlPv   0x00000000000075d6        0x8 c:/users/marcus/.platformio/packages/toolchain-gccarmnoneeabi/bin/../lib/gcc/arm-none-eabi/9.2.1/../../../../arm-none-eabi/lib/thumb/v6-m/nofp\libstdc++_nano.a(del_op.o)
                0x00000000000075d6                operator delete(void*)
 .text._Znwj    0x00000000000075de       0x24 c:/users/marcus/.platformio/packages/toolchain-gccarmnoneeabi/bin/../lib/gcc/arm-none-eabi/9.2.1/../../../../arm-none-eabi/lib/thumb/v6-m/nofp\libstdc++_nano.a(new_op.o)
                0x00000000000075de                operator new(unsigned int)
 *fill*         0x0000000000007602        0x2 
 .text._ZSt15get_new_handlerv
                0x0000000000007604        0xc c:/users/marcus/.platformio/packages/toolchain-gccarmnoneeabi/bin/../lib/gcc/arm-none-eabi/9.2.1/../../../../arm-none-eabi/lib/thumb/v6-m/nofp\libstdc++_nano.a(new_handler.o)
                0x0000000000007604                std::get_new_handler()
 .text.UART_2_Enable
                0x0000000000007610       0x20 C:\Users\Marcus\.platformio\packages\framework-arduinoasrmicro650x\cores\asr650x\projects\CubeCellLib.a(UART_2.o)
                0x0000000000007610                UART_2_Enable
 .text.UART_2_Start
                0x0000000000007630       0x64 C:\Users\Marcus\.platformio\packages\framework-arduinoasrmicro650x\cores\asr650x\projects\CubeCellLib.a(UART_2.o)
                0x0000000000007630                UART_2_Start
 .text.UART_1_Enable
                0x0000000000007694       0x20 C:\Users\Marcus\.platformio\packages\framework-arduinoasrmicro650x\cores\asr650x\projects\CubeCellLib.a(UART_1.o)
                0x0000000000007694                UART_1_Enable
 .text.UART_1_Start
                0x00000000000076b4       0x54 C:\Users\Marcus\.platformio\packages\framework-arduinoasrmicro650x\cores\asr650x\projects\CubeCellLib.a(UART_1.o)
                0x00000000000076b4                UART_1_Start
 .text._ZN17CubeCell_NeoPixelD2Ev
                0x0000000000007708       0x1e .pio\build\cubecell_board\lib443\libRGB.a(CubeCell_NeoPixel.cpp.o)
                0x0000000000007708                CubeCell_NeoPixel::~CubeCell_NeoPixel()
                0x0000000000007708                CubeCell_NeoPixel::~CubeCell_NeoPixel()
 .text._ZN17CubeCell_NeoPixel5beginEv
                0x0000000000007726       0x22 .pio\build\cubecell_board\lib443\libRGB.a(CubeCell_NeoPixel.cpp.o)
                0x0000000000007726                CubeCell_NeoPixel::begin()
 .text._ZN17CubeCell_NeoPixel12updateLengthEt
                0x0000000000007748       0x3c .pio\build\cubecell_board\lib443\libRGB.a(CubeCell_NeoPixel.cpp.o)
                0x0000000000007748                CubeCell_NeoPixel::updateLength(unsigned short)
 .text._ZN17CubeCell_NeoPixel10updateTypeEt
                0x0000000000007784       0x46 .pio\build\cubecell_board\lib443\libRGB.a(CubeCell_NeoPixel.cpp.o)
                0x0000000000007784                CubeCell_NeoPixel::updateType(unsigned short)
 .text._ZN17CubeCell_NeoPixel4showEv
                0x00000000000077ca       0x1c .pio\build\cubecell_board\lib443\libRGB.a(CubeCell_NeoPixel.cpp.o)
                0x00000000000077ca                CubeCell_NeoPixel::show()
 .text._ZN17CubeCell_NeoPixel6setPinEh
                0x00000000000077e6       0x36 .pio\build\cubecell_board\lib443\libRGB.a(CubeCell_NeoPixel.cpp.o)
                0x00000000000077e6                CubeCell_NeoPixel::setPin(unsigned char)
 .text._ZN17CubeCell_NeoPixelC2Etht
                0x000000000000781c       0x2e .pio\build\cubecell_board\lib443\libRGB.a(CubeCell_NeoPixel.cpp.o)
                0x000000000000781c                CubeCell_NeoPixel::CubeCell_NeoPixel(unsigned short, unsigned char, unsigned short)
                0x000000000000781c                CubeCell_NeoPixel::CubeCell_NeoPixel(unsigned short, unsigned char, unsigned short)
 .text._ZN17CubeCell_NeoPixel13setPixelColorEtm
                0x000000000000784a       0x6c .pio\build\cubecell_board\lib443\libRGB.a(CubeCell_NeoPixel.cpp.o)
                0x000000000000784a                CubeCell_NeoPixel::setPixelColor(unsigned short, unsigned long)
 .text._ZN17CubeCell_NeoPixel5clearEv
                0x00000000000078b6        0xe .pio\build\cubecell_board\lib443\libRGB.a(CubeCell_NeoPixel.cpp.o)
                0x00000000000078b6                CubeCell_NeoPixel::clear()
 .text.UART_1_SCB_IRQ_Stop
                0x00000000000078c4       0x1c .pio\build\cubecell_board\libFrameworkArduino.a(UART_1_SCB_IRQ.c.o)
                0x00000000000078c4                UART_1_SCB_IRQ_Stop
 .text.UART_2_SCB_IRQ_Stop
                0x00000000000078e0       0x1c .pio\build\cubecell_board\libFrameworkArduino.a(UART_2_SCB_IRQ.c.o)
                0x00000000000078e0                UART_2_SCB_IRQ_Stop
 .text.ASR_NeoPixelShow
                0x00000000000078fc       0x94 C:\Users\Marcus\.platformio\packages\framework-arduinoasrmicro650x\cores\asr650x\projects\CubeCellLib.a(asr_NeoPixel.o)
                0x00000000000078fc                ASR_NeoPixelShow
 .text.ceil     0x0000000000007990      0x118 c:/users/marcus/.platformio/packages/toolchain-gccarmnoneeabi/bin/../lib/gcc/arm-none-eabi/9.2.1/../../../../arm-none-eabi/lib/thumb/v6-m/nofp\libm.a(lib_a-s_ceil.o)
                0x0000000000007990                ceil
 .text.floor    0x0000000000007aa8      0x128 c:/users/marcus/.platformio/packages/toolchain-gccarmnoneeabi/bin/../lib/gcc/arm-none-eabi/9.2.1/../../../../arm-none-eabi/lib/thumb/v6-m/nofp\libm.a(lib_a-s_floor.o)
                0x0000000000007aa8                floor
 .text.rint     0x0000000000007bd0      0x120 c:/users/marcus/.platformio/packages/toolchain-gccarmnoneeabi/bin/../lib/gcc/arm-none-eabi/9.2.1/../../../../arm-none-eabi/lib/thumb/v6-m/nofp\libm.a(lib_a-s_rint.o)
                0x0000000000007bd0                rint
 .text          0x0000000000007cf0       0x14 c:/users/marcus/.platformio/packages/toolchain-gccarmnoneeabi/bin/../lib/gcc/arm-none-eabi/9.2.1/thumb/v6-m/nofp\libgcc.a(_thumb1_case_shi.o)
                0x0000000000007cf0                __gnu_thumb1_case_shi
 .text          0x0000000000007d04      0x114 c:/users/marcus/.platformio/packages/toolchain-gccarmnoneeabi/bin/../lib/gcc/arm-none-eabi/9.2.1/thumb/v6-m/nofp\libgcc.a(_udivsi3.o)